Archive member included to satisfy reference by file (symbol)

contiki-srf06-cc26xx.a(contiki-main.o)
                              obj_srf06-cc26xx/startup_gcc.o (main)
contiki-srf06-cc26xx.a(sensors.o)
                              contiki-srf06-cc26xx.a(contiki-main.o) (sensors_process)
contiki-srf06-cc26xx.a(leds.o)
                              contiki-srf06-cc26xx.a(contiki-main.o) (leds_init)
contiki-srf06-cc26xx.a(board.o)
                              contiki-srf06-cc26xx.a(contiki-main.o) (board_init)
contiki-srf06-cc26xx.a(launchpad-senso)
                              contiki-srf06-cc26xx.a(sensors.o) (sensors_flags)
contiki-srf06-cc26xx.a(leds-arch.o)
                              contiki-srf06-cc26xx.a(leds.o) (leds_arch_init)
contiki-srf06-cc26xx.a(button-sensor.o)
                              contiki-srf06-cc26xx.a(launchpad-senso) (button_right_sensor)
contiki-srf06-cc26xx.a(ext-flash.o)
                              contiki-srf06-cc26xx.a(board.o) (ext_flash_init)
contiki-srf06-cc26xx.a(board-spi.o)
                              contiki-srf06-cc26xx.a(ext-flash.o) (board_spi_write)
contiki-srf06-cc26xx.a(clock.o)
                              contiki-srf06-cc26xx.a(contiki-main.o) (clock_init)
contiki-srf06-cc26xx.a(soc-rtc.o)
                              contiki-srf06-cc26xx.a(contiki-main.o) (soc_rtc_init)
contiki-srf06-cc26xx.a(contiki-watchdo)
                              contiki-srf06-cc26xx.a(contiki-main.o) (watchdog_init)
contiki-srf06-cc26xx.a(putchar.o)
                              contiki-srf06-cc26xx.a(contiki-main.o) (putchar)
contiki-srf06-cc26xx.a(ieee-addr.o)
                              contiki-srf06-cc26xx.a(contiki-main.o) (ieee_addr_cpy_to)
contiki-srf06-cc26xx.a(batmon-sensor.o)
                              main_leaf.co (batmon_sensor)
contiki-srf06-cc26xx.a(adc-sensor.o)
                              main_leaf.co (adc_sensor)
contiki-srf06-cc26xx.a(cc26xx-uart.o)
                              contiki-srf06-cc26xx.a(contiki-main.o) (cc26xx_uart_init)
contiki-srf06-cc26xx.a(lpm.o)
                              contiki-srf06-cc26xx.a(button-sensor.o) (lpm_shutdown)
contiki-srf06-cc26xx.a(gpio-interrupt.)
                              contiki-srf06-cc26xx.a(button-sensor.o) (gpio_interrupt_register_handler)
contiki-srf06-cc26xx.a(oscillators.o)
                              contiki-srf06-cc26xx.a(contiki-main.o) (oscillators_select_lf_xosc)
contiki-srf06-cc26xx.a(ieee-mode.o)
                              contiki-srf06-cc26xx.a(contiki-main.o) (ieee_mode_driver)
contiki-srf06-cc26xx.a(random.o)
                              contiki-srf06-cc26xx.a(contiki-main.o) (random_init)
contiki-srf06-cc26xx.a(soc-trng.o)
                              contiki-srf06-cc26xx.a(random.o) (soc_trng_rand_synchronous)
contiki-srf06-cc26xx.a(dbg-printf.o)
                              main_leaf.co (printf)
contiki-srf06-cc26xx.a(dbg-sprintf.o)
                              main_leaf.co (sprintf)
contiki-srf06-cc26xx.a(strformat.o)
                              contiki-srf06-cc26xx.a(dbg-printf.o) (format_str_v)
contiki-srf06-cc26xx.a(ctimer.o)
                              contiki-srf06-cc26xx.a(contiki-main.o) (ctimer_init)
contiki-srf06-cc26xx.a(autostart.o)
                              contiki-srf06-cc26xx.a(contiki-main.o) (autostart_start)
contiki-srf06-cc26xx.a(energest.o)
                              contiki-srf06-cc26xx.a(contiki-main.o) (energest_init)
contiki-srf06-cc26xx.a(etimer.o)
                              contiki-srf06-cc26xx.a(clock.o) (etimer_request_poll)
contiki-srf06-cc26xx.a(process.o)
                              contiki-srf06-cc26xx.a(sensors.o) (process_alloc_event)
contiki-srf06-cc26xx.a(rtimer.o)
                              contiki-srf06-cc26xx.a(contiki-main.o) (rtimer_init)
contiki-srf06-cc26xx.a(timer.o)
                              contiki-srf06-cc26xx.a(button-sensor.o) (timer_set)
contiki-srf06-cc26xx.a(serial-line.o)
                              contiki-srf06-cc26xx.a(contiki-main.o) (serial_line_init)
contiki-srf06-cc26xx.a(list.o)
                              contiki-srf06-cc26xx.a(lpm.o) (list_init)
contiki-srf06-cc26xx.a(ringbuf.o)
                              contiki-srf06-cc26xx.a(serial-line.o) (ringbuf_init)
contiki-srf06-cc26xx.a(uip6.o)
                              contiki-srf06-cc26xx.a(contiki-main.o) (uip_lladdr)
contiki-srf06-cc26xx.a(uip-nd6.o)
                              contiki-srf06-cc26xx.a(uip6.o) (uip_nd6_init)
contiki-srf06-cc26xx.a(sicslowpan.o)
                              main_leaf.co (sicslowpan_get_last_rssi)
contiki-srf06-cc26xx.a(uip-debug.o)
                              main_leaf.co (uip_debug_ipaddr_print)
contiki-srf06-cc26xx.a(tcpip.o)
                              contiki-srf06-cc26xx.a(sicslowpan.o) (tcpip_set_outputfunc)
contiki-srf06-cc26xx.a(simple-udp.o)
                              main_leaf.co (simple_udp_sendto)
contiki-srf06-cc26xx.a(rpl-ext-header.)
[...]
Memory Configuration

Name             Origin             Length             Attributes
FLASH            0x0000000000000000 0x000000000001ffa8 xr
FLASH_CCFG       0x000000000001ffa8 0x0000000000000058 xr
SRAM             0x0000000020000000 0x0000000000005000 xrw
GPRAM            0x0000000011000000 0x0000000000002000 xrw
*default*        0x0000000000000000 0xffffffffffffffff

Linker script and memory map

LOAD obj_srf06-cc26xx/fault-handlers.o
LOAD obj_srf06-cc26xx/ccfg.o
LOAD obj_srf06-cc26xx/startup_gcc.o
LOAD main_leaf.co
LOAD contiki-srf06-cc26xx.a
LOAD /usr/lib/gcc/arm-none-eabi/4.9/../../../arm-none-eabi/lib/armv7-m/libm.a
START GROUP
LOAD /usr/lib/gcc/arm-none-eabi/4.9/armv7-m/libgcc.a
LOAD /usr/lib/gcc/arm-none-eabi/4.9/../../../arm-none-eabi/lib/armv7-m/libc.a
END GROUP
                0x0000000020005000                _estack = (ORIGIN (SRAM) + 0x5000)
                0x0000000000000000                _Min_Heap_Size = 0x0
                0x0000000000000100                _Min_Stack_Size = 0x100

.text           0x0000000000000000     0xd858
                0x0000000000000000                _text = .
 *(SORT(.vectors))
 .vectors       0x0000000000000000       0xc8 obj_srf06-cc26xx/startup_gcc.o
                0x0000000000000000                g_pfnVectors
 *(SORT(.text*))
 .text.FaultISR
                0x00000000000000c8       0x18 obj_srf06-cc26xx/fault-handlers.o
                0x00000000000000c8                FaultISR
 .text.NmiSRHandler
                0x00000000000000e0        0x4 obj_srf06-cc26xx/startup_gcc.o
                0x00000000000000e0                NmiSR
 .text.IntDefaultHandler
                0x00000000000000e4        0x4 obj_srf06-cc26xx/startup_gcc.o
                0x00000000000000e4                SSI0IntHandler
                0x00000000000000e4                SWEvent0IntHandler
                0x00000000000000e4                uDMAIntHandler
                0x00000000000000e4                WatchdogIntHandler
                0x00000000000000e4                RFCHardwareIntHandler
                0x00000000000000e4                Timer1BIntHandler
                0x00000000000000e4                I2SIntHandler
                0x00000000000000e4                Timer2BIntHandler
                0x00000000000000e4                Timer2AIntHandler
                0x00000000000000e4                Timer1AIntHandler
                0x00000000000000e4                AONIntHandler
                0x00000000000000e4                AUXSWEvent0IntHandler
                0x00000000000000e4                AUXADCIntHandler
                0x00000000000000e4                PendSVIntHandler
                0x00000000000000e4                AUXSWEvent1IntHandler
                0x00000000000000e4                SVCallIntHandler
                0x00000000000000e4                MPUFaultIntHandler
                0x00000000000000e4                SysTickIntHandler
                0x00000000000000e4                BusFaultIntHandler
                0x00000000000000e4                AONProgIntHandler
                0x00000000000000e4                AUXCompAIntHandler
                0x00000000000000e4                SSI1IntHandler
                0x00000000000000e4                FlashIntHandler
                0x00000000000000e4                uDMAErrIntHandler
                0x00000000000000e4                UsageFaultIntHandler
                0x00000000000000e4                RFCCmdAckIntHandler
                0x00000000000000e4                CryptoIntHandler
                0x00000000000000e4                Timer0AIntHandler
                0x00000000000000e4                I2CIntHandler
                0x00000000000000e4                DebugMonIntHandler
                0x00000000000000e4                Timer0BIntHandler
                0x00000000000000e4                AUXCombEventIntHandler
                0x00000000000000e4                Timer3AIntHandler
                0x00000000000000e4                DynProgIntHandler
                0x00000000000000e4                Timer3BIntHandler
 .text.ResetISR
                0x00000000000000e8       0x5c obj_srf06-cc26xx/startup_gcc.o
                0x00000000000000e8                ResetISR
 .text.serial_cb_rx
                0x0000000000000144       0x14 main_leaf.co
                0x0000000000000144                serial_cb_rx
 .text.cb_receive_udp
                0x0000000000000158       0x20 main_leaf.co
                0x0000000000000158                cb_receive_udp
 .text.readBat  0x0000000000000178       0x64 main_leaf.co
                0x0000000000000178                readBat
 .text.readADC  0x00000000000001dc       0x64 main_leaf.co
                0x00000000000001dc                readADC
 .text.formatDataFeedback
                0x0000000000000240       0x48 main_leaf.co
                0x0000000000000240                formatDataFeedback
 .text.connect_udp_server
                0x0000000000000288       0x54 main_leaf.co
                0x0000000000000288                connect_udp_server
 .text.process_thread_init_system_proc
                0x00000000000002dc      0x100 main_leaf.co
 .text.fade     0x00000000000003dc       0x64 contiki-srf06-cc26xx.a(contiki-main.o)
 .text.startup.main
                0x0000000000000440      0x24c contiki-srf06-cc26xx.a(contiki-main.o)
                0x0000000000000440                main
 .text.process_thread_sensors_process
                0x000000000000068c       0xf8 contiki-srf06-cc26xx.a(sensors.o)
 .text.sensors_changed
                0x0000000000000784       0x50 contiki-srf06-cc26xx.a(sensors.o)
                0x0000000000000784                sensors_changed
 .text.leds_init
                0x00000000000007d4       0x14 contiki-srf06-cc26xx.a(leds.o)
                0x00000000000007d4                leds_init
 .text.leds_on  0x00000000000007e8       0x14 contiki-srf06-cc26xx.a(leds.o)
                0x00000000000007e8                leds_on
 .text.leds_off
                0x00000000000007fc       0x14 contiki-srf06-cc26xx.a(leds.o)
                0x00000000000007fc                leds_off
 .text.wakeup_handler
                0x0000000000000810       0x20 contiki-srf06-cc26xx.a(board.o)
 .text.board_init
                0x0000000000000830       0x98 contiki-srf06-cc26xx.a(board.o)
                0x0000000000000830                board_init
 .text.leds_arch_init
                0x00000000000008c8       0x34 contiki-srf06-cc26xx.a(leds-arch.o)
                0x00000000000008c8                leds_arch_init
 .text.leds_arch_set
                0x00000000000008fc       0x2c contiki-srf06-cc26xx.a(leds-arch.o)
                0x00000000000008fc                leds_arch_set
 .text.status.part.0
                0x0000000000000928       0x14 contiki-srf06-cc26xx.a(button-sensor.o)
 .text.value_left
                0x000000000000093c       0x24 contiki-srf06-cc26xx.a(button-sensor.o)
 .text.value_right
                0x0000000000000960       0x18 contiki-srf06-cc26xx.a(button-sensor.o)
 .text.status_left
                0x0000000000000978       0x10 contiki-srf06-cc26xx.a(button-sensor.o)
 .text.status_right
                0x0000000000000988       0x10 contiki-srf06-cc26xx.a(button-sensor.o)
 .text.config_buttons
                0x0000000000000998       0x84 contiki-srf06-cc26xx.a(button-sensor.o)
 .text.config_left
                0x0000000000000a1c        0xc contiki-srf06-cc26xx.a(button-sensor.o)
 .text.config_right
                0x0000000000000a28        0xc contiki-srf06-cc26xx.a(button-sensor.o)
 .text.button_press_handler
                0x0000000000000a34       0x64 contiki-srf06-cc26xx.a(button-sensor.o)
 .text.verify_part
                0x0000000000000a98       0x7c contiki-srf06-cc26xx.a(ext-flash.o)
 .text.wait_ready
                0x0000000000000b14       0x64 contiki-srf06-cc26xx.a(ext-flash.o)
 .text.power_down
                0x0000000000000b78       0x50 contiki-srf06-cc26xx.a(ext-flash.o)
 .text.ext_flash_open
                0x0000000000000bc8       0x60 contiki-srf06-cc26xx.a(ext-flash.o)
                0x0000000000000bc8                ext_flash_open
 .text.ext_flash_init
                0x0000000000000c28       0x14 contiki-srf06-cc26xx.a(ext-flash.o)
                0x0000000000000c28                ext_flash_init
 .text.accessible
                0x0000000000000c3c       0x24 contiki-srf06-cc26xx.a(board-spi.o)
 .text.board_spi_write
                0x0000000000000c60       0x3c contiki-srf06-cc26xx.a(board-spi.o)
                0x0000000000000c60                board_spi_write
 .text.board_spi_read
                0x0000000000000c9c       0x48 contiki-srf06-cc26xx.a(board-spi.o)
                0x0000000000000c9c                board_spi_read
 .text.board_spi_flush
                0x0000000000000ce4       0x24 contiki-srf06-cc26xx.a(board-spi.o)
                0x0000000000000ce4                board_spi_flush
 .text.board_spi_open
                0x0000000000000d08       0xc0 contiki-srf06-cc26xx.a(board-spi.o)
                0x0000000000000d08                board_spi_open
 .text.board_spi_close
                0x0000000000000dc8       0x70 contiki-srf06-cc26xx.a(board-spi.o)
                0x0000000000000dc8                board_spi_close
 .text.power_domain_on
                0x0000000000000e38       0x20 contiki-srf06-cc26xx.a(clock.o)
 .text.clock_init
                0x0000000000000e58       0x98 contiki-srf06-cc26xx.a(clock.o)
                0x0000000000000e58                clock_init
 .text.clock_time
                0x0000000000000ef0       0x34 contiki-srf06-cc26xx.a(clock.o)
                0x0000000000000ef0                clock_time
 .text.clock_update
                0x0000000000000f24       0x3c contiki-srf06-cc26xx.a(clock.o)
                0x0000000000000f24                clock_update
 .text.clock_seconds
                0x0000000000000f60       0x18 contiki-srf06-cc26xx.a(clock.o)
                0x0000000000000f60                clock_seconds
 .text.soc_rtc_init
                0x0000000000000f78       0xa0 contiki-srf06-cc26xx.a(soc-rtc.o)
                0x0000000000000f78                soc_rtc_init
 .text.soc_rtc_schedule_one_shot
                0x0000000000001018       0x70 contiki-srf06-cc26xx.a(soc-rtc.o)
                0x0000000000001018                soc_rtc_schedule_one_shot
 .text.soc_rtc_last_isr_time
                0x0000000000001088        0xc contiki-srf06-cc26xx.a(soc-rtc.o)
                0x0000000000001088                soc_rtc_last_isr_time
 .text.AONRTCIntHandler
                0x0000000000001094       0x88 contiki-srf06-cc26xx.a(soc-rtc.o)
                0x0000000000001094                AONRTCIntHandler
 .text.lock_config
                0x000000000000111c       0x18 contiki-srf06-cc26xx.a(contiki-watchdo)
 .text.unlock_config
                0x0000000000001134       0x2c contiki-srf06-cc26xx.a(contiki-watchdo)
 .text.watchdog_init
                0x0000000000001160       0x1c contiki-srf06-cc26xx.a(contiki-watchdo)
                0x0000000000001160                watchdog_init
 .text.watchdog_start
                0x000000000000117c       0x30 contiki-srf06-cc26xx.a(contiki-watchdo)
                0x000000000000117c                watchdog_start
 .text.watchdog_periodic
                0x00000000000011ac       0x1c contiki-srf06-cc26xx.a(contiki-watchdo)
                0x00000000000011ac                watchdog_periodic
 .text.putchar  0x00000000000011c8       0x10 contiki-srf06-cc26xx.a(putchar.o)
                0x00000000000011c8                putchar
 .text.puts     0x00000000000011d8       0x30 contiki-srf06-cc26xx.a(putchar.o)
                0x00000000000011d8                puts
 .text.dbg_send_bytes
                0x0000000000001208       0x40 contiki-srf06-cc26xx.a(putchar.o)
                0x0000000000001208                dbg_send_bytes
 .text.ieee_addr_cpy_to
                0x0000000000001248       0x40 contiki-srf06-cc26xx.a(ieee-addr.o)
                0x0000000000001248                ieee_addr_cpy_to
 .text.configure
                0x0000000000001288       0x34 contiki-srf06-cc26xx.a(batmon-sensor.o)
 .text.status   0x00000000000012bc       0x14 contiki-srf06-cc26xx.a(batmon-sensor.o)
 .text.value    0x00000000000012d0       0x24 contiki-srf06-cc26xx.a(batmon-sensor.o)
 .text.status   0x00000000000012f4       0x10 contiki-srf06-cc26xx.a(adc-sensor.o)
 .text.config   0x0000000000001304       0x60 contiki-srf06-cc26xx.a(adc-sensor.o)
 .text.value    0x0000000000001364       0x68 contiki-srf06-cc26xx.a(adc-sensor.o)
 .text.power_and_clock
                0x00000000000013cc       0x40 contiki-srf06-cc26xx.a(cc26xx-uart.o)
 .text.enable   0x000000000000140c       0xf0 contiki-srf06-cc26xx.a(cc26xx-uart.o)
 .text.accessible
                0x00000000000014fc       0x24 contiki-srf06-cc26xx.a(cc26xx-uart.o)
 .text.lpm_drop_handler
                0x0000000000001520       0xc8 contiki-srf06-cc26xx.a(cc26xx-uart.o)
 .text.cc26xx_uart_init
                0x00000000000015e8       0x28 contiki-srf06-cc26xx.a(cc26xx-uart.o)
                0x00000000000015e8                cc26xx_uart_init
 .text.cc26xx_uart_write_byte
                0x0000000000001610       0x28 contiki-srf06-cc26xx.a(cc26xx-uart.o)
                0x0000000000001610                cc26xx_uart_write_byte
 .text.cc26xx_uart_set_input
                0x0000000000001638       0x64 contiki-srf06-cc26xx.a(cc26xx-uart.o)
                0x0000000000001638                cc26xx_uart_set_input
 .text.cc26xx_uart_busy
                0x000000000000169c       0x18 contiki-srf06-cc26xx.a(cc26xx-uart.o)
                0x000000000000169c                cc26xx_uart_busy
 .text.UART0IntHandler
                0x00000000000016b4       0x54 contiki-srf06-cc26xx.a(cc26xx-uart.o)
                0x00000000000016b4                UART0IntHandler
 .text.lpm_shutdown
                0x0000000000001708      0x19c contiki-srf06-cc26xx.a(lpm.o)
                0x0000000000001708                lpm_shutdown
 .text.lpm_sleep
                0x00000000000018a4       0x14 contiki-srf06-cc26xx.a(lpm.o)
                0x00000000000018a4                lpm_sleep
 .text.lpm_drop
                0x00000000000018b8      0x25c contiki-srf06-cc26xx.a(lpm.o)
                0x00000000000018b8                lpm_drop
 .text.lpm_register_module
                0x0000000000001b14        0xc contiki-srf06-cc26xx.a(lpm.o)
                0x0000000000001b14                lpm_register_module
 .text.lpm_unregister_module
                0x0000000000001b20        0xc contiki-srf06-cc26xx.a(lpm.o)
                0x0000000000001b20                lpm_unregister_module
 .text.lpm_init
                0x0000000000001b2c       0x20 contiki-srf06-cc26xx.a(lpm.o)
                0x0000000000001b2c                lpm_init
 .text.lpm_pin_set_default_state
                0x0000000000001b4c       0x2c contiki-srf06-cc26xx.a(lpm.o)
                0x0000000000001b4c                lpm_pin_set_default_state
 .text.gpio_interrupt_register_handler
                0x0000000000001b78       0x2c contiki-srf06-cc26xx.a(gpio-interrupt.)
                0x0000000000001b78                gpio_interrupt_register_handler
 .text.gpio_interrupt_init
                0x0000000000001ba4       0x24 contiki-srf06-cc26xx.a(gpio-interrupt.)
                0x0000000000001ba4                gpio_interrupt_init
 .text.GPIOIntHandler
                0x0000000000001bc8       0x30 contiki-srf06-cc26xx.a(gpio-interrupt.)
                0x0000000000001bc8                GPIOIntHandler
 .text.oscillators_select_lf_xosc
                0x0000000000001bf8       0x50 contiki-srf06-cc26xx.a(oscillators.o)
                0x0000000000001bf8                oscillators_select_lf_xosc
 .text.oscillators_select_lf_rcosc
                0x0000000000001c48       0x3c contiki-srf06-cc26xx.a(oscillators.o)
                0x0000000000001c48                oscillators_select_lf_rcosc
 .text.oscillators_request_hf_xosc
                0x0000000000001c84       0x30 contiki-srf06-cc26xx.a(oscillators.o)
                0x0000000000001c84                oscillators_request_hf_xosc
 .text.oscillators_switch_to_hf_xosc
                0x0000000000001cb4       0x34 contiki-srf06-cc26xx.a(oscillators.o)
                0x0000000000001cb4                oscillators_switch_to_hf_xosc
 .text.oscillators_switch_to_hf_rc
                0x0000000000001ce8       0x38 contiki-srf06-cc26xx.a(oscillators.o)
                0x0000000000001ce8                oscillators_switch_to_hf_rc
 .text.request  0x0000000000001d20       0x20 contiki-srf06-cc26xx.a(ieee-mode.o)
 .text.rx_on    0x0000000000001d40       0x60 contiki-srf06-cc26xx.a(ieee-mode.o)
 .text.prepare  0x0000000000001da0       0x1c contiki-srf06-cc26xx.a(ieee-mode.o)
 .text.rf_radio_setup
                0x0000000000001dbc       0x74 contiki-srf06-cc26xx.a(ieee-mode.o)
 .text.soft_on  0x0000000000001e30       0x18 contiki-srf06-cc26xx.a(ieee-mode.o)
 .text.pending_packet
                0x0000000000001e48       0x48 contiki-srf06-cc26xx.a(ieee-mode.o)
 .text.soft_off
                0x0000000000001e90       0x44 contiki-srf06-cc26xx.a(ieee-mode.o)
 .text.get_object
                0x0000000000001ed4       0x4c contiki-srf06-cc26xx.a(ieee-mode.o)
 .text.transmitting
                0x0000000000001f20       0x4c contiki-srf06-cc26xx.a(ieee-mode.o)
 .text.rx_off   0x0000000000001f6c       0x6c contiki-srf06-cc26xx.a(ieee-mode.o)
 .text.set_object
                0x0000000000001fd8       0x50 contiki-srf06-cc26xx.a(ieee-mode.o)
 .text.get_cca_info
                0x0000000000002028       0x44 contiki-srf06-cc26xx.a(ieee-mode.o)
 .text.check_rat_overflow
                0x000000000000206c       0x80 contiki-srf06-cc26xx.a(ieee-mode.o)
 .text.receiving_packet
                0x00000000000020ec       0x34 contiki-srf06-cc26xx.a(ieee-mode.o)
 .text.off      0x0000000000002120       0x6c contiki-srf06-cc26xx.a(ieee-mode.o)
 .text.on       0x000000000000218c       0xac contiki-srf06-cc26xx.a(ieee-mode.o)
 .text.set_value
                0x0000000000002238      0x184 contiki-srf06-cc26xx.a(ieee-mode.o)
 .text.get_value
                0x00000000000023bc      0x188 contiki-srf06-cc26xx.a(ieee-mode.o)
 .text.transmit
                0x0000000000002544       0xec contiki-srf06-cc26xx.a(ieee-mode.o)
 .text.send     0x0000000000002630       0x24 contiki-srf06-cc26xx.a(ieee-mode.o)
 .text.channel_clear
                0x0000000000002654       0x68 contiki-srf06-cc26xx.a(ieee-mode.o)
 .text.read_frame
                0x00000000000026bc      0x1a0 contiki-srf06-cc26xx.a(ieee-mode.o)
 .text.handle_rat_overflow
                0x000000000000285c       0x60 contiki-srf06-cc26xx.a(ieee-mode.o)
 .text.init     0x00000000000028bc      0x118 contiki-srf06-cc26xx.a(ieee-mode.o)
 .text.random_rand
                0x00000000000029d4        0xc contiki-srf06-cc26xx.a(random.o)
                0x00000000000029d4                random_rand
 .text.random_init
                0x00000000000029e0        0x4 contiki-srf06-cc26xx.a(random.o)
                0x00000000000029e0                random_init
 .text.power_up
                0x00000000000029e4       0x40 contiki-srf06-cc26xx.a(soc-trng.o)
 .text.request  0x0000000000002a24       0x14 contiki-srf06-cc26xx.a(soc-trng.o)
 .text.process_thread_soc_trng_process
                0x0000000000002a38       0x94 contiki-srf06-cc26xx.a(soc-trng.o)
 .text.accessible
                0x0000000000002acc       0x24 contiki-srf06-cc26xx.a(soc-trng.o)
 .text.soc_trng_rand_synchronous
                0x0000000000002af0       0xc4 contiki-srf06-cc26xx.a(soc-trng.o)
                0x0000000000002af0                soc_trng_rand_synchronous
 .text.TRNGIntHandler
                0x0000000000002bb4       0x50 contiki-srf06-cc26xx.a(soc-trng.o)
                0x0000000000002bb4                TRNGIntHandler
 .text.soc_trng_init
                0x0000000000002c04       0x28 contiki-srf06-cc26xx.a(soc-trng.o)
                0x0000000000002c04                soc_trng_init
 .text.write_str
                0x0000000000002c2c       0x14 contiki-srf06-cc26xx.a(dbg-printf.o)
 .text.printf   0x0000000000002c40       0x24 contiki-srf06-cc26xx.a(dbg-printf.o)
                0x0000000000002c40                printf
 .text.buffer_str
                0x0000000000002c64       0x18 contiki-srf06-cc26xx.a(dbg-sprintf.o)
 .text.sprintf  0x0000000000002c7c       0x34 contiki-srf06-cc26xx.a(dbg-sprintf.o)
                0x0000000000002c7c                sprintf
 .text.fill_space
                0x0000000000002cb0       0x3c contiki-srf06-cc26xx.a(strformat.o)
 .text.format_str_v
                0x0000000000002cec      0x95c contiki-srf06-cc26xx.a(strformat.o)
                0x0000000000002cec                format_str_v
 .text.process_thread_ctimer_process
                0x0000000000003648       0x94 contiki-srf06-cc26xx.a(ctimer.o)
 .text.ctimer_init
                0x00000000000036dc       0x28 contiki-srf06-cc26xx.a(ctimer.o)
                0x00000000000036dc                ctimer_init
 .text.ctimer_set_with_process
                0x0000000000003704       0x4c contiki-srf06-cc26xx.a(ctimer.o)
                0x0000000000003704                ctimer_set_with_process
 .text.ctimer_set
                0x0000000000003750       0x18 contiki-srf06-cc26xx.a(ctimer.o)
                0x0000000000003750                ctimer_set
 .text.ctimer_reset
                0x0000000000003768       0x38 contiki-srf06-cc26xx.a(ctimer.o)
                0x0000000000003768                ctimer_reset
 .text.ctimer_restart
                0x00000000000037a0       0x38 contiki-srf06-cc26xx.a(ctimer.o)
                0x00000000000037a0                ctimer_restart
 .text.ctimer_stop
                0x00000000000037d8       0x34 contiki-srf06-cc26xx.a(ctimer.o)
                0x00000000000037d8                ctimer_stop
 .text.autostart_start
                0x000000000000380c       0x18 contiki-srf06-cc26xx.a(autostart.o)
                0x000000000000380c                autostart_start
 .text.energest_init
                0x0000000000003824        0x4 contiki-srf06-cc26xx.a(energest.o)
                0x0000000000003824                energest_init
 .text.update_time
                0x0000000000003828       0x44 contiki-srf06-cc26xx.a(etimer.o)
 .text.process_thread_etimer_process
                0x000000000000386c       0xc8 contiki-srf06-cc26xx.a(etimer.o)
 .text.add_timer
                0x0000000000003934       0x54 contiki-srf06-cc26xx.a(etimer.o)
 .text.etimer_request_poll
                0x0000000000003988        0xc contiki-srf06-cc26xx.a(etimer.o)
                0x0000000000003988                etimer_request_poll
 .text.etimer_set
                0x0000000000003994       0x14 contiki-srf06-cc26xx.a(etimer.o)
                0x0000000000003994                etimer_set
 .text.etimer_reset
                0x00000000000039a8       0x14 contiki-srf06-cc26xx.a(etimer.o)
                0x00000000000039a8                etimer_reset
 .text.etimer_restart
                0x00000000000039bc       0x14 contiki-srf06-cc26xx.a(etimer.o)
                0x00000000000039bc                etimer_restart
 .text.etimer_expired
                0x00000000000039d0        0xc contiki-srf06-cc26xx.a(etimer.o)
                0x00000000000039d0                etimer_expired
 .text.etimer_expiration_time
                0x00000000000039dc        0x8 contiki-srf06-cc26xx.a(etimer.o)
                0x00000000000039dc                etimer_expiration_time
 .text.etimer_pending
                0x00000000000039e4       0x10 contiki-srf06-cc26xx.a(etimer.o)
                0x00000000000039e4                etimer_pending
 .text.etimer_next_expiration_time
                0x00000000000039f4       0x14 contiki-srf06-cc26xx.a(etimer.o)
                0x00000000000039f4                etimer_next_expiration_time
 .text.etimer_stop
                0x0000000000003a08       0x4c contiki-srf06-cc26xx.a(etimer.o)
                0x0000000000003a08                etimer_stop
 .text.exit_process
                0x0000000000003a54       0xb0 contiki-srf06-cc26xx.a(process.o)
 .text.call_process.part.0
                0x0000000000003b04       0x38 contiki-srf06-cc26xx.a(process.o)
 .text.do_poll  0x0000000000003b3c       0x3c contiki-srf06-cc26xx.a(process.o)
 .text.process_alloc_event
                0x0000000000003b78       0x10 contiki-srf06-cc26xx.a(process.o)
                0x0000000000003b78                process_alloc_event
 .text.process_init
                0x0000000000003b88       0x34 contiki-srf06-cc26xx.a(process.o)
                0x0000000000003b88                process_init
 .text.process_run
                0x0000000000003bbc       0xac contiki-srf06-cc26xx.a(process.o)
                0x0000000000003bbc                process_run
 .text.process_nevents
                0x0000000000003c68       0x14 contiki-srf06-cc26xx.a(process.o)
                0x0000000000003c68                process_nevents
 .text.process_post
                0x0000000000003c7c       0x40 contiki-srf06-cc26xx.a(process.o)
                0x0000000000003c7c                process_post
 .text.process_post_synch
                0x0000000000003cbc       0x18 contiki-srf06-cc26xx.a(process.o)
                0x0000000000003cbc                process_post_synch
 .text.process_start
                0x0000000000003cd4       0x40 contiki-srf06-cc26xx.a(process.o)
                0x0000000000003cd4                process_start
 .text.process_poll
                0x0000000000003d14       0x18 contiki-srf06-cc26xx.a(process.o)
                0x0000000000003d14                process_poll
 .text.rtimer_init
                0x0000000000003d2c        0x4 contiki-srf06-cc26xx.a(rtimer.o)
                0x0000000000003d2c                rtimer_init
 .text.rtimer_set
                0x0000000000003d30       0x2c contiki-srf06-cc26xx.a(rtimer.o)
                0x0000000000003d30                rtimer_set
 .text.rtimer_run_next
                0x0000000000003d5c       0x28 contiki-srf06-cc26xx.a(rtimer.o)
                0x0000000000003d5c                rtimer_run_next
 .text.timer_set
                0x0000000000003d84       0x10 contiki-srf06-cc26xx.a(timer.o)
                0x0000000000003d84                timer_set
 .text.timer_reset
                0x0000000000003d94        0xc contiki-srf06-cc26xx.a(timer.o)
                0x0000000000003d94                timer_reset
 .text.timer_restart
                0x0000000000003da0        0xc contiki-srf06-cc26xx.a(timer.o)
                0x0000000000003da0                timer_restart
 .text.timer_expired
                0x0000000000003dac       0x1c contiki-srf06-cc26xx.a(timer.o)
                0x0000000000003dac                timer_expired
 .text.process_thread_serial_line_process
                0x0000000000003dc8       0xac contiki-srf06-cc26xx.a(serial-line.o)
 .text.serial_line_init
                0x0000000000003e74       0x24 contiki-srf06-cc26xx.a(serial-line.o)
                0x0000000000003e74                serial_line_init
 .text.list_init
                0x0000000000003e98        0x8 contiki-srf06-cc26xx.a(list.o)
                0x0000000000003e98                list_init
 .text.list_head
                0x0000000000003ea0        0x4 contiki-srf06-cc26xx.a(list.o)
                0x0000000000003ea0                list_head
 .text.list_add
                0x0000000000003ea4       0x48 contiki-srf06-cc26xx.a(list.o)
                0x0000000000003ea4                list_add
 .text.list_push
                0x0000000000003eec       0x40 contiki-srf06-cc26xx.a(list.o)
                0x0000000000003eec                list_push
 .text.list_remove
                0x0000000000003f2c       0x2c contiki-srf06-cc26xx.a(list.o)
                0x0000000000003f2c                list_remove
 .text.list_length
                0x0000000000003f58       0x14 contiki-srf06-cc26xx.a(list.o)
                0x0000000000003f58                list_length
 .text.list_item_next
                0x0000000000003f6c        0x8 contiki-srf06-cc26xx.a(list.o)
                0x0000000000003f6c                list_item_next
 .text.ringbuf_init
                0x0000000000003f74       0x10 contiki-srf06-cc26xx.a(ringbuf.o)
                0x0000000000003f74                ringbuf_init
 .text.ringbuf_get
                0x0000000000003f84       0x28 contiki-srf06-cc26xx.a(ringbuf.o)
                0x0000000000003f84                ringbuf_get
 .text.chksum   0x0000000000003fac       0x50 contiki-srf06-cc26xx.a(uip6.o)
 .text.upper_layer_chksum
                0x0000000000003ffc       0x58 contiki-srf06-cc26xx.a(uip6.o)
 .text.ext_hdr_options_process
                0x0000000000004054       0xc8 contiki-srf06-cc26xx.a(uip6.o)
 .text.uip_icmp6chksum
                0x000000000000411c        0x8 contiki-srf06-cc26xx.a(uip6.o)
                0x000000000000411c                uip_icmp6chksum
 .text.uip_init
                0x0000000000004124       0x30 contiki-srf06-cc26xx.a(uip6.o)
                0x0000000000004124                uip_init
 .text.remove_ext_hdr
                0x0000000000004154       0x60 contiki-srf06-cc26xx.a(uip6.o)
                0x0000000000004154                remove_ext_hdr
 .text.uip_udp_new
                0x00000000000041b4       0x94 contiki-srf06-cc26xx.a(uip6.o)
                0x00000000000041b4                uip_udp_new
 .text.uip_process
                0x0000000000004248      0x560 contiki-srf06-cc26xx.a(uip6.o)
                0x0000000000004248                uip_process
 .text.uip_htonl
                0x00000000000047a8       0x14 contiki-srf06-cc26xx.a(uip6.o)
                0x00000000000047a8                uip_htonl
 .text.ns_input
                0x00000000000047bc      0x2a0 contiki-srf06-cc26xx.a(uip-nd6.o)
 .text.uip_nd6_init
                0x0000000000004a5c        0xc contiki-srf06-cc26xx.a(uip-nd6.o)
                0x0000000000004a5c                uip_nd6_init
 .text.sicslowpan_init
                0x0000000000004a68       0x24 contiki-srf06-cc26xx.a(sicslowpan.o)
                0x0000000000004a68                sicslowpan_init
 .text.compress_addr_64
                0x0000000000004a8c       0x9c contiki-srf06-cc26xx.a(sicslowpan.o)
 .text.set_packet_attrs
                0x0000000000004b28       0x4c contiki-srf06-cc26xx.a(sicslowpan.o)
 .text.addr_context_lookup_by_prefix
                0x0000000000004b74       0x28 contiki-srf06-cc26xx.a(sicslowpan.o)
 .text.send_packet
                0x0000000000004b9c       0x24 contiki-srf06-cc26xx.a(sicslowpan.o)
 .text.packet_sent
                0x0000000000004bc0       0x28 contiki-srf06-cc26xx.a(sicslowpan.o)
 .text.store_fragment
                0x0000000000004be8       0x68 contiki-srf06-cc26xx.a(sicslowpan.o)
 .text.add_fragment
                0x0000000000004c50      0x19c contiki-srf06-cc26xx.a(sicslowpan.o)
 .text.uncompress_addr
                0x0000000000004dec       0xb8 contiki-srf06-cc26xx.a(sicslowpan.o)
 .text.input    0x0000000000004ea4      0x660 contiki-srf06-cc26xx.a(sicslowpan.o)
 .text.output   0x0000000000005504      0x730 contiki-srf06-cc26xx.a(sicslowpan.o)
 .text.sicslowpan_get_last_rssi
                0x0000000000005c34        0xc contiki-srf06-cc26xx.a(sicslowpan.o)
                0x0000000000005c34                sicslowpan_get_last_rssi
 .text.uip_debug_ipaddr_print
                0x0000000000005c40       0xb0 contiki-srf06-cc26xx.a(uip-debug.o)
                0x0000000000005c40                uip_debug_ipaddr_print
 .text.tcpip_set_outputfunc
                0x0000000000005cf0        0xc contiki-srf06-cc26xx.a(tcpip.o)
                0x0000000000005cf0                tcpip_set_outputfunc
 .text.udp_new  0x0000000000005cfc       0x18 contiki-srf06-cc26xx.a(tcpip.o)
                0x0000000000005cfc                udp_new
 .text.tcpip_icmp6_call
                0x0000000000005d14       0x28 contiki-srf06-cc26xx.a(tcpip.o)
                0x0000000000005d14                tcpip_icmp6_call
 .text.tcpip_input
                0x0000000000005d3c       0x24 contiki-srf06-cc26xx.a(tcpip.o)
                0x0000000000005d3c                tcpip_input
 .text.tcpip_ipv6_output
                0x0000000000005d60       0xbc contiki-srf06-cc26xx.a(tcpip.o)
                0x0000000000005d60                tcpip_ipv6_output
 .text.process_thread_tcpip_process
                0x0000000000005e1c       0xe8 contiki-srf06-cc26xx.a(tcpip.o)
 .text.tcpip_uipcall
                0x0000000000005f04       0x2c contiki-srf06-cc26xx.a(tcpip.o)
                0x0000000000005f04                tcpip_uipcall
 .text.process_thread_simple_udp_process
                0x0000000000005f30       0xac contiki-srf06-cc26xx.a(simple-udp.o)
 .text.simple_udp_sendto
                0x0000000000005fdc       0x1c contiki-srf06-cc26xx.a(simple-udp.o)
                0x0000000000005fdc                simple_udp_sendto
 .text.simple_udp_register
                0x0000000000005ff8       0x74 contiki-srf06-cc26xx.a(simple-udp.o)
                0x0000000000005ff8                simple_udp_register
 .text.update_hbh_header
                0x000000000000606c       0xcc contiki-srf06-cc26xx.a(rpl-ext-header.)
 .text.insert_hbh_header.isra.0
                0x0000000000006138       0xac contiki-srf06-cc26xx.a(rpl-ext-header.)
 .text.rpl_verify_hbh_header
                0x00000000000061e4       0xf0 contiki-srf06-cc26xx.a(rpl-ext-header.)
                0x00000000000061e4                rpl_verify_hbh_header
 .text.rpl_remove_header
                0x00000000000062d4       0x7c contiki-srf06-cc26xx.a(rpl-ext-header.)
                0x00000000000062d4                rpl_remove_header
 .text.rpl_update_header
                0x0000000000006350       0x74 contiki-srf06-cc26xx.a(rpl-ext-header.)
                0x0000000000006350                rpl_update_header
 .text.rpl_get_mode
                0x00000000000063c4        0xc contiki-srf06-cc26xx.a(rpl.o)
                0x00000000000063c4                rpl_get_mode
 .text.rpl_purge_routes
                0x00000000000063d0       0x7c contiki-srf06-cc26xx.a(rpl.o)
                0x00000000000063d0                rpl_purge_routes
 .text.rpl_remove_routes
                0x000000000000644c       0x24 contiki-srf06-cc26xx.a(rpl.o)
                0x000000000000644c                rpl_remove_routes
 .text.rpl_remove_routes_by_nexthop
                0x0000000000006470       0x34 contiki-srf06-cc26xx.a(rpl.o)
                0x0000000000006470                rpl_remove_routes_by_nexthop
 .text.rpl_add_route
                0x00000000000064a4       0x38 contiki-srf06-cc26xx.a(rpl.o)
                0x00000000000064a4                rpl_add_route
 .text.rpl_link_neighbor_callback
                0x00000000000064dc       0x60 contiki-srf06-cc26xx.a(rpl.o)
                0x00000000000064dc                rpl_link_neighbor_callback
 .text.rpl_ipv6_neighbor_callback
                0x000000000000653c       0x30 contiki-srf06-cc26xx.a(rpl.o)
                0x000000000000653c                rpl_ipv6_neighbor_callback
 .text.rpl_purge_dags
                0x000000000000656c       0x2c contiki-srf06-cc26xx.a(rpl.o)
                0x000000000000656c                rpl_purge_dags
 .text.rpl_init
                0x0000000000006598       0x4c contiki-srf06-cc26xx.a(rpl.o)
                0x0000000000006598                rpl_init
 .text.lollipop_greater_than
                0x00000000000065e4       0x3c contiki-srf06-cc26xx.a(rpl-dag.o)
 .text.rpl_set_preferred_parent
                0x0000000000006620       0x2c contiki-srf06-cc26xx.a(rpl-dag.o)
 .text.set_ip_from_prefix
                0x000000000000664c       0x2c contiki-srf06-cc26xx.a(rpl-dag.o)
 .text.check_prefix
                0x0000000000006678       0x78 contiki-srf06-cc26xx.a(rpl-dag.o)
 .text.find_parent_any_dag_any_instance
                0x00000000000066f0       0x1c contiki-srf06-cc26xx.a(rpl-dag.o)
 .text.rpl_dag_init
                0x000000000000670c       0x14 contiki-srf06-cc26xx.a(rpl-dag.o)
                0x000000000000670c                rpl_dag_init
 .text.rpl_get_parent
                0x0000000000006720       0x10 contiki-srf06-cc26xx.a(rpl-dag.o)
                0x0000000000006720                rpl_get_parent
 .text.rpl_rank_via_parent
                0x0000000000006730       0x1c contiki-srf06-cc26xx.a(rpl-dag.o)
                0x0000000000006730                rpl_rank_via_parent
 .text.rpl_get_parent_ipaddr
                0x000000000000674c       0x18 contiki-srf06-cc26xx.a(rpl-dag.o)
                0x000000000000674c                rpl_get_parent_ipaddr
 .text.rpl_get_parent_link_stats
                0x0000000000006764       0x18 contiki-srf06-cc26xx.a(rpl-dag.o)
                0x0000000000006764                rpl_get_parent_link_stats
 .text.best_parent
                0x000000000000677c       0x98 contiki-srf06-cc26xx.a(rpl-dag.o)
 .text.rpl_parent_is_fresh
                0x0000000000006814       0x10 contiki-srf06-cc26xx.a(rpl-dag.o)
                0x0000000000006814                rpl_parent_is_fresh
 .text.rpl_parent_is_reachable
                0x0000000000006824       0x40 contiki-srf06-cc26xx.a(rpl-dag.o)
                0x0000000000006824                rpl_parent_is_reachable
 .text.rpl_repair_root
                0x0000000000006864       0x5c contiki-srf06-cc26xx.a(rpl-dag.o)
                0x0000000000006864                rpl_repair_root
 .text.rpl_set_prefix
                0x00000000000068c0       0x98 contiki-srf06-cc26xx.a(rpl-dag.o)
                0x00000000000068c0                rpl_set_prefix
 .text.rpl_set_default_route
                0x0000000000006958       0x2c contiki-srf06-cc26xx.a(rpl-dag.o)
                0x0000000000006958                rpl_set_default_route
 .text.rpl_alloc_instance
                0x0000000000006984       0x34 contiki-srf06-cc26xx.a(rpl-dag.o)
                0x0000000000006984                rpl_alloc_instance
 .text.rpl_alloc_dag
                0x00000000000069b8       0x5c contiki-srf06-cc26xx.a(rpl-dag.o)
                0x00000000000069b8                rpl_alloc_dag
 .text.rpl_add_parent
                0x0000000000006a14       0x30 contiki-srf06-cc26xx.a(rpl-dag.o)
                0x0000000000006a14                rpl_add_parent
 .text.rpl_find_parent
                0x0000000000006a44       0x18 contiki-srf06-cc26xx.a(rpl-dag.o)
                0x0000000000006a44                rpl_find_parent
 .text.rpl_find_parent_any_dag
                0x0000000000006a5c       0x20 contiki-srf06-cc26xx.a(rpl-dag.o)
                0x0000000000006a5c                rpl_find_parent_any_dag
 .text.rpl_select_parent
                0x0000000000006a7c       0x58 contiki-srf06-cc26xx.a(rpl-dag.o)
                0x0000000000006a7c                rpl_select_parent
 .text.rpl_select_dag
                0x0000000000006ad4      0x184 contiki-srf06-cc26xx.a(rpl-dag.o)
                0x0000000000006ad4                rpl_select_dag
 .text.rpl_nullify_parent
                0x0000000000006c58       0x54 contiki-srf06-cc26xx.a(rpl-dag.o)
                0x0000000000006c58                rpl_nullify_parent
 .text.rpl_remove_parent
                0x0000000000006cac       0x1c contiki-srf06-cc26xx.a(rpl-dag.o)
                0x0000000000006cac                rpl_remove_parent
 .text.nbr_callback
                0x0000000000006cc8        0x4 contiki-srf06-cc26xx.a(rpl-dag.o)
 .text.remove_parents.constprop.6
                0x0000000000006ccc       0x44 contiki-srf06-cc26xx.a(rpl-dag.o)
 .text.rpl_free_dag
                0x0000000000006d10       0x3c contiki-srf06-cc26xx.a(rpl-dag.o)
                0x0000000000006d10                rpl_free_dag
 .text.rpl_move_parent
                0x0000000000006d4c       0x54 contiki-srf06-cc26xx.a(rpl-dag.o)
                0x0000000000006d4c                rpl_move_parent
 .text.rpl_get_dag
                0x0000000000006da0       0x38 contiki-srf06-cc26xx.a(rpl-dag.o)
                0x0000000000006da0                rpl_get_dag
 .text.rpl_get_any_dag
                0x0000000000006dd8       0x18 contiki-srf06-cc26xx.a(rpl-dag.o)
                0x0000000000006dd8                rpl_get_any_dag
 .text.rpl_get_instance
                0x0000000000006df0       0x20 contiki-srf06-cc26xx.a(rpl-dag.o)
                0x0000000000006df0                rpl_get_instance
 .text.rpl_join_instance
                0x0000000000006e10      0x168 contiki-srf06-cc26xx.a(rpl-dag.o)
                0x0000000000006e10                rpl_join_instance
 .text.rpl_local_repair
                0x0000000000006f78       0x74 contiki-srf06-cc26xx.a(rpl-dag.o)
                0x0000000000006f78                rpl_local_repair
 .text.rpl_process_parent_event
                0x0000000000006fec       0x9c contiki-srf06-cc26xx.a(rpl-dag.o)
                0x0000000000006fec                rpl_process_parent_event
 .text.rpl_recalculate_ranks
                0x0000000000007088       0x50 contiki-srf06-cc26xx.a(rpl-dag.o)
                0x0000000000007088                rpl_recalculate_ranks
 .text.rpl_process_dio
                0x00000000000070d8      0x2e4 contiki-srf06-cc26xx.a(rpl-dag.o)
                0x00000000000070d8                rpl_process_dio
 .text.TrimAfterColdResetWakeupFromShutDown
                0x00000000000073bc       0xe4 contiki-srf06-cc26xx.a(setup.o)
 .text.NOROM_SetupTrimDevice
                0x00000000000074a0       0xa4 contiki-srf06-cc26xx.a(setup.o)
                0x00000000000074a0                NOROM_SetupTrimDevice
 .text.NOROM_TRNGConfigure
                0x0000000000007544       0x38 contiki-srf06-cc26xx.a(trng.o)
                0x0000000000007544                NOROM_TRNGConfigure
 .text.SafeHapiVoid
                0x000000000000757c       0x2c contiki-srf06-cc26xx.a(adi.o)
                0x000000000000757c                SafeHapiVoid
 .text.SafeHapiAuxAdiSelect
                0x00000000000075a8       0x30 contiki-srf06-cc26xx.a(adi.o)
                0x00000000000075a8                SafeHapiAuxAdiSelect
 .text.NOROM_AONBatMonTemperatureGetDegC
                0x00000000000075d8       0x30 contiki-srf06-cc26xx.a(aon_batmon.o)
                0x00000000000075d8                NOROM_AONBatMonTemperatureGetDegC
 .text.NOROM_SysCtrlSetRechargeBeforePowerDown
                0x0000000000007608      0x274 contiki-srf06-cc26xx.a(sys_ctrl.o)
                0x0000000000007608                NOROM_SysCtrlSetRechargeBeforePowerDown
 .text.NOROM_SysCtrlAdjustRechargeAfterPowerDown
                0x000000000000787c       0x64 contiki-srf06-cc26xx.a(sys_ctrl.o)
                0x000000000000787c                NOROM_SysCtrlAdjustRechargeAfterPowerDown
 .text.NOROM_SysCtrl_DCDC_VoltageConditionalControl
                0x00000000000078e0       0x7c contiki-srf06-cc26xx.a(sys_ctrl.o)
                0x00000000000078e0                NOROM_SysCtrl_DCDC_VoltageConditionalControl
 .text.NOROM_CPUcpsid
                0x000000000000795c        0x8 contiki-srf06-cc26xx.a(cpu.o)
                0x000000000000795c                NOROM_CPUcpsid
 .text.NOROM_CPUcpsie
                0x0000000000007964        0x8 contiki-srf06-cc26xx.a(cpu.o)
                0x0000000000007964                NOROM_CPUcpsie
 .text.NOROM_PowerCtrlSourceSet
                0x000000000000796c       0x30 contiki-srf06-cc26xx.a(pwr_ctrl.o)
                0x000000000000796c                NOROM_PowerCtrlSourceSet
 .text.NOROM_AUXADCDisable
                0x000000000000799c       0x80 contiki-srf06-cc26xx.a(aux_adc.o)
                0x000000000000799c                NOROM_AUXADCDisable
 .text.NOROM_AUXADCEnableSync
                0x0000000000007a1c       0xbc contiki-srf06-cc26xx.a(aux_adc.o)
                0x0000000000007a1c                NOROM_AUXADCEnableSync
 .text.NOROM_AUXADCReadFifo
                0x0000000000007ad8       0x18 contiki-srf06-cc26xx.a(aux_adc.o)
                0x0000000000007ad8                NOROM_AUXADCReadFifo
 .text.NOROM_AUXADCGetAdjustmentGain
                0x0000000000007af0       0x1c contiki-srf06-cc26xx.a(aux_adc.o)
                0x0000000000007af0                NOROM_AUXADCGetAdjustmentGain
 .text.NOROM_AUXADCGetAdjustmentOffset
                0x0000000000007b0c       0x1c contiki-srf06-cc26xx.a(aux_adc.o)
                0x0000000000007b0c                NOROM_AUXADCGetAdjustmentOffset
 .text.NOROM_AUXADCValueToMicrovolts
                0x0000000000007b28       0x20 contiki-srf06-cc26xx.a(aux_adc.o)
                0x0000000000007b28                NOROM_AUXADCValueToMicrovolts
 .text.NOROM_AUXADCAdjustValueForGainAndOffset
                0x0000000000007b48       0x18 contiki-srf06-cc26xx.a(aux_adc.o)
                0x0000000000007b48                NOROM_AUXADCAdjustValueForGainAndOffset
 .text.NOROM_DDI32RegWrite
                0x0000000000007b60       0x34 contiki-srf06-cc26xx.a(ddi.o)
                0x0000000000007b60                NOROM_DDI32RegWrite
 .text.NOROM_DDI16BitfieldWrite
                0x0000000000007b94       0x4c contiki-srf06-cc26xx.a(ddi.o)
                0x0000000000007b94                NOROM_DDI16BitfieldWrite
 .text.NOROM_DDI16BitfieldRead
                0x0000000000007be0       0x48 contiki-srf06-cc26xx.a(ddi.o)
                0x0000000000007be0                NOROM_DDI16BitfieldRead
 .text.NOROM_AONRTCCurrentCompareValueGet
                0x0000000000007c28       0x24 contiki-srf06-cc26xx.a(aon_rtc.o)
                0x0000000000007c28                NOROM_AONRTCCurrentCompareValueGet
 .text.NOROM_ChipInfo_GetSupportedProtocol_BV
                0x0000000000007c4c       0x10 contiki-srf06-cc26xx.a(chipinfo.o)
                0x0000000000007c4c                NOROM_ChipInfo_GetSupportedProtocol_BV
 .text.NOROM_ChipInfo_GetChipFamily
                0x0000000000007c5c       0x50 contiki-srf06-cc26xx.a(chipinfo.o)
                0x0000000000007c5c                NOROM_ChipInfo_GetChipFamily
 .text.NOROM_ChipInfo_GetChipType
                0x0000000000007cac       0x5c contiki-srf06-cc26xx.a(chipinfo.o)
                0x0000000000007cac                NOROM_ChipInfo_GetChipType
 .text.NOROM_ChipInfo_GetHwRevision
                0x0000000000007d08       0x70 contiki-srf06-cc26xx.a(chipinfo.o)
                0x0000000000007d08                NOROM_ChipInfo_GetHwRevision
 .text.NOROM_ThisCodeIsBuiltForCC26xxHwRev22AndLater_HaltIfViolated
                0x0000000000007d78       0x14 contiki-srf06-cc26xx.a(chipinfo.o)
                0x0000000000007d78                NOROM_ThisCodeIsBuiltForCC26xxHwRev22AndLater_HaltIfViolated
 .text.NOROM_OSCClockSourceSet
                0x0000000000007d8c       0x50 contiki-srf06-cc26xx.a(osc.o)
                0x0000000000007d8c                NOROM_OSCClockSourceSet
 .text.NOROM_OSCClockSourceGet
                0x0000000000007ddc       0x24 contiki-srf06-cc26xx.a(osc.o)
                0x0000000000007ddc                NOROM_OSCClockSourceGet
 .text.queuebuf_init
                0x0000000000007e00       0x1c contiki-srf06-cc26xx.a(queuebuf.o)
                0x0000000000007e00                queuebuf_init
 .text.queuebuf_numfree
                0x0000000000007e1c        0xc contiki-srf06-cc26xx.a(queuebuf.o)
                0x0000000000007e1c                queuebuf_numfree
 .text.queuebuf_new_from_packetbuf
                0x0000000000007e28       0x48 contiki-srf06-cc26xx.a(queuebuf.o)
                0x0000000000007e28                queuebuf_new_from_packetbuf
 .text.queuebuf_update_attr_from_packetbuf
                0x0000000000007e70        0xc contiki-srf06-cc26xx.a(queuebuf.o)
                0x0000000000007e70                queuebuf_update_attr_from_packetbuf
 .text.queuebuf_update_from_packetbuf
                0x0000000000007e7c       0x1c contiki-srf06-cc26xx.a(queuebuf.o)
                0x0000000000007e7c                queuebuf_update_from_packetbuf
 .text.queuebuf_free
                0x0000000000007e98       0x2c contiki-srf06-cc26xx.a(queuebuf.o)
                0x0000000000007e98                queuebuf_free
 .text.queuebuf_to_packetbuf
                0x0000000000007ec4       0x30 contiki-srf06-cc26xx.a(queuebuf.o)
                0x0000000000007ec4                queuebuf_to_packetbuf
 .text.queuebuf_attr
                0x0000000000007ef4        0xc contiki-srf06-cc26xx.a(queuebuf.o)
                0x0000000000007ef4                queuebuf_attr
 .text.nbr_set_bit
                0x0000000000007f00       0x4c contiki-srf06-cc26xx.a(nbr-table.o)
 .text.index_from_lladdr
                0x0000000000007f4c       0x50 contiki-srf06-cc26xx.a(nbr-table.o)
 .text.nbr_get_bit.constprop.0
                0x0000000000007f9c       0x2c contiki-srf06-cc26xx.a(nbr-table.o)
 .text.remove_key
                0x0000000000007fc8       0xa0 contiki-srf06-cc26xx.a(nbr-table.o)
 .text.nbr_table_register
                0x0000000000008068       0x2c contiki-srf06-cc26xx.a(nbr-table.o)
                0x0000000000008068                nbr_table_register
 .text.nbr_table_next
                0x0000000000008094       0x70 contiki-srf06-cc26xx.a(nbr-table.o)
                0x0000000000008094                nbr_table_next
 .text.nbr_table_head
                0x0000000000008104       0x58 contiki-srf06-cc26xx.a(nbr-table.o)
                0x0000000000008104                nbr_table_head
 .text.nbr_table_add_lladdr
                0x000000000000815c      0x13c contiki-srf06-cc26xx.a(nbr-table.o)
                0x000000000000815c                nbr_table_add_lladdr
 .text.nbr_table_get_from_lladdr
                0x0000000000008298       0x34 contiki-srf06-cc26xx.a(nbr-table.o)
                0x0000000000008298                nbr_table_get_from_lladdr
 .text.nbr_table_remove
                0x00000000000082cc       0x2c contiki-srf06-cc26xx.a(nbr-table.o)
                0x00000000000082cc                nbr_table_remove
 .text.nbr_table_lock
                0x00000000000082f8       0x14 contiki-srf06-cc26xx.a(nbr-table.o)
                0x00000000000082f8                nbr_table_lock
 .text.nbr_table_unlock
                0x000000000000830c       0x14 contiki-srf06-cc26xx.a(nbr-table.o)
                0x000000000000830c                nbr_table_unlock
 .text.nbr_table_get_lladdr
                0x0000000000008320       0x30 contiki-srf06-cc26xx.a(nbr-table.o)
                0x0000000000008320                nbr_table_get_lladdr
 .text.nbr_table_update_lladdr
                0x0000000000008350       0x54 contiki-srf06-cc26xx.a(nbr-table.o)
                0x0000000000008350                nbr_table_update_lladdr
 .text.packetbuf_copyto
                0x00000000000083a4       0x50 contiki-srf06-cc26xx.a(packetbuf.o)
                0x00000000000083a4                packetbuf_copyto
 .text.packetbuf_hdralloc
                0x00000000000083f4       0x58 contiki-srf06-cc26xx.a(packetbuf.o)
                0x00000000000083f4                packetbuf_hdralloc
 .text.packetbuf_hdrreduce
                0x000000000000844c       0x2c contiki-srf06-cc26xx.a(packetbuf.o)
                0x000000000000844c                packetbuf_hdrreduce
 .text.packetbuf_set_datalen
                0x0000000000008478        0xc contiki-srf06-cc26xx.a(packetbuf.o)
                0x0000000000008478                packetbuf_set_datalen
 .text.packetbuf_dataptr
                0x0000000000008484       0x20 contiki-srf06-cc26xx.a(packetbuf.o)
                0x0000000000008484                packetbuf_dataptr
 .text.packetbuf_hdrptr
                0x00000000000084a4        0x8 contiki-srf06-cc26xx.a(packetbuf.o)
                0x00000000000084a4                packetbuf_hdrptr
 .text.packetbuf_datalen
                0x00000000000084ac        0xc contiki-srf06-cc26xx.a(packetbuf.o)
                0x00000000000084ac                packetbuf_datalen
 .text.packetbuf_totlen
                0x00000000000084b8       0x24 contiki-srf06-cc26xx.a(packetbuf.o)
                0x00000000000084b8                packetbuf_totlen
 .text.packetbuf_attr_clear
                0x00000000000084dc       0x34 contiki-srf06-cc26xx.a(packetbuf.o)
                0x00000000000084dc                packetbuf_attr_clear
 .text.packetbuf_clear
                0x0000000000008510       0x20 contiki-srf06-cc26xx.a(packetbuf.o)
                0x0000000000008510                packetbuf_clear
 .text.packetbuf_copyfrom
                0x0000000000008530       0x40 contiki-srf06-cc26xx.a(packetbuf.o)
                0x0000000000008530                packetbuf_copyfrom
 .text.packetbuf_attr_copyto
                0x0000000000008570       0x44 contiki-srf06-cc26xx.a(packetbuf.o)
                0x0000000000008570                packetbuf_attr_copyto
 .text.packetbuf_attr_copyfrom
                0x00000000000085b4       0x44 contiki-srf06-cc26xx.a(packetbuf.o)
                0x00000000000085b4                packetbuf_attr_copyfrom
 .text.packetbuf_set_attr
                0x00000000000085f8       0x10 contiki-srf06-cc26xx.a(packetbuf.o)
                0x00000000000085f8                packetbuf_set_attr
 .text.packetbuf_attr
                0x0000000000008608        0xc contiki-srf06-cc26xx.a(packetbuf.o)
                0x0000000000008608                packetbuf_attr
 .text.packetbuf_set_addr
                0x0000000000008614       0x18 contiki-srf06-cc26xx.a(packetbuf.o)
                0x0000000000008614                packetbuf_set_addr
 .text.packetbuf_addr
                0x000000000000862c       0x10 contiki-srf06-cc26xx.a(packetbuf.o)
                0x000000000000862c                packetbuf_addr
 .text.packetbuf_holds_broadcast
                0x000000000000863c       0x10 contiki-srf06-cc26xx.a(packetbuf.o)
                0x000000000000863c                packetbuf_holds_broadcast
 .text.netstack_init
                0x000000000000864c       0x38 contiki-srf06-cc26xx.a(netstack.o)
                0x000000000000864c                netstack_init
 .text.linkaddr_copy
                0x0000000000008684        0xc contiki-srf06-cc26xx.a(linkaddr.o)
                0x0000000000008684                linkaddr_copy
 .text.linkaddr_cmp
                0x0000000000008690       0x10 contiki-srf06-cc26xx.a(linkaddr.o)
                0x0000000000008690                linkaddr_cmp
 .text.periodic
                0x00000000000086a0       0x2c contiki-srf06-cc26xx.a(link-stats.o)
 .text.link_stats_from_lladdr
                0x00000000000086cc        0xc contiki-srf06-cc26xx.a(link-stats.o)
                0x00000000000086cc                link_stats_from_lladdr
 .text.link_stats_is_fresh
                0x00000000000086d8       0x28 contiki-srf06-cc26xx.a(link-stats.o)
                0x00000000000086d8                link_stats_is_fresh
 .text.link_stats_packet_sent
                0x0000000000008700       0xbc contiki-srf06-cc26xx.a(link-stats.o)
                0x0000000000008700                link_stats_packet_sent
 .text.link_stats_input_callback
                0x00000000000087bc       0x5c contiki-srf06-cc26xx.a(link-stats.o)
                0x00000000000087bc                link_stats_input_callback
 .text.link_stats_init
                0x0000000000008818       0x28 contiki-srf06-cc26xx.a(link-stats.o)
                0x0000000000008818                link_stats_init
 .text.parse    0x0000000000008840       0xa0 contiki-srf06-cc26xx.a(framer-802154.o)
 .text.create_frame.isra.0
                0x00000000000088e0      0x144 contiki-srf06-cc26xx.a(framer-802154.o)
 .text.create   0x0000000000008a24        0x8 contiki-srf06-cc26xx.a(framer-802154.o)
 .text.hdr_length
                0x0000000000008a2c        0x8 contiki-srf06-cc26xx.a(framer-802154.o)
 .text.frame802154_get_pan_id
                0x0000000000008a34        0xc contiki-srf06-cc26xx.a(frame802154.o)
                0x0000000000008a34                frame802154_get_pan_id
 .text.frame802154_has_panid
                0x0000000000008a40       0xb8 contiki-srf06-cc26xx.a(frame802154.o)
                0x0000000000008a40                frame802154_has_panid
 .text.field_len
                0x0000000000008af8       0x9c contiki-srf06-cc26xx.a(frame802154.o)
 .text.frame802154_is_broadcast_addr
                0x0000000000008b94       0x20 contiki-srf06-cc26xx.a(frame802154.o)
                0x0000000000008b94                frame802154_is_broadcast_addr
 .text.frame802154_hdrlen
                0x0000000000008bb4       0x34 contiki-srf06-cc26xx.a(frame802154.o)
                0x0000000000008bb4                frame802154_hdrlen
 .text.frame802154_create_fcf
                0x0000000000008be8       0x64 contiki-srf06-cc26xx.a(frame802154.o)
                0x0000000000008be8                frame802154_create_fcf
 .text.frame802154_create
                0x0000000000008c4c       0xb8 contiki-srf06-cc26xx.a(frame802154.o)
                0x0000000000008c4c                frame802154_create
 .text.frame802154_parse_fcf
                0x0000000000008d04       0x4c contiki-srf06-cc26xx.a(frame802154.o)
                0x0000000000008d04                frame802154_parse_fcf
 .text.frame802154_parse
                0x0000000000008d50      0x134 contiki-srf06-cc26xx.a(frame802154.o)
                0x0000000000008d50                frame802154_parse
 .text.input_packet
                0x0000000000008e84        0xc contiki-srf06-cc26xx.a(csma.o)
 .text.on       0x0000000000008e90        0xc contiki-srf06-cc26xx.a(csma.o)
 .text.off      0x0000000000008e9c        0xc contiki-srf06-cc26xx.a(csma.o)
 .text.channel_check_interval
                0x0000000000008ea8       0x10 contiki-srf06-cc26xx.a(csma.o)
 .text.transmit_packet_list
                0x0000000000008eb8       0x34 contiki-srf06-cc26xx.a(csma.o)
 .text.schedule_transmission
                0x0000000000008eec       0x58 contiki-srf06-cc26xx.a(csma.o)
 .text.send_packet
                0x0000000000008f44      0x154 contiki-srf06-cc26xx.a(csma.o)
 .text.init     0x0000000000009098       0x24 contiki-srf06-cc26xx.a(csma.o)
 .text.tx_done  0x00000000000090bc       0x94 contiki-srf06-cc26xx.a(csma.o)
 .text.packet_sent
                0x0000000000009150       0xe8 contiki-srf06-cc26xx.a(csma.o)
 .text.duty_cycle
                0x0000000000009238        0x4 contiki-srf06-cc26xx.a(contikimac.o)
 .text.init     0x000000000000923c       0x40 contiki-srf06-cc26xx.a(contikimac.o)
 .text.on       0x000000000000927c       0x2c contiki-srf06-cc26xx.a(contikimac.o)
 .text.off      0x00000000000092a8       0x38 contiki-srf06-cc26xx.a(contikimac.o)
 .text.recv_burst_off
                0x00000000000092e0       0x14 contiki-srf06-cc26xx.a(contikimac.o)
 .text.powercycle_turn_radio_off.part.2
                0x00000000000092f4       0x10 contiki-srf06-cc26xx.a(contikimac.o)
 .text.turn_off
                0x0000000000009304       0x48 contiki-srf06-cc26xx.a(contikimac.o)
 .text.turn_on  0x000000000000934c       0x40 contiki-srf06-cc26xx.a(contikimac.o)
 .text.schedule_powercycle_fixed.part.5
                0x000000000000938c       0x2c contiki-srf06-cc26xx.a(contikimac.o)
 .text.input_packet
                0x00000000000093b8       0xac contiki-srf06-cc26xx.a(contikimac.o)
 .text.send_packet.isra.8
                0x0000000000009464      0x228 contiki-srf06-cc26xx.a(contikimac.o)
 .text.qsend_list
                0x000000000000968c       0xec contiki-srf06-cc26xx.a(contikimac.o)
 .text.qsend_packet
                0x0000000000009778       0x24 contiki-srf06-cc26xx.a(contikimac.o)
 .text.powercycle_wrapper
                0x000000000000979c      0x234 contiki-srf06-cc26xx.a(contikimac.o)
 .text.init     0x00000000000099d0        0x4 contiki-srf06-cc26xx.a(nullsec.o)
 .text.input    0x00000000000099d4        0xc contiki-srf06-cc26xx.a(nullsec.o)
 .text.send     0x00000000000099e0       0x20 contiki-srf06-cc26xx.a(nullsec.o)
 .text.rtimer_arch_init
                0x0000000000009a00        0x4 contiki-srf06-cc26xx.a(rtimer-arch.o)
                0x0000000000009a00                rtimer_arch_init
 .text.rtimer_arch_schedule
                0x0000000000009a04        0x8 contiki-srf06-cc26xx.a(rtimer-arch.o)
                0x0000000000009a04                rtimer_arch_schedule
 .text.rtimer_arch_now
                0x0000000000009a0c        0x4 contiki-srf06-cc26xx.a(rtimer-arch.o)
                0x0000000000009a0c                rtimer_arch_now
 .text.aux_ctrl_power_up
                0x0000000000009a10       0x28 contiki-srf06-cc26xx.a(aux-ctrl.o)
                0x0000000000009a10                aux_ctrl_power_up
 .text.aux_ctrl_register_consumer
                0x0000000000009a38       0x40 contiki-srf06-cc26xx.a(aux-ctrl.o)
                0x0000000000009a38                aux_ctrl_register_consumer
 .text.aux_ctrl_power_down
                0x0000000000009a78       0x6c contiki-srf06-cc26xx.a(aux-ctrl.o)
                0x0000000000009a78                aux_ctrl_power_down
 .text.aux_ctrl_unregister_consumer
                0x0000000000009ae4       0x28 contiki-srf06-cc26xx.a(aux-ctrl.o)
                0x0000000000009ae4                aux_ctrl_unregister_consumer
 .text.process_thread_rf_core_process
                0x0000000000009b0c       0x58 contiki-srf06-cc26xx.a(rf-core.o)
 .text.rf_core_is_accessible
                0x0000000000009b64       0x10 contiki-srf06-cc26xx.a(rf-core.o)
                0x0000000000009b64                rf_core_is_accessible
 .text.rf_core_send_cmd
                0x0000000000009b74       0xa4 contiki-srf06-cc26xx.a(rf-core.o)
                0x0000000000009b74                rf_core_send_cmd
 .text.rf_core_wait_cmd_done
                0x0000000000009c18       0x30 contiki-srf06-cc26xx.a(rf-core.o)
                0x0000000000009c18                rf_core_wait_cmd_done
 .text.rf_core_power_up
                0x0000000000009c48       0xb4 contiki-srf06-cc26xx.a(rf-core.o)
                0x0000000000009c48                rf_core_power_up
 .text.rf_core_start_rat
                0x0000000000009cfc       0x68 contiki-srf06-cc26xx.a(rf-core.o)
                0x0000000000009cfc                rf_core_start_rat
 .text.rf_core_stop_rat
                0x0000000000009d64       0x7c contiki-srf06-cc26xx.a(rf-core.o)
                0x0000000000009d64                rf_core_stop_rat
 .text.rf_core_power_down
                0x0000000000009de0       0xec contiki-srf06-cc26xx.a(rf-core.o)
                0x0000000000009de0                rf_core_power_down
 .text.rf_core_set_modesel
                0x0000000000009ecc       0x44 contiki-srf06-cc26xx.a(rf-core.o)
                0x0000000000009ecc                rf_core_set_modesel
 .text.rf_core_boot
                0x0000000000009f10       0x1c contiki-srf06-cc26xx.a(rf-core.o)
                0x0000000000009f10                rf_core_boot
 .text.rf_core_restart_rat
                0x0000000000009f2c       0x18 contiki-srf06-cc26xx.a(rf-core.o)
                0x0000000000009f2c                rf_core_restart_rat
 .text.rf_core_setup_interrupts
                0x0000000000009f44       0x74 contiki-srf06-cc26xx.a(rf-core.o)
                0x0000000000009f44                rf_core_setup_interrupts
 .text.rf_core_cmd_done_en
                0x0000000000009fb8       0x28 contiki-srf06-cc26xx.a(rf-core.o)
                0x0000000000009fb8                rf_core_cmd_done_en
 .text.rf_core_cmd_done_dis
                0x0000000000009fe0       0x18 contiki-srf06-cc26xx.a(rf-core.o)
                0x0000000000009fe0                rf_core_cmd_done_dis
 .text.rf_core_get_last_radio_op
                0x0000000000009ff8        0xc contiki-srf06-cc26xx.a(rf-core.o)
                0x0000000000009ff8                rf_core_get_last_radio_op
 .text.rf_core_init_radio_op
                0x000000000000a004       0x20 contiki-srf06-cc26xx.a(rf-core.o)
                0x000000000000a004                rf_core_init_radio_op
 .text.rf_core_primary_mode_register
                0x000000000000a024        0xc contiki-srf06-cc26xx.a(rf-core.o)
                0x000000000000a024                rf_core_primary_mode_register
 .text.RFCCPE1IntHandler
                0x000000000000a030       0x28 contiki-srf06-cc26xx.a(rf-core.o)
                0x000000000000a030                RFCCPE1IntHandler
 .text.RFCCPE0IntHandler
                0x000000000000a058       0x5c contiki-srf06-cc26xx.a(rf-core.o)
                0x000000000000a058                RFCCPE0IntHandler
 .text.rf_ble_is_active
                0x000000000000a0b4        0xc contiki-srf06-cc26xx.a(rf-ble.o)
                0x000000000000a0b4                rf_ble_is_active
 .text.memb_init
                0x000000000000a0c0       0x24 contiki-srf06-cc26xx.a(memb.o)
                0x000000000000a0c0                memb_init
 .text.memb_alloc
                0x000000000000a0e4       0x3c contiki-srf06-cc26xx.a(memb.o)
                0x000000000000a0e4                memb_alloc
 .text.memb_free
                0x000000000000a120       0x44 contiki-srf06-cc26xx.a(memb.o)
                0x000000000000a120                memb_free
 .text.memb_inmemb
                0x000000000000a164       0x1c contiki-srf06-cc26xx.a(memb.o)
                0x000000000000a164                memb_inmemb
 .text.memb_numfree
                0x000000000000a180       0x1c contiki-srf06-cc26xx.a(memb.o)
                0x000000000000a180                memb_numfree
 .text.echo_reply_input
                0x000000000000a19c       0xb0 contiki-srf06-cc26xx.a(uip-icmp6.o)
 .text.echo_request_input
                0x000000000000a24c       0xb8 contiki-srf06-cc26xx.a(uip-icmp6.o)
 .text.uip_icmp6_input
                0x000000000000a304       0x3c contiki-srf06-cc26xx.a(uip-icmp6.o)
                0x000000000000a304                uip_icmp6_input
 .text.uip_icmp6_register_input_handler
                0x000000000000a340        0xc contiki-srf06-cc26xx.a(uip-icmp6.o)
                0x000000000000a340                uip_icmp6_register_input_handler
 .text.uip_icmp6_error_output
                0x000000000000a34c      0x150 contiki-srf06-cc26xx.a(uip-icmp6.o)
                0x000000000000a34c                uip_icmp6_error_output
 .text.uip_icmp6_send
                0x000000000000a49c       0x84 contiki-srf06-cc26xx.a(uip-icmp6.o)
                0x000000000000a49c                uip_icmp6_send
 .text.uip_icmp6_init
                0x000000000000a520       0x24 contiki-srf06-cc26xx.a(uip-icmp6.o)
                0x000000000000a520                uip_icmp6_init
 .text.uip_ds6_list_loop
                0x000000000000a544       0x60 contiki-srf06-cc26xx.a(uip-ds6.o)
                0x000000000000a544                uip_ds6_list_loop
 .text.uip_ds6_prefix_add
                0x000000000000a5a4       0x6c contiki-srf06-cc26xx.a(uip-ds6.o)
                0x000000000000a5a4                uip_ds6_prefix_add
 .text.uip_ds6_is_addr_onlink
                0x000000000000a610       0x3c contiki-srf06-cc26xx.a(uip-ds6.o)
                0x000000000000a610                uip_ds6_is_addr_onlink
 .text.uip_ds6_addr_lookup
                0x000000000000a64c       0x30 contiki-srf06-cc26xx.a(uip-ds6.o)
                0x000000000000a64c                uip_ds6_addr_lookup
 .text.uip_ds6_get_link_local
                0x000000000000a67c       0x44 contiki-srf06-cc26xx.a(uip-ds6.o)
                0x000000000000a67c                uip_ds6_get_link_local
 .text.uip_ds6_maddr_add
                0x000000000000a6c0       0x50 contiki-srf06-cc26xx.a(uip-ds6.o)
                0x000000000000a6c0                uip_ds6_maddr_add
 .text.uip_ds6_addr_add
                0x000000000000a710       0xa8 contiki-srf06-cc26xx.a(uip-ds6.o)
                0x000000000000a710                uip_ds6_addr_add
 .text.uip_ds6_maddr_lookup
                0x000000000000a7b8       0x30 contiki-srf06-cc26xx.a(uip-ds6.o)
                0x000000000000a7b8                uip_ds6_maddr_lookup
 .text.uip_ds6_addr_rm
                0x000000000000a7e8       0x48 contiki-srf06-cc26xx.a(uip-ds6.o)
                0x000000000000a7e8                uip_ds6_addr_rm
 .text.uip_ds6_periodic
                0x000000000000a830       0x5c contiki-srf06-cc26xx.a(uip-ds6.o)
                0x000000000000a830                uip_ds6_periodic
 .text.uip_ds6_select_src
                0x000000000000a88c       0xf4 contiki-srf06-cc26xx.a(uip-ds6.o)
                0x000000000000a88c                uip_ds6_select_src
 .text.uip_ds6_set_addr_iid
                0x000000000000a980       0x14 contiki-srf06-cc26xx.a(uip-ds6.o)
                0x000000000000a980                uip_ds6_set_addr_iid
 .text.uip_ds6_compute_reachable_time
                0x000000000000a994       0x28 contiki-srf06-cc26xx.a(uip-ds6.o)
                0x000000000000a994                uip_ds6_compute_reachable_time
 .text.uip_ds6_init
                0x000000000000a9bc       0xf8 contiki-srf06-cc26xx.a(uip-ds6.o)
                0x000000000000a9bc                uip_ds6_init
 .text.call_route_callback
                0x000000000000aab4       0x50 contiki-srf06-cc26xx.a(uip-ds6-route.o)
 .text.uip_ds6_route_init
                0x000000000000ab04       0x4c contiki-srf06-cc26xx.a(uip-ds6-route.o)
                0x000000000000ab04                uip_ds6_route_init
 .text.uip_ds6_route_nexthop
                0x000000000000ab50       0x1c contiki-srf06-cc26xx.a(uip-ds6-route.o)
                0x000000000000ab50                uip_ds6_route_nexthop
 .text.uip_ds6_route_head
                0x000000000000ab6c        0xc contiki-srf06-cc26xx.a(uip-ds6-route.o)
                0x000000000000ab6c                uip_ds6_route_head
 .text.uip_ds6_route_next
                0x000000000000ab78        0x8 contiki-srf06-cc26xx.a(uip-ds6-route.o)
                0x000000000000ab78                uip_ds6_route_next
 .text.uip_ds6_route_is_nexthop
                0x000000000000ab80       0x20 contiki-srf06-cc26xx.a(uip-ds6-route.o)
                0x000000000000ab80                uip_ds6_route_is_nexthop
 .text.uip_ds6_route_lookup
                0x000000000000aba0       0x78 contiki-srf06-cc26xx.a(uip-ds6-route.o)
                0x000000000000aba0                uip_ds6_route_lookup
 .text.uip_ds6_route_rm
                0x000000000000ac18       0xac contiki-srf06-cc26xx.a(uip-ds6-route.o)
                0x000000000000ac18                uip_ds6_route_rm
 .text.rm_routelist
                0x000000000000acc4       0x38 contiki-srf06-cc26xx.a(uip-ds6-route.o)
 .text.rm_routelist_callback
                0x000000000000acfc        0x4 contiki-srf06-cc26xx.a(uip-ds6-route.o)
 .text.uip_ds6_route_add
                0x000000000000ad00      0x12c contiki-srf06-cc26xx.a(uip-ds6-route.o)
                0x000000000000ad00                uip_ds6_route_add
 .text.uip_ds6_defrt_rm
                0x000000000000ae2c       0x48 contiki-srf06-cc26xx.a(uip-ds6-route.o)
                0x000000000000ae2c                uip_ds6_defrt_rm
 .text.uip_ds6_defrt_lookup
                0x000000000000ae74       0x34 contiki-srf06-cc26xx.a(uip-ds6-route.o)
                0x000000000000ae74                uip_ds6_defrt_lookup
 .text.uip_ds6_defrt_add
                0x000000000000aea8       0x5c contiki-srf06-cc26xx.a(uip-ds6-route.o)
                0x000000000000aea8                uip_ds6_defrt_add
 .text.uip_ds6_defrt_choose
                0x000000000000af04       0x34 contiki-srf06-cc26xx.a(uip-ds6-route.o)
                0x000000000000af04                uip_ds6_defrt_choose
 .text.uip_ds6_defrt_periodic
                0x000000000000af38       0x3c contiki-srf06-cc26xx.a(uip-ds6-route.o)
                0x000000000000af38                uip_ds6_defrt_periodic
 .text.uip_ds6_nbr_rm
                0x000000000000af74       0x20 contiki-srf06-cc26xx.a(uip-ds6-nbr.o)
                0x000000000000af74                uip_ds6_nbr_rm
 .text.uip_ds6_neighbors_init
                0x000000000000af94       0x1c contiki-srf06-cc26xx.a(uip-ds6-nbr.o)
                0x000000000000af94                uip_ds6_neighbors_init
 .text.uip_ds6_nbr_add
                0x000000000000afb0       0x38 contiki-srf06-cc26xx.a(uip-ds6-nbr.o)
                0x000000000000afb0                uip_ds6_nbr_add
 .text.uip_ds6_nbr_get_ll
                0x000000000000afe8       0x10 contiki-srf06-cc26xx.a(uip-ds6-nbr.o)
                0x000000000000afe8                uip_ds6_nbr_get_ll
 .text.uip_ds6_nbr_lookup
                0x000000000000aff8       0x3c contiki-srf06-cc26xx.a(uip-ds6-nbr.o)
                0x000000000000aff8                uip_ds6_nbr_lookup
 .text.uip_ds6_nbr_ipaddr_from_lladdr
                0x000000000000b034       0x10 contiki-srf06-cc26xx.a(uip-ds6-nbr.o)
                0x000000000000b034                uip_ds6_nbr_ipaddr_from_lladdr
 .text.uip_ds6_nbr_lladdr_from_ipaddr
                0x000000000000b044       0x1c contiki-srf06-cc26xx.a(uip-ds6-nbr.o)
                0x000000000000b044                uip_ds6_nbr_lladdr_from_ipaddr
 .text.uip_ds6_link_neighbor_callback
                0x000000000000b060       0x34 contiki-srf06-cc26xx.a(uip-ds6-nbr.o)
                0x000000000000b060                uip_ds6_link_neighbor_callback
 .text.uip_udp_packet_send
                0x000000000000b094       0x40 contiki-srf06-cc26xx.a(uip-udp-packet.)
                0x000000000000b094                uip_udp_packet_send
 .text.uip_udp_packet_sendto
                0x000000000000b0d4       0x48 contiki-srf06-cc26xx.a(uip-udp-packet.)
                0x000000000000b0d4                uip_udp_packet_sendto
 .text.get32    0x000000000000b11c       0x20 contiki-srf06-cc26xx.a(rpl-icmp6.o)
 .text.dao_ack_input
                0x000000000000b13c       0x14 contiki-srf06-cc26xx.a(rpl-icmp6.o)
 .text.dao_output_target_seq
                0x000000000000b150       0xf8 contiki-srf06-cc26xx.a(rpl-icmp6.o)
 .text.dio_input
                0x000000000000b248      0x270 contiki-srf06-cc26xx.a(rpl-icmp6.o)
 .text.rpl_icmp6_update_nbr_table
                0x000000000000b4b8       0x38 contiki-srf06-cc26xx.a(rpl-icmp6.o)
                0x000000000000b4b8                rpl_icmp6_update_nbr_table
 .text.dao_input
                0x000000000000b4f0      0x2e0 contiki-srf06-cc26xx.a(rpl-icmp6.o)
 .text.dis_output
                0x000000000000b7d0       0x58 contiki-srf06-cc26xx.a(rpl-icmp6.o)
                0x000000000000b7d0                dis_output
 .text.dio_output
                0x000000000000b828      0x2e8 contiki-srf06-cc26xx.a(rpl-icmp6.o)
                0x000000000000b828                dio_output
 .text.dis_input
                0x000000000000bb10       0x54 contiki-srf06-cc26xx.a(rpl-icmp6.o)
 .text.dao_output
                0x000000000000bb64       0x90 contiki-srf06-cc26xx.a(rpl-icmp6.o)
                0x000000000000bb64                dao_output
 .text.dao_output_target
                0x000000000000bbf4        0xc contiki-srf06-cc26xx.a(rpl-icmp6.o)
                0x000000000000bbf4                dao_output_target
 .text.rpl_icmp6_register_handlers
                0x000000000000bc00       0x30 contiki-srf06-cc26xx.a(rpl-icmp6.o)
                0x000000000000bc00                rpl_icmp6_register_handlers
 .text.new_dio_interval
                0x000000000000bc30       0x5c contiki-srf06-cc26xx.a(rpl-timers.o)
 .text.handle_periodic_timer
                0x000000000000bc8c       0x58 contiki-srf06-cc26xx.a(rpl-timers.o)
 .text.set_dao_lifetime_timer
                0x000000000000bce4       0x48 contiki-srf06-cc26xx.a(rpl-timers.o)
 .text.handle_unicast_dio_timer
                0x000000000000bd2c       0x1c contiki-srf06-cc26xx.a(rpl-timers.o)
 .text.handle_dio_timer
                0x000000000000bd48       0x88 contiki-srf06-cc26xx.a(rpl-timers.o)
 .text.schedule_dao
                0x000000000000bdd0       0x54 contiki-srf06-cc26xx.a(rpl-timers.o)
 .text.handle_dao_timer
                0x000000000000be24       0x5c contiki-srf06-cc26xx.a(rpl-timers.o)
 .text.rpl_reset_periodic_timer
                0x000000000000be80       0x3c contiki-srf06-cc26xx.a(rpl-timers.o)
                0x000000000000be80                rpl_reset_periodic_timer
 .text.rpl_reset_dio_timer
                0x000000000000bebc       0x1c contiki-srf06-cc26xx.a(rpl-timers.o)
                0x000000000000bebc                rpl_reset_dio_timer
 .text.rpl_schedule_dao
                0x000000000000bed8        0x8 contiki-srf06-cc26xx.a(rpl-timers.o)
                0x000000000000bed8                rpl_schedule_dao
 .text.rpl_schedule_unicast_dio_immediately
                0x000000000000bee0       0x10 contiki-srf06-cc26xx.a(rpl-timers.o)
                0x000000000000bee0                rpl_schedule_unicast_dio_immediately
 .text.get_probing_delay
                0x000000000000bef0       0x4c contiki-srf06-cc26xx.a(rpl-timers.o)
                0x000000000000bef0                get_probing_delay
 .text.get_probing_target
                0x000000000000bf3c       0xdc contiki-srf06-cc26xx.a(rpl-timers.o)
                0x000000000000bf3c                get_probing_target
 .text.rpl_schedule_probing
                0x000000000000c018       0x20 contiki-srf06-cc26xx.a(rpl-timers.o)
                0x000000000000c018                rpl_schedule_probing
 .text.handle_probing_timer
                0x000000000000c038       0x34 contiki-srf06-cc26xx.a(rpl-timers.o)
 .text.update_nbr
                0x000000000000c06c      0x11c contiki-srf06-cc26xx.a(rpl-nbr-policy.)
 .text.handle_periodic_timer
                0x000000000000c188       0x14 contiki-srf06-cc26xx.a(rpl-nbr-policy.)
 .text.find_removable_dio
                0x000000000000c19c       0x40 contiki-srf06-cc26xx.a(rpl-nbr-policy.)
                0x000000000000c19c                find_removable_dio
 .text.find_removable_dao
                0x000000000000c1dc       0x38 contiki-srf06-cc26xx.a(rpl-nbr-policy.)
                0x000000000000c1dc                find_removable_dao
 .text.rpl_nbr_policy_find_removable
                0x000000000000c214       0x40 contiki-srf06-cc26xx.a(rpl-nbr-policy.)
                0x000000000000c214                rpl_nbr_policy_find_removable
 .text.reset    0x000000000000c254        0x4 contiki-srf06-cc26xx.a(rpl-mrhof.o)
 .text.update_metric_container
                0x000000000000c258        0x8 contiki-srf06-cc26xx.a(rpl-mrhof.o)
 .text.parent_link_metric
                0x000000000000c260       0x14 contiki-srf06-cc26xx.a(rpl-mrhof.o)
 .text.parent_has_usable_link
                0x000000000000c274       0x18 contiki-srf06-cc26xx.a(rpl-mrhof.o)
 .text.best_dag
                0x000000000000c28c       0x2c contiki-srf06-cc26xx.a(rpl-mrhof.o)
 .text.parent_path_cost
                0x000000000000c2b8       0x4c contiki-srf06-cc26xx.a(rpl-mrhof.o)
 .text.parent_is_acceptable
                0x000000000000c304       0x34 contiki-srf06-cc26xx.a(rpl-mrhof.o)
 .text.rank_via_parent
                0x000000000000c338       0x3c contiki-srf06-cc26xx.a(rpl-mrhof.o)
 .text.best_parent
                0x000000000000c374       0x70 contiki-srf06-cc26xx.a(rpl-mrhof.o)
 .text.NOROM_SetupGetTrimForXoscHfCtl.part.3
                0x000000000000c3e4       0x20 contiki-srf06-cc26xx.a(setup_rom.o)
 .text.NOROM_SetupGetTrimForRadcExtCfg.part.4
                0x000000000000c404       0x20 contiki-srf06-cc26xx.a(setup_rom.o)
 .text.NOROM_SetupAfterColdResetWakeupFromShutDownCfg1
                0x000000000000c424       0x7c contiki-srf06-cc26xx.a(setup_rom.o)
                0x000000000000c424                NOROM_SetupAfterColdResetWakeupFromShutDownCfg1
 .text.NOROM_SetupAfterColdResetWakeupFromShutDownCfg3
                0x000000000000c4a0      0x194 contiki-srf06-cc26xx.a(setup_rom.o)
                0x000000000000c4a0                NOROM_SetupAfterColdResetWakeupFromShutDownCfg3
 .text.NOROM_SetupGetTrimForAnabypassValue1
                0x000000000000c634       0x64 contiki-srf06-cc26xx.a(setup_rom.o)
                0x000000000000c634                NOROM_SetupGetTrimForAnabypassValue1
 .text.NOROM_SetupGetTrimForAmpcompCtrl
                0x000000000000c698       0x74 contiki-srf06-cc26xx.a(setup_rom.o)
                0x000000000000c698                NOROM_SetupGetTrimForAmpcompCtrl
 .text.NOROM_SetupAfterColdResetWakeupFromShutDownCfg2
                0x000000000000c70c      0x194 contiki-srf06-cc26xx.a(setup_rom.o)
                0x000000000000c70c                NOROM_SetupAfterColdResetWakeupFromShutDownCfg2
 .text.NOROM_SetupSetCacheModeAccordingToCcfgSetting
                0x000000000000c8a0       0x6c contiki-srf06-cc26xx.a(setup_rom.o)
                0x000000000000c8a0                NOROM_SetupSetCacheModeAccordingToCcfgSetting
 .text.mac_sequence_is_duplicate
                0x000000000000c90c       0x4c contiki-srf06-cc26xx.a(mac-sequence.o)
                0x000000000000c90c                mac_sequence_is_duplicate
 .text.mac_sequence_register_seqno
                0x000000000000c958       0x64 contiki-srf06-cc26xx.a(mac-sequence.o)
                0x000000000000c958                mac_sequence_register_seqno
 .text.mac_call_sent_callback
                0x000000000000c9bc       0x10 contiki-srf06-cc26xx.a(mac.o)
                0x000000000000c9bc                mac_call_sent_callback
 .text.stimer_set
                0x000000000000c9cc       0x10 contiki-srf06-cc26xx.a(stimer.o)
                0x000000000000c9cc                stimer_set
 .text.stimer_expired
                0x000000000000c9dc       0x20 contiki-srf06-cc26xx.a(stimer.o)
                0x000000000000c9dc                stimer_expired
 .text          0x000000000000c9fc       0x30 /usr/lib/gcc/arm-none-eabi/4.9/armv7-m/libgcc.a(_aeabi_uldivmod.o)
                0x000000000000c9fc                __aeabi_uldivmod
 .text          0x000000000000ca2c       0x60 /usr/lib/gcc/arm-none-eabi/4.9/armv7-m/libgcc.a(bpabi.o)
                0x000000000000ca2c                __gnu_ldivmod_helper
                0x000000000000ca5c                __gnu_uldivmod_helper
 .text          0x000000000000ca8c        0x4 /usr/lib/gcc/arm-none-eabi/4.9/armv7-m/libgcc.a(_dvmd_tls.o)
                0x000000000000ca8c                __aeabi_ldiv0
                0x000000000000ca8c                __aeabi_idiv0
 .text          0x000000000000ca90      0x2ac /usr/lib/gcc/arm-none-eabi/4.9/armv7-m/libgcc.a(_divdi3.o)
                0x000000000000ca90                __divdi3
 .text          0x000000000000cd3c      0x270 /usr/lib/gcc/arm-none-eabi/4.9/armv7-m/libgcc.a(_udivdi3.o)
                0x000000000000cd3c                __udivdi3
 .text.memcmp   0x000000000000cfac       0x68 /usr/lib/gcc/arm-none-eabi/4.9/../../../arm-none-eabi/lib/armv7-m/libc.a(lib_a-memcmp.o)
                0x000000000000cfac                memcmp
 .text          0x000000000000d014       0xec /usr/lib/gcc/arm-none-eabi/4.9/../../../arm-none-eabi/lib/armv7-m/libc.a(lib_a-memcpy.o)
                0x000000000000d014                memcpy
 .text.memmove  0x000000000000d100       0xcc /usr/lib/gcc/arm-none-eabi/4.9/../../../arm-none-eabi/lib/armv7-m/libc.a(lib_a-memmove.o)
                0x000000000000d100                memmove
 .text.memset   0x000000000000d1cc       0x94 /usr/lib/gcc/arm-none-eabi/4.9/../../../arm-none-eabi/lib/armv7-m/libc.a(lib_a-memset.o)
                0x000000000000d1cc                memset
 .text.strlen   0x000000000000d260       0x5c /usr/lib/gcc/arm-none-eabi/4.9/../../../arm-none-eabi/lib/armv7-m/libc.a(lib_a-strlen.o)
                0x000000000000d260                strlen
 *(SORT(.rodata*))
 .rodata.autostart_processes
                0x000000000000d2bc        0x8 main_leaf.co
                0x000000000000d2bc                autostart_processes
 .rodata.str1.4
                0x000000000000d2c4      0x150 main_leaf.co
 .rodata.str1.4
                0x000000000000d414       0xee contiki-srf06-cc26xx.a(contiki-main.o)
                                         0xf0 (size before relaxing)
 *fill*         0x000000000000d502        0x2 00000000
 .rodata.str1.4
                0x000000000000d504        0x8 contiki-srf06-cc26xx.a(sensors.o)
 .rodata        0x000000000000d50c       0x40 contiki-srf06-cc26xx.a(board.o)
 .rodata.str1.4
                0x000000000000d54c        0x7 contiki-srf06-cc26xx.a(button-sensor.o)
                                          0x8 (size before relaxing)
 *fill*         0x000000000000d553        0x1 00000000
 .rodata.button_left_sensor
                0x000000000000d554       0x10 contiki-srf06-cc26xx.a(button-sensor.o)
                0x000000000000d554                button_left_sensor
 .rodata.button_right_sensor
                0x000000000000d564       0x10 contiki-srf06-cc26xx.a(button-sensor.o)
                0x000000000000d564                button_right_sensor
 .rodata        0x000000000000d574        0x4 contiki-srf06-cc26xx.a(ext-flash.o)
 .rodata.str1.4
                0x000000000000d578       0x10 contiki-srf06-cc26xx.a(batmon-sensor.o)
 .rodata.batmon_sensor
                0x000000000000d588       0x10 contiki-srf06-cc26xx.a(batmon-sensor.o)
                0x000000000000d588                batmon_sensor
 .rodata.adc_sensor
                0x000000000000d598       0x10 contiki-srf06-cc26xx.a(adc-sensor.o)
                0x000000000000d598                adc_sensor
 .rodata.str1.4
                0x000000000000d5a8       0x14 contiki-srf06-cc26xx.a(adc-sensor.o)
 .rodata.output_power
                0x000000000000d5bc       0x68 contiki-srf06-cc26xx.a(ieee-mode.o)
 .rodata.mode_ieee
                0x000000000000d624        0x8 contiki-srf06-cc26xx.a(ieee-mode.o)
 .rodata.ieee_mode_driver
                0x000000000000d62c       0x38 contiki-srf06-cc26xx.a(ieee-mode.o)
                0x000000000000d62c                ieee_mode_driver
 .rodata.str1.4
                0x000000000000d664       0x1b contiki-srf06-cc26xx.a(soc-trng.o)
                                         0x1c (size before relaxing)
 *fill*         0x000000000000d67f        0x1 00000000
 .rodata.str1.4
                0x000000000000d680       0x46 contiki-srf06-cc26xx.a(strformat.o)
                                         0x48 (size before relaxing)
 *fill*         0x000000000000d6c6        0x2 00000000
 .rodata.buffer.4019
                0x000000000000d6c8       0x10 contiki-srf06-cc26xx.a(strformat.o)
 .rodata.buffer.4028
                0x000000000000d6d8       0x10 contiki-srf06-cc26xx.a(strformat.o)
 .rodata.str1.4
                0x000000000000d6e8        0xf contiki-srf06-cc26xx.a(ctimer.o)
                                         0x10 (size before relaxing)
 *fill*         0x000000000000d6f7        0x1 00000000
 .rodata.str1.4
                0x000000000000d6f8        0xc contiki-srf06-cc26xx.a(etimer.o)
 .rodata.str1.4
                0x000000000000d704        0xe contiki-srf06-cc26xx.a(serial-line.o)
                                         0x10 (size before relaxing)
 *fill*         0x000000000000d712        0x2 00000000
 .rodata        0x000000000000d714        0x4 contiki-srf06-cc26xx.a(sicslowpan.o)
 .rodata.ttl_values
                0x000000000000d718        0x4 contiki-srf06-cc26xx.a(sicslowpan.o)
 .rodata.unc_llconf
                0x000000000000d71c        0x4 contiki-srf06-cc26xx.a(sicslowpan.o)
                0x000000000000d71c                unc_llconf
 .rodata.llprefix
                0x000000000000d720        0x4 contiki-srf06-cc26xx.a(sicslowpan.o)
                0x000000000000d720                llprefix
 .rodata.sicslowpan_driver
                0x000000000000d724        0xc contiki-srf06-cc26xx.a(sicslowpan.o)
                0x000000000000d724                sicslowpan_driver
 .rodata.unc_mxconf
                0x000000000000d730        0x4 contiki-srf06-cc26xx.a(sicslowpan.o)
                0x000000000000d730                unc_mxconf
 .rodata.unc_ctxconf
                0x000000000000d734        0x4 contiki-srf06-cc26xx.a(sicslowpan.o)
                0x000000000000d734                unc_ctxconf
 .rodata.str1.4
                0x000000000000d738        0xb contiki-srf06-cc26xx.a(sicslowpan.o)
                                          0xc (size before relaxing)
 *fill*         0x000000000000d743        0x1 00000000
 .rodata.str1.4
                0x000000000000d744       0x2b contiki-srf06-cc26xx.a(uip-debug.o)
                                         0x2c (size before relaxing)
 *fill*         0x000000000000d76f        0x1 00000000
 .rodata.str1.4
                0x000000000000d770        0xd contiki-srf06-cc26xx.a(tcpip.o)
                                         0x10 (size before relaxing)
 *fill*         0x000000000000d77d        0x3 00000000
 .rodata.str1.4
                0x000000000000d780       0x13 contiki-srf06-cc26xx.a(simple-udp.o)
                                         0x14 (size before relaxing)
 *fill*         0x000000000000d793        0x1 00000000
 .rodata.linkaddr_null
                0x000000000000d794        0x8 contiki-srf06-cc26xx.a(linkaddr.o)
                0x000000000000d794                linkaddr_null
 .rodata.framer_802154
                0x000000000000d79c        0xc contiki-srf06-cc26xx.a(framer-802154.o)
                0x000000000000d79c                framer_802154
 .rodata.str1.4
                0x000000000000d7a8        0x5 contiki-srf06-cc26xx.a(csma.o)
                                          0x8 (size before relaxing)
 *fill*         0x000000000000d7ad        0x3 00000000
 .rodata.csma_driver
                0x000000000000d7b0       0x1c contiki-srf06-cc26xx.a(csma.o)
                0x000000000000d7b0                csma_driver
 .rodata.str1.4
                0x000000000000d7cc        0xb contiki-srf06-cc26xx.a(contikimac.o)
                                          0xc (size before relaxing)
 *fill*         0x000000000000d7d7        0x1 00000000
 .rodata.contikimac_driver
                0x000000000000d7d8       0x20 contiki-srf06-cc26xx.a(contikimac.o)
                0x000000000000d7d8                contikimac_driver
 .rodata.str1.4
                0x000000000000d7f8        0x8 contiki-srf06-cc26xx.a(nullsec.o)
 .rodata.nullsec_driver
                0x000000000000d800       0x10 contiki-srf06-cc26xx.a(nullsec.o)
                0x000000000000d800                nullsec_driver
 .rodata.str1.4
                0x000000000000d810       0x48 contiki-srf06-cc26xx.a(rf-core.o)
                0x000000000000d858                _etext = .

.glue_7         0x000000000000d858        0x0
 .glue_7        0x000000000000d858        0x0 linker stubs

.glue_7t        0x000000000000d858        0x0
 .glue_7t       0x000000000000d858        0x0 linker stubs

.vfp11_veneer   0x000000000000d858        0x0
 .vfp11_veneer  0x000000000000d858        0x0 linker stubs

.v4_bx          0x000000000000d858        0x0
 .v4_bx         0x000000000000d858        0x0 linker stubs

.iplt           0x000000000000d858        0x0
 .iplt          0x000000000000d858        0x0 obj_srf06-cc26xx/startup_gcc.o

.data           0x0000000020000000      0x261 load address 0x000000000000d858
                0x0000000020000000                _data = .
 *(SORT(vtable))
 *(SORT(.data*))
 .data.init_system_proc
                0x0000000020000000       0x10 main_leaf.co
                0x0000000020000000                init_system_proc
 .data.sensors_process
                0x0000000020000010       0x10 contiki-srf06-cc26xx.a(sensors.o)
                0x0000000020000010                sensors_process
 .data.launchpad_module
                0x0000000020000020       0x14 contiki-srf06-cc26xx.a(board.o)
 .data.sensors  0x0000000020000034        0xc contiki-srf06-cc26xx.a(launchpad-senso)
                0x0000000020000034                sensors
 .data.adc_aux  0x0000000020000040        0x8 contiki-srf06-cc26xx.a(adc-sensor.o)
 .data.uart_module
                0x0000000020000048       0x14 contiki-srf06-cc26xx.a(cc26xx-uart.o)
 .data.cc26xx_rf_lpm_module
                0x000000002000005c       0x14 contiki-srf06-cc26xx.a(ieee-mode.o)
 .data.ieee_overrides
                0x0000000020000070       0x2c contiki-srf06-cc26xx.a(ieee-mode.o)
 .data.tx_power_current
                0x000000002000009c        0x4 contiki-srf06-cc26xx.a(ieee-mode.o)
                0x000000002000009c                tx_power_current
 .data.rng_module
                0x00000000200000a0       0x14 contiki-srf06-cc26xx.a(soc-trng.o)
 .data.soc_trng_process
                0x00000000200000b4       0x10 contiki-srf06-cc26xx.a(soc-trng.o)
                0x00000000200000b4                soc_trng_process
 .data.ctxt     0x00000000200000c4        0x8 contiki-srf06-cc26xx.a(dbg-printf.o)
 .data.ctimer_process
                0x00000000200000cc       0x10 contiki-srf06-cc26xx.a(ctimer.o)
                0x00000000200000cc                ctimer_process
 .data.etimer_process
                0x00000000200000dc       0x10 contiki-srf06-cc26xx.a(etimer.o)
                0x00000000200000dc                etimer_process
 .data.serial_line_process
                0x00000000200000ec       0x10 contiki-srf06-cc26xx.a(serial-line.o)
                0x00000000200000ec                serial_line_process
 .data.ns_input_handler
                0x00000000200000fc        0xc contiki-srf06-cc26xx.a(uip-nd6.o)
 .data.tcpip_process
                0x0000000020000108       0x10 contiki-srf06-cc26xx.a(tcpip.o)
                0x0000000020000108                tcpip_process
 .data.simple_udp_process
                0x0000000020000118       0x10 contiki-srf06-cc26xx.a(simple-udp.o)
                0x0000000020000118                simple_udp_process
 .data.rpl_parents
                0x0000000020000128        0x4 contiki-srf06-cc26xx.a(rpl-dag.o)
                0x0000000020000128                rpl_parents
 .data.rpl_parents_struct
                0x000000002000012c       0x10 contiki-srf06-cc26xx.a(rpl-dag.o)
 .data.bufmem   0x000000002000013c        0xc contiki-srf06-cc26xx.a(queuebuf.o)
 .data.buframmem
                0x0000000020000148        0xc contiki-srf06-cc26xx.a(queuebuf.o)
 .data.neighbor_addr_mem
                0x0000000020000154        0xc contiki-srf06-cc26xx.a(nbr-table.o)
 .data.link_stats_struct
                0x0000000020000160       0x10 contiki-srf06-cc26xx.a(link-stats.o)
 .data.metadata_memb
                0x0000000020000170        0xc contiki-srf06-cc26xx.a(csma.o)
 .data.neighbor_memb
                0x000000002000017c        0xc contiki-srf06-cc26xx.a(csma.o)
 .data.packet_memb
                0x0000000020000188        0xc contiki-srf06-cc26xx.a(csma.o)
 .data.rf_core_process
                0x0000000020000194       0x10 contiki-srf06-cc26xx.a(rf-core.o)
                0x0000000020000194                rf_core_process
 .data.echo_request_handler
                0x00000000200001a4        0xc contiki-srf06-cc26xx.a(uip-icmp6.o)