Archive member included to satisfy reference by file (symbol)

contiki-srf06-cc26xx.a(contiki-main.o)
                              obj_srf06-cc26xx/startup_gcc.o (main)
contiki-srf06-cc26xx.a(sensors.o)
                              contiki-srf06-cc26xx.a(contiki-main.o) (sensors_process)
contiki-srf06-cc26xx.a(leds.o)
                              contiki-srf06-cc26xx.a(contiki-main.o) (leds_init)
contiki-srf06-cc26xx.a(leds-arch.o)
                              contiki-srf06-cc26xx.a(leds.o) (leds_arch_init)
contiki-srf06-cc26xx.a(srf06-sensors.o)
                              contiki-srf06-cc26xx.a(sensors.o) (sensors_flags)
contiki-srf06-cc26xx.a(button-sensor.o)
                              contiki-srf06-cc26xx.a(srf06-sensors.o) (button_down_sensor)
contiki-srf06-cc26xx.a(board.o)
                              contiki-srf06-cc26xx.a(contiki-main.o) (board_init)
contiki-srf06-cc26xx.a(als-sensor.o)
                              contiki-srf06-cc26xx.a(srf06-sensors.o) (als_sensor)
contiki-srf06-cc26xx.a(clock.o)
                              contiki-srf06-cc26xx.a(contiki-main.o) (clock_init)
contiki-srf06-cc26xx.a(soc-rtc.o)
                              contiki-srf06-cc26xx.a(contiki-main.o) (soc_rtc_init)
contiki-srf06-cc26xx.a(contiki-watchdo)
                              contiki-srf06-cc26xx.a(contiki-main.o) (watchdog_init)
contiki-srf06-cc26xx.a(aux-ctrl.o)
                              contiki-srf06-cc26xx.a(als-sensor.o) (aux_ctrl_register_consumer)
contiki-srf06-cc26xx.a(putchar.o)
                              contiki-srf06-cc26xx.a(contiki-main.o) (putchar)
contiki-srf06-cc26xx.a(ieee-addr.o)
                              contiki-srf06-cc26xx.a(contiki-main.o) (ieee_addr_cpy_to)
contiki-srf06-cc26xx.a(batmon-sensor.o)
                              main_leaf.co (batmon_sensor)
contiki-srf06-cc26xx.a(cc26xx-uart.o)
                              contiki-srf06-cc26xx.a(contiki-main.o) (cc26xx_uart_init)
contiki-srf06-cc26xx.a(lpm.o)
                              contiki-srf06-cc26xx.a(button-sensor.o) (lpm_shutdown)
contiki-srf06-cc26xx.a(gpio-interrupt.)
                              contiki-srf06-cc26xx.a(button-sensor.o) (gpio_interrupt_register_handler)
contiki-srf06-cc26xx.a(oscillators.o)
                              contiki-srf06-cc26xx.a(contiki-main.o) (oscillators_select_lf_xosc)
contiki-srf06-cc26xx.a(ieee-mode.o)
                              contiki-srf06-cc26xx.a(contiki-main.o) (ieee_mode_driver)
contiki-srf06-cc26xx.a(random.o)
                              contiki-srf06-cc26xx.a(contiki-main.o) (random_init)
contiki-srf06-cc26xx.a(soc-trng.o)
                              contiki-srf06-cc26xx.a(random.o) (soc_trng_rand_synchronous)
contiki-srf06-cc26xx.a(dbg-printf.o)
                              main_leaf.co (printf)
contiki-srf06-cc26xx.a(dbg-snprintf.o)
                              main_leaf.co (snprintf)
contiki-srf06-cc26xx.a(dbg-sprintf.o)
                              main_leaf.co (sprintf)
contiki-srf06-cc26xx.a(strformat.o)
                              contiki-srf06-cc26xx.a(dbg-printf.o) (format_str_v)
contiki-srf06-cc26xx.a(ctimer.o)
                              contiki-srf06-cc26xx.a(contiki-main.o) (ctimer_init)
contiki-srf06-cc26xx.a(autostart.o)
                              contiki-srf06-cc26xx.a(contiki-main.o) (autostart_start)
contiki-srf06-cc26xx.a(energest.o)
                              contiki-srf06-cc26xx.a(contiki-main.o) (energest_init)
contiki-srf06-cc26xx.a(etimer.o)
                              contiki-srf06-cc26xx.a(clock.o) (etimer_request_poll)
contiki-srf06-cc26xx.a(process.o)
                              contiki-srf06-cc26xx.a(sensors.o) (process_alloc_event)
contiki-srf06-cc26xx.a(rtimer.o)
                              contiki-srf06-cc26xx.a(contiki-main.o) (rtimer_init)
contiki-srf06-cc26xx.a(timer.o)
                              contiki-srf06-cc26xx.a(button-sensor.o) (timer_set)
contiki-srf06-cc26xx.a(serial-line.o)
                              contiki-srf06-cc26xx.a(contiki-main.o) (serial_line_init)
contiki-srf06-cc26xx.a(list.o)
                              contiki-srf06-cc26xx.a(lpm.o) (list_init)
contiki-srf06-cc26xx.a(ringbuf.o)
                              contiki-srf06-cc26xx.a(serial-line.o) (ringbuf_init)
contiki-srf06-cc26xx.a(uip-ds6-route.o)
                              main_leaf.co (uip_ds6_defrt_choose)
contiki-srf06-cc26xx.a(uip6.o)
                              contiki-srf06-cc26xx.a(contiki-main.o) (uip_lladdr)
contiki-srf06-cc26xx.a(uip-ds6-nbr.o)
                              contiki-srf06-cc26xx.a(uip-ds6-route.o) (uip_ds6_nbr_lookup)
contiki-srf06-cc26xx.a(uip-nd6.o)
                              contiki-srf06-cc26xx.a(uip6.o) (uip_nd6_init)
contiki-srf06-cc26xx.a(sicslowpan.o)
                              main_leaf.co (sicslowpan_get_last_rssi)
contiki-srf06-cc26xx.a(uip-debug.o)
                              main_leaf.co (uip_debug_ipaddr_print)
contiki-srf06-cc26xx.a(tcpip.o)
[...]
Memory Configuration

Name             Origin             Length             Attributes
FLASH            0x0000000000000000 0x000000000001ffa8 xr
FLASH_CCFG       0x000000000001ffa8 0x0000000000000058 xr
SRAM             0x0000000020000000 0x0000000000005000 xrw
GPRAM            0x0000000011000000 0x0000000000002000 xrw
*default*        0x0000000000000000 0xffffffffffffffff

Linker script and memory map

LOAD obj_srf06-cc26xx/fault-handlers.o
LOAD obj_srf06-cc26xx/ccfg.o
LOAD obj_srf06-cc26xx/startup_gcc.o
LOAD main_leaf.co
LOAD contiki-srf06-cc26xx.a
LOAD /usr/lib/gcc/arm-none-eabi/4.9/../../../arm-none-eabi/lib/armv7-m/libm.a
START GROUP
LOAD /usr/lib/gcc/arm-none-eabi/4.9/armv7-m/libgcc.a
LOAD /usr/lib/gcc/arm-none-eabi/4.9/../../../arm-none-eabi/lib/armv7-m/libc.a
END GROUP
                0x0000000020005000                _estack = (ORIGIN (SRAM) + 0x5000)
                0x0000000000000000                _Min_Heap_Size = 0x0
                0x0000000000000100                _Min_Stack_Size = 0x100

.text           0x0000000000000000     0xebe4
                0x0000000000000000                _text = .
 *(SORT(.vectors))
 .vectors       0x0000000000000000       0xc8 obj_srf06-cc26xx/startup_gcc.o
                0x0000000000000000                g_pfnVectors
 *(SORT(.text*))
 .text.readTempNTC
                0x00000000000000c8      0x100 main_leaf.co
                0x00000000000000c8                readTempNTC
 .text.__ieee754_log
                0x00000000000001c8      0x3f0 /usr/lib/gcc/arm-none-eabi/4.9/../../../arm-none-eabi/lib/armv7-m/libm.a(lib_a-e_log.o)
                0x00000000000001c8                __ieee754_log
 .text.FaultISR
                0x00000000000005b8       0x18 obj_srf06-cc26xx/fault-handlers.o
                0x00000000000005b8                FaultISR
 .text.NmiSRHandler
                0x00000000000005d0        0x4 obj_srf06-cc26xx/startup_gcc.o
                0x00000000000005d0                NmiSR
 .text.IntDefaultHandler
                0x00000000000005d4        0x4 obj_srf06-cc26xx/startup_gcc.o
                0x00000000000005d4                SSI0IntHandler
                0x00000000000005d4                SWEvent0IntHandler
                0x00000000000005d4                uDMAIntHandler
                0x00000000000005d4                WatchdogIntHandler
                0x00000000000005d4                RFCHardwareIntHandler
                0x00000000000005d4                Timer1BIntHandler
                0x00000000000005d4                I2SIntHandler
                0x00000000000005d4                Timer2BIntHandler
                0x00000000000005d4                Timer2AIntHandler
                0x00000000000005d4                Timer1AIntHandler
                0x00000000000005d4                AONIntHandler
                0x00000000000005d4                AUXSWEvent0IntHandler
                0x00000000000005d4                AUXADCIntHandler
                0x00000000000005d4                PendSVIntHandler
                0x00000000000005d4                AUXSWEvent1IntHandler
                0x00000000000005d4                SVCallIntHandler
                0x00000000000005d4                MPUFaultIntHandler
                0x00000000000005d4                SysTickIntHandler
                0x00000000000005d4                BusFaultIntHandler
                0x00000000000005d4                AONProgIntHandler
                0x00000000000005d4                AUXCompAIntHandler
                0x00000000000005d4                SSI1IntHandler
                0x00000000000005d4                FlashIntHandler
                0x00000000000005d4                uDMAErrIntHandler
                0x00000000000005d4                UsageFaultIntHandler
                0x00000000000005d4                RFCCmdAckIntHandler
                0x00000000000005d4                CryptoIntHandler
                0x00000000000005d4                Timer0AIntHandler
                0x00000000000005d4                I2CIntHandler
                0x00000000000005d4                DebugMonIntHandler
                0x00000000000005d4                Timer0BIntHandler
                0x00000000000005d4                AUXCombEventIntHandler
                0x00000000000005d4                Timer3AIntHandler
                0x00000000000005d4                DynProgIntHandler
                0x00000000000005d4                Timer3BIntHandler
 .text.ResetISR
                0x00000000000005d8       0x5c obj_srf06-cc26xx/startup_gcc.o
                0x00000000000005d8                ResetISR
 .text.cb_receive_udp
                0x0000000000000634       0x20 main_leaf.co
                0x0000000000000634                cb_receive_udp
 .text.readBat  0x0000000000000654       0x64 main_leaf.co
                0x0000000000000654                readBat
 .text.readADC  0x00000000000006b8       0x74 main_leaf.co
                0x00000000000006b8                readADC
 .text.connect_udp_server
                0x000000000000072c       0x54 main_leaf.co
                0x000000000000072c                connect_udp_server
 .text.ipaddr_sprintf
                0x0000000000000780       0xa4 main_leaf.co
                0x0000000000000780                ipaddr_sprintf
 .text.formatDataFeedback
                0x0000000000000824       0x68 main_leaf.co
                0x0000000000000824                formatDataFeedback
 .text.process_thread_init_system_proc
                0x000000000000088c       0xe0 main_leaf.co
 .text.fade     0x000000000000096c       0x64 contiki-srf06-cc26xx.a(contiki-main.o)
 .text.startup.main
                0x00000000000009d0      0x24c contiki-srf06-cc26xx.a(contiki-main.o)
                0x00000000000009d0                main
 .text.process_thread_sensors_process
                0x0000000000000c1c       0xf8 contiki-srf06-cc26xx.a(sensors.o)
 .text.sensors_changed
                0x0000000000000d14       0x50 contiki-srf06-cc26xx.a(sensors.o)
                0x0000000000000d14                sensors_changed
 .text.leds_init
                0x0000000000000d64       0x14 contiki-srf06-cc26xx.a(leds.o)
                0x0000000000000d64                leds_init
 .text.leds_on  0x0000000000000d78       0x14 contiki-srf06-cc26xx.a(leds.o)
                0x0000000000000d78                leds_on
 .text.leds_off
                0x0000000000000d8c       0x14 contiki-srf06-cc26xx.a(leds.o)
                0x0000000000000d8c                leds_off
 .text.leds_arch_init
                0x0000000000000da0       0x48 contiki-srf06-cc26xx.a(leds-arch.o)
                0x0000000000000da0                leds_arch_init
 .text.leds_arch_set
                0x0000000000000de8       0x48 contiki-srf06-cc26xx.a(leds-arch.o)
                0x0000000000000de8                leds_arch_set
 .text.button_press_handler
                0x0000000000000e30      0x124 contiki-srf06-cc26xx.a(button-sensor.o)
 .text.value_select
                0x0000000000000f54       0x24 contiki-srf06-cc26xx.a(button-sensor.o)
 .text.value_left
                0x0000000000000f78       0x24 contiki-srf06-cc26xx.a(button-sensor.o)
 .text.value_right
                0x0000000000000f9c       0x18 contiki-srf06-cc26xx.a(button-sensor.o)
 .text.value_up
                0x0000000000000fb4       0x24 contiki-srf06-cc26xx.a(button-sensor.o)
 .text.value_down
                0x0000000000000fd8       0x24 contiki-srf06-cc26xx.a(button-sensor.o)
 .text.status.part.5
                0x0000000000000ffc       0x14 contiki-srf06-cc26xx.a(button-sensor.o)
 .text.status_select
                0x0000000000001010       0x10 contiki-srf06-cc26xx.a(button-sensor.o)
 .text.status_left
                0x0000000000001020       0x10 contiki-srf06-cc26xx.a(button-sensor.o)
 .text.status_right
                0x0000000000001030       0x10 contiki-srf06-cc26xx.a(button-sensor.o)
 .text.status_up
                0x0000000000001040       0x10 contiki-srf06-cc26xx.a(button-sensor.o)
 .text.status_down
                0x0000000000001050       0x10 contiki-srf06-cc26xx.a(button-sensor.o)
 .text.config_buttons
                0x0000000000001060       0x84 contiki-srf06-cc26xx.a(button-sensor.o)
 .text.config_select
                0x00000000000010e4        0xc contiki-srf06-cc26xx.a(button-sensor.o)
 .text.config_left
                0x00000000000010f0        0xc contiki-srf06-cc26xx.a(button-sensor.o)
 .text.config_right
                0x00000000000010fc        0xc contiki-srf06-cc26xx.a(button-sensor.o)
 .text.config_up
                0x0000000000001108        0xc contiki-srf06-cc26xx.a(button-sensor.o)
 .text.config_down
                0x0000000000001114        0xc contiki-srf06-cc26xx.a(button-sensor.o)
 .text.lpm_handler
                0x0000000000001120       0x34 contiki-srf06-cc26xx.a(board.o)
 .text.wakeup_handler
                0x0000000000001154       0x20 contiki-srf06-cc26xx.a(board.o)
 .text.board_init
                0x0000000000001174       0x70 contiki-srf06-cc26xx.a(board.o)
                0x0000000000001174                board_init
 .text.status   0x00000000000011e4        0x4 contiki-srf06-cc26xx.a(als-sensor.o)
 .text.value    0x00000000000011e8       0x24 contiki-srf06-cc26xx.a(als-sensor.o)
 .text.config   0x000000000000120c       0x88 contiki-srf06-cc26xx.a(als-sensor.o)
 .text.power_domain_on
                0x0000000000001294       0x20 contiki-srf06-cc26xx.a(clock.o)
 .text.clock_init
                0x00000000000012b4       0x98 contiki-srf06-cc26xx.a(clock.o)
                0x00000000000012b4                clock_init
 .text.clock_time
                0x000000000000134c       0x34 contiki-srf06-cc26xx.a(clock.o)
                0x000000000000134c                clock_time
 .text.clock_update
                0x0000000000001380       0x3c contiki-srf06-cc26xx.a(clock.o)
                0x0000000000001380                clock_update
 .text.clock_seconds
                0x00000000000013bc       0x18 contiki-srf06-cc26xx.a(clock.o)
                0x00000000000013bc                clock_seconds
 .text.clock_delay_usec
                0x00000000000013d4       0x84 contiki-srf06-cc26xx.a(clock.o)
                0x00000000000013d4                clock_delay_usec
 .text.soc_rtc_init
                0x0000000000001458       0xa0 contiki-srf06-cc26xx.a(soc-rtc.o)
                0x0000000000001458                soc_rtc_init
 .text.soc_rtc_schedule_one_shot
                0x00000000000014f8       0x70 contiki-srf06-cc26xx.a(soc-rtc.o)
                0x00000000000014f8                soc_rtc_schedule_one_shot
 .text.soc_rtc_last_isr_time
                0x0000000000001568        0xc contiki-srf06-cc26xx.a(soc-rtc.o)
                0x0000000000001568                soc_rtc_last_isr_time
 .text.AONRTCIntHandler
                0x0000000000001574       0x88 contiki-srf06-cc26xx.a(soc-rtc.o)
                0x0000000000001574                AONRTCIntHandler
 .text.lock_config
                0x00000000000015fc       0x18 contiki-srf06-cc26xx.a(contiki-watchdo)
 .text.unlock_config
                0x0000000000001614       0x2c contiki-srf06-cc26xx.a(contiki-watchdo)
 .text.watchdog_init
                0x0000000000001640       0x1c contiki-srf06-cc26xx.a(contiki-watchdo)
                0x0000000000001640                watchdog_init
 .text.watchdog_start
                0x000000000000165c       0x30 contiki-srf06-cc26xx.a(contiki-watchdo)
                0x000000000000165c                watchdog_start
 .text.watchdog_periodic
                0x000000000000168c       0x1c contiki-srf06-cc26xx.a(contiki-watchdo)
                0x000000000000168c                watchdog_periodic
 .text.aux_ctrl_power_up
                0x00000000000016a8       0x28 contiki-srf06-cc26xx.a(aux-ctrl.o)
                0x00000000000016a8                aux_ctrl_power_up
 .text.aux_ctrl_register_consumer
                0x00000000000016d0       0x40 contiki-srf06-cc26xx.a(aux-ctrl.o)
                0x00000000000016d0                aux_ctrl_register_consumer
 .text.aux_ctrl_power_down
                0x0000000000001710       0x6c contiki-srf06-cc26xx.a(aux-ctrl.o)
                0x0000000000001710                aux_ctrl_power_down
 .text.aux_ctrl_unregister_consumer
                0x000000000000177c       0x28 contiki-srf06-cc26xx.a(aux-ctrl.o)
                0x000000000000177c                aux_ctrl_unregister_consumer
 .text.putchar  0x00000000000017a4       0x10 contiki-srf06-cc26xx.a(putchar.o)
                0x00000000000017a4                putchar
 .text.puts     0x00000000000017b4       0x30 contiki-srf06-cc26xx.a(putchar.o)
                0x00000000000017b4                puts
 .text.dbg_send_bytes
                0x00000000000017e4       0x40 contiki-srf06-cc26xx.a(putchar.o)
                0x00000000000017e4                dbg_send_bytes
 .text.ieee_addr_cpy_to
                0x0000000000001824       0x40 contiki-srf06-cc26xx.a(ieee-addr.o)
                0x0000000000001824                ieee_addr_cpy_to
 .text.configure
                0x0000000000001864       0x34 contiki-srf06-cc26xx.a(batmon-sensor.o)
 .text.status   0x0000000000001898       0x14 contiki-srf06-cc26xx.a(batmon-sensor.o)
 .text.value    0x00000000000018ac       0x24 contiki-srf06-cc26xx.a(batmon-sensor.o)
 .text.power_and_clock
                0x00000000000018d0       0x40 contiki-srf06-cc26xx.a(cc26xx-uart.o)
 .text.enable   0x0000000000001910       0xf0 contiki-srf06-cc26xx.a(cc26xx-uart.o)
 .text.accessible
                0x0000000000001a00       0x24 contiki-srf06-cc26xx.a(cc26xx-uart.o)
 .text.lpm_drop_handler
                0x0000000000001a24       0xcc contiki-srf06-cc26xx.a(cc26xx-uart.o)
 .text.cc26xx_uart_init
                0x0000000000001af0       0x28 contiki-srf06-cc26xx.a(cc26xx-uart.o)
                0x0000000000001af0                cc26xx_uart_init
 .text.cc26xx_uart_write_byte
                0x0000000000001b18       0x28 contiki-srf06-cc26xx.a(cc26xx-uart.o)
                0x0000000000001b18                cc26xx_uart_write_byte
 .text.cc26xx_uart_busy
                0x0000000000001b40       0x18 contiki-srf06-cc26xx.a(cc26xx-uart.o)
                0x0000000000001b40                cc26xx_uart_busy
 .text.UART0IntHandler
                0x0000000000001b58       0x54 contiki-srf06-cc26xx.a(cc26xx-uart.o)
                0x0000000000001b58                UART0IntHandler
 .text.lpm_shutdown
                0x0000000000001bac      0x19c contiki-srf06-cc26xx.a(lpm.o)
                0x0000000000001bac                lpm_shutdown
 .text.lpm_sleep
                0x0000000000001d48       0x14 contiki-srf06-cc26xx.a(lpm.o)
                0x0000000000001d48                lpm_sleep
 .text.lpm_drop
                0x0000000000001d5c      0x25c contiki-srf06-cc26xx.a(lpm.o)
                0x0000000000001d5c                lpm_drop
 .text.lpm_register_module
                0x0000000000001fb8        0xc contiki-srf06-cc26xx.a(lpm.o)
                0x0000000000001fb8                lpm_register_module
 .text.lpm_unregister_module
                0x0000000000001fc4        0xc contiki-srf06-cc26xx.a(lpm.o)
                0x0000000000001fc4                lpm_unregister_module
 .text.lpm_init
                0x0000000000001fd0       0x20 contiki-srf06-cc26xx.a(lpm.o)
                0x0000000000001fd0                lpm_init
 .text.lpm_pin_set_default_state
                0x0000000000001ff0       0x2c contiki-srf06-cc26xx.a(lpm.o)
                0x0000000000001ff0                lpm_pin_set_default_state
 .text.gpio_interrupt_register_handler
                0x000000000000201c       0x2c contiki-srf06-cc26xx.a(gpio-interrupt.)
                0x000000000000201c                gpio_interrupt_register_handler
 .text.gpio_interrupt_init
                0x0000000000002048       0x24 contiki-srf06-cc26xx.a(gpio-interrupt.)
                0x0000000000002048                gpio_interrupt_init
 .text.GPIOIntHandler
                0x000000000000206c       0x30 contiki-srf06-cc26xx.a(gpio-interrupt.)
                0x000000000000206c                GPIOIntHandler
 .text.oscillators_select_lf_xosc
                0x000000000000209c       0x50 contiki-srf06-cc26xx.a(oscillators.o)
                0x000000000000209c                oscillators_select_lf_xosc
 .text.oscillators_select_lf_rcosc
                0x00000000000020ec       0x3c contiki-srf06-cc26xx.a(oscillators.o)
                0x00000000000020ec                oscillators_select_lf_rcosc
 .text.oscillators_request_hf_xosc
                0x0000000000002128       0x30 contiki-srf06-cc26xx.a(oscillators.o)
                0x0000000000002128                oscillators_request_hf_xosc
 .text.oscillators_switch_to_hf_xosc
                0x0000000000002158       0x34 contiki-srf06-cc26xx.a(oscillators.o)
                0x0000000000002158                oscillators_switch_to_hf_xosc
 .text.oscillators_switch_to_hf_rc
                0x000000000000218c       0x38 contiki-srf06-cc26xx.a(oscillators.o)
                0x000000000000218c                oscillators_switch_to_hf_rc
 .text.request  0x00000000000021c4       0x20 contiki-srf06-cc26xx.a(ieee-mode.o)
 .text.rx_on    0x00000000000021e4       0x60 contiki-srf06-cc26xx.a(ieee-mode.o)
 .text.prepare  0x0000000000002244       0x1c contiki-srf06-cc26xx.a(ieee-mode.o)
 .text.rf_radio_setup
                0x0000000000002260       0x74 contiki-srf06-cc26xx.a(ieee-mode.o)
 .text.soft_on  0x00000000000022d4       0x18 contiki-srf06-cc26xx.a(ieee-mode.o)
 .text.pending_packet
                0x00000000000022ec       0x48 contiki-srf06-cc26xx.a(ieee-mode.o)
 .text.soft_off
                0x0000000000002334       0x44 contiki-srf06-cc26xx.a(ieee-mode.o)
 .text.get_object
                0x0000000000002378       0x4c contiki-srf06-cc26xx.a(ieee-mode.o)
 .text.transmitting
                0x00000000000023c4       0x4c contiki-srf06-cc26xx.a(ieee-mode.o)
 .text.rx_off   0x0000000000002410       0x6c contiki-srf06-cc26xx.a(ieee-mode.o)
 .text.set_object
                0x000000000000247c       0x50 contiki-srf06-cc26xx.a(ieee-mode.o)
 .text.get_cca_info
                0x00000000000024cc       0x44 contiki-srf06-cc26xx.a(ieee-mode.o)
 .text.check_rat_overflow
                0x0000000000002510       0x80 contiki-srf06-cc26xx.a(ieee-mode.o)
 .text.receiving_packet
                0x0000000000002590       0x34 contiki-srf06-cc26xx.a(ieee-mode.o)
 .text.off      0x00000000000025c4       0x6c contiki-srf06-cc26xx.a(ieee-mode.o)
 .text.on       0x0000000000002630       0xac contiki-srf06-cc26xx.a(ieee-mode.o)
 .text.set_value
                0x00000000000026dc      0x184 contiki-srf06-cc26xx.a(ieee-mode.o)
 .text.get_value
                0x0000000000002860      0x188 contiki-srf06-cc26xx.a(ieee-mode.o)
 .text.transmit
                0x00000000000029e8       0xec contiki-srf06-cc26xx.a(ieee-mode.o)
 .text.send     0x0000000000002ad4       0x24 contiki-srf06-cc26xx.a(ieee-mode.o)
 .text.channel_clear
                0x0000000000002af8       0x68 contiki-srf06-cc26xx.a(ieee-mode.o)
 .text.read_frame
                0x0000000000002b60      0x1a0 contiki-srf06-cc26xx.a(ieee-mode.o)
 .text.handle_rat_overflow
                0x0000000000002d00       0x60 contiki-srf06-cc26xx.a(ieee-mode.o)
 .text.init     0x0000000000002d60      0x118 contiki-srf06-cc26xx.a(ieee-mode.o)
 .text.random_rand
                0x0000000000002e78        0xc contiki-srf06-cc26xx.a(random.o)
                0x0000000000002e78                random_rand
 .text.random_init
                0x0000000000002e84        0x4 contiki-srf06-cc26xx.a(random.o)
                0x0000000000002e84                random_init
 .text.power_up
                0x0000000000002e88       0x40 contiki-srf06-cc26xx.a(soc-trng.o)
 .text.request  0x0000000000002ec8       0x14 contiki-srf06-cc26xx.a(soc-trng.o)
 .text.process_thread_soc_trng_process
                0x0000000000002edc       0x94 contiki-srf06-cc26xx.a(soc-trng.o)
 .text.accessible
                0x0000000000002f70       0x24 contiki-srf06-cc26xx.a(soc-trng.o)
 .text.soc_trng_rand_synchronous
                0x0000000000002f94       0xc4 contiki-srf06-cc26xx.a(soc-trng.o)
                0x0000000000002f94                soc_trng_rand_synchronous
 .text.TRNGIntHandler
                0x0000000000003058       0x50 contiki-srf06-cc26xx.a(soc-trng.o)
                0x0000000000003058                TRNGIntHandler
 .text.soc_trng_init
                0x00000000000030a8       0x28 contiki-srf06-cc26xx.a(soc-trng.o)
                0x00000000000030a8                soc_trng_init
 .text.write_str
                0x00000000000030d0       0x14 contiki-srf06-cc26xx.a(dbg-printf.o)
 .text.printf   0x00000000000030e4       0x24 contiki-srf06-cc26xx.a(dbg-printf.o)
                0x00000000000030e4                printf
 .text.buffer_str
                0x0000000000003108       0x28 contiki-srf06-cc26xx.a(dbg-snprintf.o)
 .text.snprintf
                0x0000000000003130       0x38 contiki-srf06-cc26xx.a(dbg-snprintf.o)
                0x0000000000003130                snprintf
 .text.buffer_str
                0x0000000000003168       0x18 contiki-srf06-cc26xx.a(dbg-sprintf.o)
 .text.sprintf  0x0000000000003180       0x34 contiki-srf06-cc26xx.a(dbg-sprintf.o)
                0x0000000000003180                sprintf
 .text.fill_space
                0x00000000000031b4       0x3c contiki-srf06-cc26xx.a(strformat.o)
 .text.format_str_v
                0x00000000000031f0      0x95c contiki-srf06-cc26xx.a(strformat.o)
                0x00000000000031f0                format_str_v
 .text.process_thread_ctimer_process
                0x0000000000003b4c       0x94 contiki-srf06-cc26xx.a(ctimer.o)
 .text.ctimer_init
                0x0000000000003be0       0x28 contiki-srf06-cc26xx.a(ctimer.o)
                0x0000000000003be0                ctimer_init
 .text.ctimer_set_with_process
                0x0000000000003c08       0x4c contiki-srf06-cc26xx.a(ctimer.o)
                0x0000000000003c08                ctimer_set_with_process
 .text.ctimer_set
                0x0000000000003c54       0x18 contiki-srf06-cc26xx.a(ctimer.o)
                0x0000000000003c54                ctimer_set
 .text.ctimer_reset
                0x0000000000003c6c       0x38 contiki-srf06-cc26xx.a(ctimer.o)
                0x0000000000003c6c                ctimer_reset
 .text.ctimer_restart
                0x0000000000003ca4       0x38 contiki-srf06-cc26xx.a(ctimer.o)
                0x0000000000003ca4                ctimer_restart
 .text.ctimer_stop
                0x0000000000003cdc       0x34 contiki-srf06-cc26xx.a(ctimer.o)
                0x0000000000003cdc                ctimer_stop
 .text.autostart_start
                0x0000000000003d10       0x18 contiki-srf06-cc26xx.a(autostart.o)
                0x0000000000003d10                autostart_start
 .text.energest_init
                0x0000000000003d28        0x4 contiki-srf06-cc26xx.a(energest.o)
                0x0000000000003d28                energest_init
 .text.update_time
                0x0000000000003d2c       0x44 contiki-srf06-cc26xx.a(etimer.o)
 .text.process_thread_etimer_process
                0x0000000000003d70       0xc8 contiki-srf06-cc26xx.a(etimer.o)
 .text.add_timer
                0x0000000000003e38       0x54 contiki-srf06-cc26xx.a(etimer.o)
 .text.etimer_request_poll
                0x0000000000003e8c        0xc contiki-srf06-cc26xx.a(etimer.o)
                0x0000000000003e8c                etimer_request_poll
 .text.etimer_set
                0x0000000000003e98       0x14 contiki-srf06-cc26xx.a(etimer.o)
                0x0000000000003e98                etimer_set
 .text.etimer_reset
                0x0000000000003eac       0x14 contiki-srf06-cc26xx.a(etimer.o)
                0x0000000000003eac                etimer_reset
 .text.etimer_restart
                0x0000000000003ec0       0x14 contiki-srf06-cc26xx.a(etimer.o)
                0x0000000000003ec0                etimer_restart
 .text.etimer_expired
                0x0000000000003ed4        0xc contiki-srf06-cc26xx.a(etimer.o)
                0x0000000000003ed4                etimer_expired
 .text.etimer_expiration_time
                0x0000000000003ee0        0x8 contiki-srf06-cc26xx.a(etimer.o)
                0x0000000000003ee0                etimer_expiration_time
 .text.etimer_pending
                0x0000000000003ee8       0x10 contiki-srf06-cc26xx.a(etimer.o)
                0x0000000000003ee8                etimer_pending
 .text.etimer_next_expiration_time
                0x0000000000003ef8       0x14 contiki-srf06-cc26xx.a(etimer.o)
                0x0000000000003ef8                etimer_next_expiration_time
 .text.etimer_stop
                0x0000000000003f0c       0x4c contiki-srf06-cc26xx.a(etimer.o)
                0x0000000000003f0c                etimer_stop
 .text.exit_process
                0x0000000000003f58       0xb0 contiki-srf06-cc26xx.a(process.o)
 .text.call_process.part.0
                0x0000000000004008       0x38 contiki-srf06-cc26xx.a(process.o)
 .text.do_poll  0x0000000000004040       0x3c contiki-srf06-cc26xx.a(process.o)
 .text.process_alloc_event
                0x000000000000407c       0x10 contiki-srf06-cc26xx.a(process.o)
                0x000000000000407c                process_alloc_event
 .text.process_init
                0x000000000000408c       0x34 contiki-srf06-cc26xx.a(process.o)
                0x000000000000408c                process_init
 .text.process_run
                0x00000000000040c0       0xac contiki-srf06-cc26xx.a(process.o)
                0x00000000000040c0                process_run
 .text.process_nevents
                0x000000000000416c       0x14 contiki-srf06-cc26xx.a(process.o)
                0x000000000000416c                process_nevents
 .text.process_post
                0x0000000000004180       0x40 contiki-srf06-cc26xx.a(process.o)
                0x0000000000004180                process_post
 .text.process_post_synch
                0x00000000000041c0       0x18 contiki-srf06-cc26xx.a(process.o)
                0x00000000000041c0                process_post_synch
 .text.process_start
                0x00000000000041d8       0x40 contiki-srf06-cc26xx.a(process.o)
                0x00000000000041d8                process_start
 .text.process_poll
                0x0000000000004218       0x18 contiki-srf06-cc26xx.a(process.o)
                0x0000000000004218                process_poll
 .text.rtimer_init
                0x0000000000004230        0x4 contiki-srf06-cc26xx.a(rtimer.o)
                0x0000000000004230                rtimer_init
 .text.rtimer_set
                0x0000000000004234       0x2c contiki-srf06-cc26xx.a(rtimer.o)
                0x0000000000004234                rtimer_set
 .text.rtimer_run_next
                0x0000000000004260       0x28 contiki-srf06-cc26xx.a(rtimer.o)
                0x0000000000004260                rtimer_run_next
 .text.timer_set
                0x0000000000004288       0x10 contiki-srf06-cc26xx.a(timer.o)
                0x0000000000004288                timer_set
 .text.timer_reset
                0x0000000000004298        0xc contiki-srf06-cc26xx.a(timer.o)
                0x0000000000004298                timer_reset
 .text.timer_restart
                0x00000000000042a4        0xc contiki-srf06-cc26xx.a(timer.o)
                0x00000000000042a4                timer_restart
 .text.timer_expired
                0x00000000000042b0       0x1c contiki-srf06-cc26xx.a(timer.o)
                0x00000000000042b0                timer_expired
 .text.process_thread_serial_line_process
                0x00000000000042cc       0xac contiki-srf06-cc26xx.a(serial-line.o)
 .text.serial_line_init
                0x0000000000004378       0x24 contiki-srf06-cc26xx.a(serial-line.o)
                0x0000000000004378                serial_line_init
 .text.list_init
                0x000000000000439c        0x8 contiki-srf06-cc26xx.a(list.o)
                0x000000000000439c                list_init
 .text.list_head
                0x00000000000043a4        0x4 contiki-srf06-cc26xx.a(list.o)
                0x00000000000043a4                list_head
 .text.list_add
                0x00000000000043a8       0x48 contiki-srf06-cc26xx.a(list.o)
                0x00000000000043a8                list_add
 .text.list_push
                0x00000000000043f0       0x40 contiki-srf06-cc26xx.a(list.o)
                0x00000000000043f0                list_push
 .text.list_remove
                0x0000000000004430       0x2c contiki-srf06-cc26xx.a(list.o)
                0x0000000000004430                list_remove
 .text.list_length
                0x000000000000445c       0x14 contiki-srf06-cc26xx.a(list.o)
                0x000000000000445c                list_length
 .text.list_item_next
                0x0000000000004470        0x8 contiki-srf06-cc26xx.a(list.o)
                0x0000000000004470                list_item_next
 .text.ringbuf_init
                0x0000000000004478       0x10 contiki-srf06-cc26xx.a(ringbuf.o)
                0x0000000000004478                ringbuf_init
 .text.ringbuf_get
                0x0000000000004488       0x28 contiki-srf06-cc26xx.a(ringbuf.o)
                0x0000000000004488                ringbuf_get
 .text.call_route_callback
                0x00000000000044b0       0x50 contiki-srf06-cc26xx.a(uip-ds6-route.o)
 .text.uip_ds6_route_init
                0x0000000000004500       0x4c contiki-srf06-cc26xx.a(uip-ds6-route.o)
                0x0000000000004500                uip_ds6_route_init
 .text.uip_ds6_route_nexthop
                0x000000000000454c       0x1c contiki-srf06-cc26xx.a(uip-ds6-route.o)
                0x000000000000454c                uip_ds6_route_nexthop
 .text.uip_ds6_route_head
                0x0000000000004568        0xc contiki-srf06-cc26xx.a(uip-ds6-route.o)
                0x0000000000004568                uip_ds6_route_head
 .text.uip_ds6_route_next
                0x0000000000004574        0x8 contiki-srf06-cc26xx.a(uip-ds6-route.o)
                0x0000000000004574                uip_ds6_route_next
 .text.uip_ds6_route_is_nexthop
                0x000000000000457c       0x20 contiki-srf06-cc26xx.a(uip-ds6-route.o)
                0x000000000000457c                uip_ds6_route_is_nexthop
 .text.uip_ds6_route_lookup
                0x000000000000459c       0x78 contiki-srf06-cc26xx.a(uip-ds6-route.o)
                0x000000000000459c                uip_ds6_route_lookup
 .text.uip_ds6_route_rm
                0x0000000000004614       0xac contiki-srf06-cc26xx.a(uip-ds6-route.o)
                0x0000000000004614                uip_ds6_route_rm
 .text.rm_routelist
                0x00000000000046c0       0x38 contiki-srf06-cc26xx.a(uip-ds6-route.o)
 .text.rm_routelist_callback
                0x00000000000046f8        0x4 contiki-srf06-cc26xx.a(uip-ds6-route.o)
 .text.uip_ds6_route_add
                0x00000000000046fc      0x12c contiki-srf06-cc26xx.a(uip-ds6-route.o)
                0x00000000000046fc                uip_ds6_route_add
 .text.uip_ds6_defrt_rm
                0x0000000000004828       0x48 contiki-srf06-cc26xx.a(uip-ds6-route.o)
                0x0000000000004828                uip_ds6_defrt_rm
 .text.uip_ds6_defrt_lookup
                0x0000000000004870       0x34 contiki-srf06-cc26xx.a(uip-ds6-route.o)
                0x0000000000004870                uip_ds6_defrt_lookup
 .text.uip_ds6_defrt_add
                0x00000000000048a4       0x5c contiki-srf06-cc26xx.a(uip-ds6-route.o)
                0x00000000000048a4                uip_ds6_defrt_add
 .text.uip_ds6_defrt_choose
                0x0000000000004900       0x34 contiki-srf06-cc26xx.a(uip-ds6-route.o)
                0x0000000000004900                uip_ds6_defrt_choose
 .text.uip_ds6_defrt_periodic
                0x0000000000004934       0x3c contiki-srf06-cc26xx.a(uip-ds6-route.o)
                0x0000000000004934                uip_ds6_defrt_periodic
 .text.chksum   0x0000000000004970       0x50 contiki-srf06-cc26xx.a(uip6.o)
 .text.upper_layer_chksum
                0x00000000000049c0       0x58 contiki-srf06-cc26xx.a(uip6.o)
 .text.ext_hdr_options_process
                0x0000000000004a18       0xc8 contiki-srf06-cc26xx.a(uip6.o)
 .text.uip_icmp6chksum
                0x0000000000004ae0        0x8 contiki-srf06-cc26xx.a(uip6.o)
                0x0000000000004ae0                uip_icmp6chksum
 .text.uip_init
                0x0000000000004ae8       0x30 contiki-srf06-cc26xx.a(uip6.o)
                0x0000000000004ae8                uip_init
 .text.remove_ext_hdr
                0x0000000000004b18       0x60 contiki-srf06-cc26xx.a(uip6.o)
                0x0000000000004b18                remove_ext_hdr
 .text.uip_udp_new
                0x0000000000004b78       0x94 contiki-srf06-cc26xx.a(uip6.o)
                0x0000000000004b78                uip_udp_new
 .text.uip_process
                0x0000000000004c0c      0x560 contiki-srf06-cc26xx.a(uip6.o)
                0x0000000000004c0c                uip_process
 .text.uip_htonl
                0x000000000000516c       0x14 contiki-srf06-cc26xx.a(uip6.o)
                0x000000000000516c                uip_htonl
 .text.uip_ds6_nbr_rm
                0x0000000000005180       0x20 contiki-srf06-cc26xx.a(uip-ds6-nbr.o)
                0x0000000000005180                uip_ds6_nbr_rm
 .text.uip_ds6_neighbors_init
                0x00000000000051a0       0x1c contiki-srf06-cc26xx.a(uip-ds6-nbr.o)
                0x00000000000051a0                uip_ds6_neighbors_init
 .text.uip_ds6_nbr_add
                0x00000000000051bc       0x38 contiki-srf06-cc26xx.a(uip-ds6-nbr.o)
                0x00000000000051bc                uip_ds6_nbr_add
 .text.uip_ds6_nbr_get_ll
                0x00000000000051f4       0x10 contiki-srf06-cc26xx.a(uip-ds6-nbr.o)
                0x00000000000051f4                uip_ds6_nbr_get_ll
 .text.uip_ds6_nbr_lookup
                0x0000000000005204       0x3c contiki-srf06-cc26xx.a(uip-ds6-nbr.o)
                0x0000000000005204                uip_ds6_nbr_lookup
 .text.uip_ds6_nbr_ipaddr_from_lladdr
                0x0000000000005240       0x10 contiki-srf06-cc26xx.a(uip-ds6-nbr.o)
                0x0000000000005240                uip_ds6_nbr_ipaddr_from_lladdr
 .text.uip_ds6_nbr_lladdr_from_ipaddr
                0x0000000000005250       0x1c contiki-srf06-cc26xx.a(uip-ds6-nbr.o)
                0x0000000000005250                uip_ds6_nbr_lladdr_from_ipaddr
 .text.uip_ds6_link_neighbor_callback
                0x000000000000526c       0x34 contiki-srf06-cc26xx.a(uip-ds6-nbr.o)
                0x000000000000526c                uip_ds6_link_neighbor_callback
 .text.ns_input
                0x00000000000052a0      0x2a0 contiki-srf06-cc26xx.a(uip-nd6.o)
 .text.uip_nd6_init
                0x0000000000005540        0xc contiki-srf06-cc26xx.a(uip-nd6.o)
                0x0000000000005540                uip_nd6_init
 .text.sicslowpan_init
                0x000000000000554c       0x24 contiki-srf06-cc26xx.a(sicslowpan.o)
                0x000000000000554c                sicslowpan_init
 .text.compress_addr_64
                0x0000000000005570       0x9c contiki-srf06-cc26xx.a(sicslowpan.o)
 .text.set_packet_attrs
                0x000000000000560c       0x4c contiki-srf06-cc26xx.a(sicslowpan.o)
 .text.addr_context_lookup_by_prefix
                0x0000000000005658       0x28 contiki-srf06-cc26xx.a(sicslowpan.o)
 .text.send_packet
                0x0000000000005680       0x24 contiki-srf06-cc26xx.a(sicslowpan.o)
 .text.packet_sent
                0x00000000000056a4       0x28 contiki-srf06-cc26xx.a(sicslowpan.o)
 .text.store_fragment
                0x00000000000056cc       0x68 contiki-srf06-cc26xx.a(sicslowpan.o)
 .text.add_fragment
                0x0000000000005734      0x19c contiki-srf06-cc26xx.a(sicslowpan.o)
 .text.uncompress_addr
                0x00000000000058d0       0xb8 contiki-srf06-cc26xx.a(sicslowpan.o)
 .text.input    0x0000000000005988      0x660 contiki-srf06-cc26xx.a(sicslowpan.o)
 .text.output   0x0000000000005fe8      0x730 contiki-srf06-cc26xx.a(sicslowpan.o)
 .text.sicslowpan_get_last_rssi
                0x0000000000006718        0xc contiki-srf06-cc26xx.a(sicslowpan.o)
                0x0000000000006718                sicslowpan_get_last_rssi
 .text.uip_debug_ipaddr_print
                0x0000000000006724       0xb0 contiki-srf06-cc26xx.a(uip-debug.o)
                0x0000000000006724                uip_debug_ipaddr_print
 .text.tcpip_set_outputfunc
                0x00000000000067d4        0xc contiki-srf06-cc26xx.a(tcpip.o)
                0x00000000000067d4                tcpip_set_outputfunc
 .text.udp_new  0x00000000000067e0       0x18 contiki-srf06-cc26xx.a(tcpip.o)
                0x00000000000067e0                udp_new
 .text.tcpip_icmp6_call
                0x00000000000067f8       0x28 contiki-srf06-cc26xx.a(tcpip.o)
                0x00000000000067f8                tcpip_icmp6_call
 .text.tcpip_input
                0x0000000000006820       0x24 contiki-srf06-cc26xx.a(tcpip.o)
                0x0000000000006820                tcpip_input
 .text.tcpip_ipv6_output
                0x0000000000006844       0xbc contiki-srf06-cc26xx.a(tcpip.o)
                0x0000000000006844                tcpip_ipv6_output
 .text.process_thread_tcpip_process
                0x0000000000006900       0xe8 contiki-srf06-cc26xx.a(tcpip.o)
 .text.tcpip_uipcall
                0x00000000000069e8       0x2c contiki-srf06-cc26xx.a(tcpip.o)
                0x00000000000069e8                tcpip_uipcall
 .text.process_thread_simple_udp_process
                0x0000000000006a14       0xac contiki-srf06-cc26xx.a(simple-udp.o)
 .text.simple_udp_sendto
                0x0000000000006ac0       0x1c contiki-srf06-cc26xx.a(simple-udp.o)
                0x0000000000006ac0                simple_udp_sendto
 .text.simple_udp_register
                0x0000000000006adc       0x74 contiki-srf06-cc26xx.a(simple-udp.o)
                0x0000000000006adc                simple_udp_register
 .text.update_hbh_header
                0x0000000000006b50       0xcc contiki-srf06-cc26xx.a(rpl-ext-header.)
 .text.insert_hbh_header.isra.0
                0x0000000000006c1c       0xac contiki-srf06-cc26xx.a(rpl-ext-header.)
 .text.rpl_verify_hbh_header
                0x0000000000006cc8       0xf0 contiki-srf06-cc26xx.a(rpl-ext-header.)
                0x0000000000006cc8                rpl_verify_hbh_header
 .text.rpl_remove_header
                0x0000000000006db8       0x7c contiki-srf06-cc26xx.a(rpl-ext-header.)
                0x0000000000006db8                rpl_remove_header
 .text.rpl_update_header
                0x0000000000006e34       0x74 contiki-srf06-cc26xx.a(rpl-ext-header.)
                0x0000000000006e34                rpl_update_header
 .text.rpl_get_mode
                0x0000000000006ea8        0xc contiki-srf06-cc26xx.a(rpl.o)
                0x0000000000006ea8                rpl_get_mode
 .text.rpl_purge_routes
                0x0000000000006eb4       0x7c contiki-srf06-cc26xx.a(rpl.o)
                0x0000000000006eb4                rpl_purge_routes
 .text.rpl_remove_routes
                0x0000000000006f30       0x24 contiki-srf06-cc26xx.a(rpl.o)
                0x0000000000006f30                rpl_remove_routes
 .text.rpl_remove_routes_by_nexthop
                0x0000000000006f54       0x34 contiki-srf06-cc26xx.a(rpl.o)
                0x0000000000006f54                rpl_remove_routes_by_nexthop
 .text.rpl_add_route
                0x0000000000006f88       0x38 contiki-srf06-cc26xx.a(rpl.o)
                0x0000000000006f88                rpl_add_route
 .text.rpl_link_neighbor_callback
                0x0000000000006fc0       0x60 contiki-srf06-cc26xx.a(rpl.o)
                0x0000000000006fc0                rpl_link_neighbor_callback
 .text.rpl_ipv6_neighbor_callback
                0x0000000000007020       0x30 contiki-srf06-cc26xx.a(rpl.o)
                0x0000000000007020                rpl_ipv6_neighbor_callback
 .text.rpl_purge_dags
                0x0000000000007050       0x2c contiki-srf06-cc26xx.a(rpl.o)
                0x0000000000007050                rpl_purge_dags
 .text.rpl_init
                0x000000000000707c       0x4c contiki-srf06-cc26xx.a(rpl.o)
                0x000000000000707c                rpl_init
 .text.lollipop_greater_than
                0x00000000000070c8       0x3c contiki-srf06-cc26xx.a(rpl-dag.o)
 .text.rpl_set_preferred_parent
                0x0000000000007104       0x2c contiki-srf06-cc26xx.a(rpl-dag.o)
 .text.set_ip_from_prefix
                0x0000000000007130       0x2c contiki-srf06-cc26xx.a(rpl-dag.o)
 .text.check_prefix
                0x000000000000715c       0x78 contiki-srf06-cc26xx.a(rpl-dag.o)
 .text.find_parent_any_dag_any_instance
                0x00000000000071d4       0x1c contiki-srf06-cc26xx.a(rpl-dag.o)
 .text.rpl_dag_init
                0x00000000000071f0       0x14 contiki-srf06-cc26xx.a(rpl-dag.o)
                0x00000000000071f0                rpl_dag_init
 .text.rpl_get_parent
                0x0000000000007204       0x10 contiki-srf06-cc26xx.a(rpl-dag.o)
                0x0000000000007204                rpl_get_parent
 .text.rpl_rank_via_parent
                0x0000000000007214       0x1c contiki-srf06-cc26xx.a(rpl-dag.o)
                0x0000000000007214                rpl_rank_via_parent
 .text.rpl_get_parent_ipaddr
                0x0000000000007230       0x18 contiki-srf06-cc26xx.a(rpl-dag.o)
                0x0000000000007230                rpl_get_parent_ipaddr
 .text.rpl_get_parent_link_stats
                0x0000000000007248       0x18 contiki-srf06-cc26xx.a(rpl-dag.o)
                0x0000000000007248                rpl_get_parent_link_stats
 .text.best_parent
                0x0000000000007260       0x98 contiki-srf06-cc26xx.a(rpl-dag.o)
 .text.rpl_parent_is_fresh
                0x00000000000072f8       0x10 contiki-srf06-cc26xx.a(rpl-dag.o)
                0x00000000000072f8                rpl_parent_is_fresh
 .text.rpl_parent_is_reachable
                0x0000000000007308       0x40 contiki-srf06-cc26xx.a(rpl-dag.o)
                0x0000000000007308                rpl_parent_is_reachable
 .text.rpl_repair_root
                0x0000000000007348       0x5c contiki-srf06-cc26xx.a(rpl-dag.o)
                0x0000000000007348                rpl_repair_root
 .text.rpl_set_prefix
                0x00000000000073a4       0x98 contiki-srf06-cc26xx.a(rpl-dag.o)
                0x00000000000073a4                rpl_set_prefix
 .text.rpl_set_default_route
                0x000000000000743c       0x2c contiki-srf06-cc26xx.a(rpl-dag.o)
                0x000000000000743c                rpl_set_default_route
 .text.rpl_alloc_instance
                0x0000000000007468       0x34 contiki-srf06-cc26xx.a(rpl-dag.o)
                0x0000000000007468                rpl_alloc_instance
 .text.rpl_alloc_dag
                0x000000000000749c       0x5c contiki-srf06-cc26xx.a(rpl-dag.o)
                0x000000000000749c                rpl_alloc_dag
 .text.rpl_add_parent
                0x00000000000074f8       0x30 contiki-srf06-cc26xx.a(rpl-dag.o)
                0x00000000000074f8                rpl_add_parent
 .text.rpl_find_parent
                0x0000000000007528       0x18 contiki-srf06-cc26xx.a(rpl-dag.o)
                0x0000000000007528                rpl_find_parent
 .text.rpl_find_parent_any_dag
                0x0000000000007540       0x20 contiki-srf06-cc26xx.a(rpl-dag.o)
                0x0000000000007540                rpl_find_parent_any_dag
 .text.rpl_select_parent
                0x0000000000007560       0x58 contiki-srf06-cc26xx.a(rpl-dag.o)
                0x0000000000007560                rpl_select_parent
 .text.rpl_select_dag
                0x00000000000075b8      0x184 contiki-srf06-cc26xx.a(rpl-dag.o)
                0x00000000000075b8                rpl_select_dag
 .text.rpl_nullify_parent
                0x000000000000773c       0x54 contiki-srf06-cc26xx.a(rpl-dag.o)
                0x000000000000773c                rpl_nullify_parent
 .text.rpl_remove_parent
                0x0000000000007790       0x1c contiki-srf06-cc26xx.a(rpl-dag.o)
                0x0000000000007790                rpl_remove_parent
 .text.nbr_callback
                0x00000000000077ac        0x4 contiki-srf06-cc26xx.a(rpl-dag.o)
 .text.remove_parents.constprop.6
                0x00000000000077b0       0x44 contiki-srf06-cc26xx.a(rpl-dag.o)
 .text.rpl_free_dag
                0x00000000000077f4       0x3c contiki-srf06-cc26xx.a(rpl-dag.o)
                0x00000000000077f4                rpl_free_dag
 .text.rpl_move_parent
                0x0000000000007830       0x54 contiki-srf06-cc26xx.a(rpl-dag.o)
                0x0000000000007830                rpl_move_parent
 .text.rpl_get_dag
                0x0000000000007884       0x38 contiki-srf06-cc26xx.a(rpl-dag.o)
                0x0000000000007884                rpl_get_dag
 .text.rpl_get_any_dag
                0x00000000000078bc       0x18 contiki-srf06-cc26xx.a(rpl-dag.o)
                0x00000000000078bc                rpl_get_any_dag
 .text.rpl_get_instance
                0x00000000000078d4       0x20 contiki-srf06-cc26xx.a(rpl-dag.o)
                0x00000000000078d4                rpl_get_instance
 .text.rpl_join_instance
                0x00000000000078f4      0x168 contiki-srf06-cc26xx.a(rpl-dag.o)
                0x00000000000078f4                rpl_join_instance
 .text.rpl_local_repair
                0x0000000000007a5c       0x74 contiki-srf06-cc26xx.a(rpl-dag.o)
                0x0000000000007a5c                rpl_local_repair
 .text.rpl_process_parent_event
                0x0000000000007ad0       0x9c contiki-srf06-cc26xx.a(rpl-dag.o)
                0x0000000000007ad0                rpl_process_parent_event
 .text.rpl_recalculate_ranks
                0x0000000000007b6c       0x50 contiki-srf06-cc26xx.a(rpl-dag.o)
                0x0000000000007b6c                rpl_recalculate_ranks
 .text.rpl_process_dio
                0x0000000000007bbc      0x2e4 contiki-srf06-cc26xx.a(rpl-dag.o)
                0x0000000000007bbc                rpl_process_dio
 .text.TrimAfterColdResetWakeupFromShutDown
                0x0000000000007ea0       0xe4 contiki-srf06-cc26xx.a(setup.o)
 .text.NOROM_SetupTrimDevice
                0x0000000000007f84       0xa4 contiki-srf06-cc26xx.a(setup.o)
                0x0000000000007f84                NOROM_SetupTrimDevice
 .text.NOROM_TRNGConfigure
                0x0000000000008028       0x38 contiki-srf06-cc26xx.a(trng.o)
                0x0000000000008028                NOROM_TRNGConfigure
 .text.SafeHapiVoid
                0x0000000000008060       0x2c contiki-srf06-cc26xx.a(adi.o)
                0x0000000000008060                SafeHapiVoid
 .text.SafeHapiAuxAdiSelect
                0x000000000000808c       0x30 contiki-srf06-cc26xx.a(adi.o)
                0x000000000000808c                SafeHapiAuxAdiSelect
 .text.NOROM_AONBatMonTemperatureGetDegC
                0x00000000000080bc       0x30 contiki-srf06-cc26xx.a(aon_batmon.o)
                0x00000000000080bc                NOROM_AONBatMonTemperatureGetDegC
 .text.NOROM_SysCtrlSetRechargeBeforePowerDown
                0x00000000000080ec      0x274 contiki-srf06-cc26xx.a(sys_ctrl.o)
                0x00000000000080ec                NOROM_SysCtrlSetRechargeBeforePowerDown
 .text.NOROM_SysCtrlAdjustRechargeAfterPowerDown
                0x0000000000008360       0x64 contiki-srf06-cc26xx.a(sys_ctrl.o)
                0x0000000000008360                NOROM_SysCtrlAdjustRechargeAfterPowerDown
 .text.NOROM_SysCtrl_DCDC_VoltageConditionalControl
                0x00000000000083c4       0x7c contiki-srf06-cc26xx.a(sys_ctrl.o)
                0x00000000000083c4                NOROM_SysCtrl_DCDC_VoltageConditionalControl
 .text.NOROM_CPUcpsid
                0x0000000000008440        0x8 contiki-srf06-cc26xx.a(cpu.o)
                0x0000000000008440                NOROM_CPUcpsid
 .text.NOROM_CPUcpsie
                0x0000000000008448        0x8 contiki-srf06-cc26xx.a(cpu.o)
                0x0000000000008448                NOROM_CPUcpsie
 .text.NOROM_PowerCtrlSourceSet
                0x0000000000008450       0x30 contiki-srf06-cc26xx.a(pwr_ctrl.o)
                0x0000000000008450                NOROM_PowerCtrlSourceSet
 .text.NOROM_AUXADCDisable
                0x0000000000008480       0x80 contiki-srf06-cc26xx.a(aux_adc.o)
                0x0000000000008480                NOROM_AUXADCDisable
 .text.NOROM_AUXADCEnableSync
                0x0000000000008500       0xbc contiki-srf06-cc26xx.a(aux_adc.o)
                0x0000000000008500                NOROM_AUXADCEnableSync
 .text.NOROM_AUXADCReadFifo
                0x00000000000085bc       0x18 contiki-srf06-cc26xx.a(aux_adc.o)
                0x00000000000085bc                NOROM_AUXADCReadFifo
 .text.NOROM_DDI32RegWrite
                0x00000000000085d4       0x34 contiki-srf06-cc26xx.a(ddi.o)
                0x00000000000085d4                NOROM_DDI32RegWrite
 .text.NOROM_DDI16BitfieldWrite
                0x0000000000008608       0x4c contiki-srf06-cc26xx.a(ddi.o)
                0x0000000000008608                NOROM_DDI16BitfieldWrite
 .text.NOROM_DDI16BitfieldRead
                0x0000000000008654       0x48 contiki-srf06-cc26xx.a(ddi.o)
                0x0000000000008654                NOROM_DDI16BitfieldRead
 .text.NOROM_AONRTCCurrentCompareValueGet
                0x000000000000869c       0x24 contiki-srf06-cc26xx.a(aon_rtc.o)
                0x000000000000869c                NOROM_AONRTCCurrentCompareValueGet
 .text.NOROM_ChipInfo_GetSupportedProtocol_BV
                0x00000000000086c0       0x10 contiki-srf06-cc26xx.a(chipinfo.o)
                0x00000000000086c0                NOROM_ChipInfo_GetSupportedProtocol_BV
 .text.NOROM_ChipInfo_GetChipFamily
                0x00000000000086d0       0x50 contiki-srf06-cc26xx.a(chipinfo.o)
                0x00000000000086d0                NOROM_ChipInfo_GetChipFamily
 .text.NOROM_ChipInfo_GetChipType
                0x0000000000008720       0x5c contiki-srf06-cc26xx.a(chipinfo.o)
                0x0000000000008720                NOROM_ChipInfo_GetChipType
 .text.NOROM_ChipInfo_GetHwRevision
                0x000000000000877c       0x70 contiki-srf06-cc26xx.a(chipinfo.o)
                0x000000000000877c                NOROM_ChipInfo_GetHwRevision
 .text.NOROM_ThisCodeIsBuiltForCC26xxHwRev22AndLater_HaltIfViolated
                0x00000000000087ec       0x14 contiki-srf06-cc26xx.a(chipinfo.o)
                0x00000000000087ec                NOROM_ThisCodeIsBuiltForCC26xxHwRev22AndLater_HaltIfViolated
 .text.NOROM_OSCClockSourceSet
                0x0000000000008800       0x50 contiki-srf06-cc26xx.a(osc.o)
                0x0000000000008800                NOROM_OSCClockSourceSet
 .text.NOROM_OSCClockSourceGet
                0x0000000000008850       0x24 contiki-srf06-cc26xx.a(osc.o)
                0x0000000000008850                NOROM_OSCClockSourceGet
 .text.queuebuf_init
                0x0000000000008874       0x1c contiki-srf06-cc26xx.a(queuebuf.o)
                0x0000000000008874                queuebuf_init
 .text.queuebuf_numfree
                0x0000000000008890        0xc contiki-srf06-cc26xx.a(queuebuf.o)
                0x0000000000008890                queuebuf_numfree
 .text.queuebuf_new_from_packetbuf
                0x000000000000889c       0x48 contiki-srf06-cc26xx.a(queuebuf.o)
                0x000000000000889c                queuebuf_new_from_packetbuf
 .text.queuebuf_update_attr_from_packetbuf
                0x00000000000088e4        0xc contiki-srf06-cc26xx.a(queuebuf.o)
                0x00000000000088e4                queuebuf_update_attr_from_packetbuf
 .text.queuebuf_update_from_packetbuf
                0x00000000000088f0       0x1c contiki-srf06-cc26xx.a(queuebuf.o)
                0x00000000000088f0                queuebuf_update_from_packetbuf
 .text.queuebuf_free
                0x000000000000890c       0x2c contiki-srf06-cc26xx.a(queuebuf.o)
                0x000000000000890c                queuebuf_free
 .text.queuebuf_to_packetbuf
                0x0000000000008938       0x30 contiki-srf06-cc26xx.a(queuebuf.o)
                0x0000000000008938                queuebuf_to_packetbuf
 .text.queuebuf_attr
                0x0000000000008968        0xc contiki-srf06-cc26xx.a(queuebuf.o)
                0x0000000000008968                queuebuf_attr
 .text.nbr_set_bit
                0x0000000000008974       0x4c contiki-srf06-cc26xx.a(nbr-table.o)
 .text.index_from_lladdr
                0x00000000000089c0       0x50 contiki-srf06-cc26xx.a(nbr-table.o)
 .text.nbr_get_bit.constprop.0
                0x0000000000008a10       0x2c contiki-srf06-cc26xx.a(nbr-table.o)
 .text.remove_key
                0x0000000000008a3c       0xa0 contiki-srf06-cc26xx.a(nbr-table.o)
 .text.nbr_table_register
                0x0000000000008adc       0x2c contiki-srf06-cc26xx.a(nbr-table.o)
                0x0000000000008adc                nbr_table_register
 .text.nbr_table_next
                0x0000000000008b08       0x70 contiki-srf06-cc26xx.a(nbr-table.o)
                0x0000000000008b08                nbr_table_next
 .text.nbr_table_head
                0x0000000000008b78       0x58 contiki-srf06-cc26xx.a(nbr-table.o)
                0x0000000000008b78                nbr_table_head
 .text.nbr_table_add_lladdr
                0x0000000000008bd0      0x13c contiki-srf06-cc26xx.a(nbr-table.o)
                0x0000000000008bd0                nbr_table_add_lladdr
 .text.nbr_table_get_from_lladdr
                0x0000000000008d0c       0x34 contiki-srf06-cc26xx.a(nbr-table.o)
                0x0000000000008d0c                nbr_table_get_from_lladdr
 .text.nbr_table_remove
                0x0000000000008d40       0x2c contiki-srf06-cc26xx.a(nbr-table.o)
                0x0000000000008d40                nbr_table_remove
 .text.nbr_table_lock
                0x0000000000008d6c       0x14 contiki-srf06-cc26xx.a(nbr-table.o)
                0x0000000000008d6c                nbr_table_lock
 .text.nbr_table_unlock
                0x0000000000008d80       0x14 contiki-srf06-cc26xx.a(nbr-table.o)
                0x0000000000008d80                nbr_table_unlock
 .text.nbr_table_get_lladdr
                0x0000000000008d94       0x30 contiki-srf06-cc26xx.a(nbr-table.o)
                0x0000000000008d94                nbr_table_get_lladdr
 .text.nbr_table_update_lladdr
                0x0000000000008dc4       0x54 contiki-srf06-cc26xx.a(nbr-table.o)
                0x0000000000008dc4                nbr_table_update_lladdr
 .text.packetbuf_copyto
                0x0000000000008e18       0x50 contiki-srf06-cc26xx.a(packetbuf.o)
                0x0000000000008e18                packetbuf_copyto
 .text.packetbuf_hdralloc
                0x0000000000008e68       0x58 contiki-srf06-cc26xx.a(packetbuf.o)
                0x0000000000008e68                packetbuf_hdralloc
 .text.packetbuf_hdrreduce
                0x0000000000008ec0       0x2c contiki-srf06-cc26xx.a(packetbuf.o)
                0x0000000000008ec0                packetbuf_hdrreduce
 .text.packetbuf_set_datalen
                0x0000000000008eec        0xc contiki-srf06-cc26xx.a(packetbuf.o)
                0x0000000000008eec                packetbuf_set_datalen
 .text.packetbuf_dataptr
                0x0000000000008ef8       0x20 contiki-srf06-cc26xx.a(packetbuf.o)
                0x0000000000008ef8                packetbuf_dataptr
 .text.packetbuf_hdrptr
                0x0000000000008f18        0x8 contiki-srf06-cc26xx.a(packetbuf.o)
                0x0000000000008f18                packetbuf_hdrptr
 .text.packetbuf_datalen
                0x0000000000008f20        0xc contiki-srf06-cc26xx.a(packetbuf.o)
                0x0000000000008f20                packetbuf_datalen
 .text.packetbuf_totlen
                0x0000000000008f2c       0x24 contiki-srf06-cc26xx.a(packetbuf.o)
                0x0000000000008f2c                packetbuf_totlen
 .text.packetbuf_attr_clear
                0x0000000000008f50       0x34 contiki-srf06-cc26xx.a(packetbuf.o)
                0x0000000000008f50                packetbuf_attr_clear
 .text.packetbuf_clear
                0x0000000000008f84       0x20 contiki-srf06-cc26xx.a(packetbuf.o)
                0x0000000000008f84                packetbuf_clear
 .text.packetbuf_copyfrom
                0x0000000000008fa4       0x40 contiki-srf06-cc26xx.a(packetbuf.o)
                0x0000000000008fa4                packetbuf_copyfrom
 .text.packetbuf_attr_copyto
                0x0000000000008fe4       0x44 contiki-srf06-cc26xx.a(packetbuf.o)
                0x0000000000008fe4                packetbuf_attr_copyto
 .text.packetbuf_attr_copyfrom
                0x0000000000009028       0x44 contiki-srf06-cc26xx.a(packetbuf.o)
                0x0000000000009028                packetbuf_attr_copyfrom
 .text.packetbuf_set_attr
                0x000000000000906c       0x10 contiki-srf06-cc26xx.a(packetbuf.o)
                0x000000000000906c                packetbuf_set_attr
 .text.packetbuf_attr
                0x000000000000907c        0xc contiki-srf06-cc26xx.a(packetbuf.o)
                0x000000000000907c                packetbuf_attr
 .text.packetbuf_set_addr
                0x0000000000009088       0x18 contiki-srf06-cc26xx.a(packetbuf.o)
                0x0000000000009088                packetbuf_set_addr
 .text.packetbuf_addr
                0x00000000000090a0       0x10 contiki-srf06-cc26xx.a(packetbuf.o)
                0x00000000000090a0                packetbuf_addr
 .text.packetbuf_holds_broadcast
                0x00000000000090b0       0x10 contiki-srf06-cc26xx.a(packetbuf.o)
                0x00000000000090b0                packetbuf_holds_broadcast
 .text.netstack_init
                0x00000000000090c0       0x38 contiki-srf06-cc26xx.a(netstack.o)
                0x00000000000090c0                netstack_init
 .text.linkaddr_copy
                0x00000000000090f8        0xc contiki-srf06-cc26xx.a(linkaddr.o)
                0x00000000000090f8                linkaddr_copy
 .text.linkaddr_cmp
                0x0000000000009104       0x10 contiki-srf06-cc26xx.a(linkaddr.o)
                0x0000000000009104                linkaddr_cmp
 .text.periodic
                0x0000000000009114       0x2c contiki-srf06-cc26xx.a(link-stats.o)
 .text.link_stats_from_lladdr
                0x0000000000009140        0xc contiki-srf06-cc26xx.a(link-stats.o)
                0x0000000000009140                link_stats_from_lladdr
 .text.link_stats_is_fresh
                0x000000000000914c       0x28 contiki-srf06-cc26xx.a(link-stats.o)
                0x000000000000914c                link_stats_is_fresh
 .text.link_stats_packet_sent
                0x0000000000009174       0xbc contiki-srf06-cc26xx.a(link-stats.o)
                0x0000000000009174                link_stats_packet_sent
 .text.link_stats_input_callback
                0x0000000000009230       0x5c contiki-srf06-cc26xx.a(link-stats.o)
                0x0000000000009230                link_stats_input_callback
 .text.link_stats_init
                0x000000000000928c       0x28 contiki-srf06-cc26xx.a(link-stats.o)
                0x000000000000928c                link_stats_init
 .text.parse    0x00000000000092b4       0xa0 contiki-srf06-cc26xx.a(framer-802154.o)
 .text.create_frame.isra.0
                0x0000000000009354      0x144 contiki-srf06-cc26xx.a(framer-802154.o)
 .text.create   0x0000000000009498        0x8 contiki-srf06-cc26xx.a(framer-802154.o)
 .text.hdr_length
                0x00000000000094a0        0x8 contiki-srf06-cc26xx.a(framer-802154.o)
 .text.frame802154_get_pan_id
                0x00000000000094a8        0xc contiki-srf06-cc26xx.a(frame802154.o)
                0x00000000000094a8                frame802154_get_pan_id
 .text.frame802154_has_panid
                0x00000000000094b4       0xb8 contiki-srf06-cc26xx.a(frame802154.o)
                0x00000000000094b4                frame802154_has_panid
 .text.field_len
                0x000000000000956c       0x9c contiki-srf06-cc26xx.a(frame802154.o)
 .text.frame802154_is_broadcast_addr
                0x0000000000009608       0x20 contiki-srf06-cc26xx.a(frame802154.o)
                0x0000000000009608                frame802154_is_broadcast_addr
 .text.frame802154_hdrlen
                0x0000000000009628       0x34 contiki-srf06-cc26xx.a(frame802154.o)
                0x0000000000009628                frame802154_hdrlen
 .text.frame802154_create_fcf
                0x000000000000965c       0x64 contiki-srf06-cc26xx.a(frame802154.o)
                0x000000000000965c                frame802154_create_fcf
 .text.frame802154_create
                0x00000000000096c0       0xb8 contiki-srf06-cc26xx.a(frame802154.o)
                0x00000000000096c0                frame802154_create
 .text.frame802154_parse_fcf
                0x0000000000009778       0x4c contiki-srf06-cc26xx.a(frame802154.o)
                0x0000000000009778                frame802154_parse_fcf
 .text.frame802154_parse
                0x00000000000097c4      0x134 contiki-srf06-cc26xx.a(frame802154.o)
                0x00000000000097c4                frame802154_parse
 .text.input_packet
                0x00000000000098f8        0xc contiki-srf06-cc26xx.a(csma.o)
 .text.on       0x0000000000009904        0xc contiki-srf06-cc26xx.a(csma.o)
 .text.off      0x0000000000009910        0xc contiki-srf06-cc26xx.a(csma.o)
 .text.channel_check_interval
                0x000000000000991c       0x10 contiki-srf06-cc26xx.a(csma.o)
 .text.transmit_packet_list
                0x000000000000992c       0x34 contiki-srf06-cc26xx.a(csma.o)
 .text.schedule_transmission
                0x0000000000009960       0x58 contiki-srf06-cc26xx.a(csma.o)
 .text.send_packet
                0x00000000000099b8      0x154 contiki-srf06-cc26xx.a(csma.o)
 .text.init     0x0000000000009b0c       0x24 contiki-srf06-cc26xx.a(csma.o)
 .text.tx_done  0x0000000000009b30       0x94 contiki-srf06-cc26xx.a(csma.o)
 .text.packet_sent
                0x0000000000009bc4       0xe8 contiki-srf06-cc26xx.a(csma.o)
 .text.duty_cycle
                0x0000000000009cac        0x4 contiki-srf06-cc26xx.a(contikimac.o)
 .text.init     0x0000000000009cb0       0x40 contiki-srf06-cc26xx.a(contikimac.o)
 .text.on       0x0000000000009cf0       0x2c contiki-srf06-cc26xx.a(contikimac.o)
 .text.off      0x0000000000009d1c       0x38 contiki-srf06-cc26xx.a(contikimac.o)
 .text.recv_burst_off
                0x0000000000009d54       0x14 contiki-srf06-cc26xx.a(contikimac.o)
 .text.powercycle_turn_radio_off.part.2
                0x0000000000009d68       0x10 contiki-srf06-cc26xx.a(contikimac.o)
 .text.turn_off
                0x0000000000009d78       0x48 contiki-srf06-cc26xx.a(contikimac.o)
 .text.turn_on  0x0000000000009dc0       0x40 contiki-srf06-cc26xx.a(contikimac.o)
 .text.schedule_powercycle_fixed.part.5
                0x0000000000009e00       0x2c contiki-srf06-cc26xx.a(contikimac.o)
 .text.input_packet
                0x0000000000009e2c       0xac contiki-srf06-cc26xx.a(contikimac.o)
 .text.send_packet.isra.8
                0x0000000000009ed8      0x228 contiki-srf06-cc26xx.a(contikimac.o)
 .text.qsend_list
                0x000000000000a100       0xec contiki-srf06-cc26xx.a(contikimac.o)
 .text.qsend_packet
                0x000000000000a1ec       0x24 contiki-srf06-cc26xx.a(contikimac.o)
 .text.powercycle_wrapper
                0x000000000000a210      0x234 contiki-srf06-cc26xx.a(contikimac.o)
 .text.init     0x000000000000a444        0x4 contiki-srf06-cc26xx.a(nullsec.o)
 .text.input    0x000000000000a448        0xc contiki-srf06-cc26xx.a(nullsec.o)
 .text.send     0x000000000000a454       0x20 contiki-srf06-cc26xx.a(nullsec.o)
 .text.rtimer_arch_init
                0x000000000000a474        0x4 contiki-srf06-cc26xx.a(rtimer-arch.o)
                0x000000000000a474                rtimer_arch_init
 .text.rtimer_arch_schedule
                0x000000000000a478        0x8 contiki-srf06-cc26xx.a(rtimer-arch.o)
                0x000000000000a478                rtimer_arch_schedule
 .text.rtimer_arch_now
                0x000000000000a480        0x4 contiki-srf06-cc26xx.a(rtimer-arch.o)
                0x000000000000a480                rtimer_arch_now
 .text.process_thread_rf_core_process
                0x000000000000a484       0x58 contiki-srf06-cc26xx.a(rf-core.o)
 .text.rf_core_is_accessible
                0x000000000000a4dc       0x10 contiki-srf06-cc26xx.a(rf-core.o)
                0x000000000000a4dc                rf_core_is_accessible
 .text.rf_core_send_cmd
                0x000000000000a4ec       0xa4 contiki-srf06-cc26xx.a(rf-core.o)
                0x000000000000a4ec                rf_core_send_cmd
 .text.rf_core_wait_cmd_done
                0x000000000000a590       0x30 contiki-srf06-cc26xx.a(rf-core.o)
                0x000000000000a590                rf_core_wait_cmd_done
 .text.rf_core_power_up
                0x000000000000a5c0       0xb4 contiki-srf06-cc26xx.a(rf-core.o)
                0x000000000000a5c0                rf_core_power_up
 .text.rf_core_start_rat
                0x000000000000a674       0x68 contiki-srf06-cc26xx.a(rf-core.o)
                0x000000000000a674                rf_core_start_rat
 .text.rf_core_stop_rat
                0x000000000000a6dc       0x7c contiki-srf06-cc26xx.a(rf-core.o)
                0x000000000000a6dc                rf_core_stop_rat
 .text.rf_core_power_down
                0x000000000000a758       0xec contiki-srf06-cc26xx.a(rf-core.o)
                0x000000000000a758                rf_core_power_down
 .text.rf_core_set_modesel
                0x000000000000a844       0x44 contiki-srf06-cc26xx.a(rf-core.o)
                0x000000000000a844                rf_core_set_modesel
 .text.rf_core_boot
                0x000000000000a888       0x1c contiki-srf06-cc26xx.a(rf-core.o)
                0x000000000000a888                rf_core_boot
 .text.rf_core_restart_rat
                0x000000000000a8a4       0x18 contiki-srf06-cc26xx.a(rf-core.o)
                0x000000000000a8a4                rf_core_restart_rat
 .text.rf_core_setup_interrupts
                0x000000000000a8bc       0x74 contiki-srf06-cc26xx.a(rf-core.o)
                0x000000000000a8bc                rf_core_setup_interrupts
 .text.rf_core_cmd_done_en
                0x000000000000a930       0x28 contiki-srf06-cc26xx.a(rf-core.o)
                0x000000000000a930                rf_core_cmd_done_en
 .text.rf_core_cmd_done_dis
                0x000000000000a958       0x18 contiki-srf06-cc26xx.a(rf-core.o)
                0x000000000000a958                rf_core_cmd_done_dis
 .text.rf_core_get_last_radio_op
                0x000000000000a970        0xc contiki-srf06-cc26xx.a(rf-core.o)
                0x000000000000a970                rf_core_get_last_radio_op
 .text.rf_core_init_radio_op
                0x000000000000a97c       0x20 contiki-srf06-cc26xx.a(rf-core.o)
                0x000000000000a97c                rf_core_init_radio_op
 .text.rf_core_primary_mode_register
                0x000000000000a99c        0xc contiki-srf06-cc26xx.a(rf-core.o)
                0x000000000000a99c                rf_core_primary_mode_register
 .text.RFCCPE1IntHandler
                0x000000000000a9a8       0x28 contiki-srf06-cc26xx.a(rf-core.o)
                0x000000000000a9a8                RFCCPE1IntHandler
 .text.RFCCPE0IntHandler
                0x000000000000a9d0       0x5c contiki-srf06-cc26xx.a(rf-core.o)
                0x000000000000a9d0                RFCCPE0IntHandler
 .text.rf_ble_is_active
                0x000000000000aa2c        0xc contiki-srf06-cc26xx.a(rf-ble.o)
                0x000000000000aa2c                rf_ble_is_active
 .text.stimer_set
                0x000000000000aa38       0x10 contiki-srf06-cc26xx.a(stimer.o)
                0x000000000000aa38                stimer_set
 .text.stimer_expired
                0x000000000000aa48       0x20 contiki-srf06-cc26xx.a(stimer.o)
                0x000000000000aa48                stimer_expired
 .text.memb_init
                0x000000000000aa68       0x24 contiki-srf06-cc26xx.a(memb.o)
                0x000000000000aa68                memb_init
 .text.memb_alloc
                0x000000000000aa8c       0x3c contiki-srf06-cc26xx.a(memb.o)
                0x000000000000aa8c                memb_alloc
 .text.memb_free
                0x000000000000aac8       0x44 contiki-srf06-cc26xx.a(memb.o)
                0x000000000000aac8                memb_free
 .text.memb_inmemb
                0x000000000000ab0c       0x1c contiki-srf06-cc26xx.a(memb.o)
                0x000000000000ab0c                memb_inmemb
 .text.memb_numfree
                0x000000000000ab28       0x1c contiki-srf06-cc26xx.a(memb.o)
                0x000000000000ab28                memb_numfree
 .text.echo_reply_input
                0x000000000000ab44       0xb0 contiki-srf06-cc26xx.a(uip-icmp6.o)
 .text.echo_request_input
                0x000000000000abf4       0xb8 contiki-srf06-cc26xx.a(uip-icmp6.o)
 .text.uip_icmp6_input
                0x000000000000acac       0x3c contiki-srf06-cc26xx.a(uip-icmp6.o)
                0x000000000000acac                uip_icmp6_input
 .text.uip_icmp6_register_input_handler
                0x000000000000ace8        0xc contiki-srf06-cc26xx.a(uip-icmp6.o)
                0x000000000000ace8                uip_icmp6_register_input_handler
 .text.uip_icmp6_error_output
                0x000000000000acf4      0x150 contiki-srf06-cc26xx.a(uip-icmp6.o)
                0x000000000000acf4                uip_icmp6_error_output
 .text.uip_icmp6_send
                0x000000000000ae44       0x84 contiki-srf06-cc26xx.a(uip-icmp6.o)
                0x000000000000ae44                uip_icmp6_send
 .text.uip_icmp6_init
                0x000000000000aec8       0x24 contiki-srf06-cc26xx.a(uip-icmp6.o)
                0x000000000000aec8                uip_icmp6_init
 .text.uip_ds6_list_loop
                0x000000000000aeec       0x60 contiki-srf06-cc26xx.a(uip-ds6.o)
                0x000000000000aeec                uip_ds6_list_loop
 .text.uip_ds6_prefix_add
                0x000000000000af4c       0x6c contiki-srf06-cc26xx.a(uip-ds6.o)
                0x000000000000af4c                uip_ds6_prefix_add
 .text.uip_ds6_is_addr_onlink
                0x000000000000afb8       0x3c contiki-srf06-cc26xx.a(uip-ds6.o)
                0x000000000000afb8                uip_ds6_is_addr_onlink
 .text.uip_ds6_addr_lookup
                0x000000000000aff4       0x30 contiki-srf06-cc26xx.a(uip-ds6.o)
                0x000000000000aff4                uip_ds6_addr_lookup
 .text.uip_ds6_get_link_local
                0x000000000000b024       0x44 contiki-srf06-cc26xx.a(uip-ds6.o)
                0x000000000000b024                uip_ds6_get_link_local
 .text.uip_ds6_maddr_add
                0x000000000000b068       0x50 contiki-srf06-cc26xx.a(uip-ds6.o)
                0x000000000000b068                uip_ds6_maddr_add
 .text.uip_ds6_addr_add
                0x000000000000b0b8       0xa8 contiki-srf06-cc26xx.a(uip-ds6.o)
                0x000000000000b0b8                uip_ds6_addr_add
 .text.uip_ds6_maddr_lookup
                0x000000000000b160       0x30 contiki-srf06-cc26xx.a(uip-ds6.o)
                0x000000000000b160                uip_ds6_maddr_lookup
 .text.uip_ds6_addr_rm
                0x000000000000b190       0x48 contiki-srf06-cc26xx.a(uip-ds6.o)
                0x000000000000b190                uip_ds6_addr_rm
 .text.uip_ds6_periodic
                0x000000000000b1d8       0x5c contiki-srf06-cc26xx.a(uip-ds6.o)
                0x000000000000b1d8                uip_ds6_periodic
 .text.uip_ds6_select_src
                0x000000000000b234       0xf4 contiki-srf06-cc26xx.a(uip-ds6.o)
                0x000000000000b234                uip_ds6_select_src
 .text.uip_ds6_set_addr_iid
                0x000000000000b328       0x14 contiki-srf06-cc26xx.a(uip-ds6.o)
                0x000000000000b328                uip_ds6_set_addr_iid
 .text.uip_ds6_compute_reachable_time
                0x000000000000b33c       0x28 contiki-srf06-cc26xx.a(uip-ds6.o)
                0x000000000000b33c                uip_ds6_compute_reachable_time
 .text.uip_ds6_init
                0x000000000000b364       0xf8 contiki-srf06-cc26xx.a(uip-ds6.o)
                0x000000000000b364                uip_ds6_init
 .text.uip_udp_packet_send
                0x000000000000b45c       0x40 contiki-srf06-cc26xx.a(uip-udp-packet.)
                0x000000000000b45c                uip_udp_packet_send
 .text.uip_udp_packet_sendto
                0x000000000000b49c       0x48 contiki-srf06-cc26xx.a(uip-udp-packet.)
                0x000000000000b49c                uip_udp_packet_sendto
 .text.get32    0x000000000000b4e4       0x20 contiki-srf06-cc26xx.a(rpl-icmp6.o)
 .text.dao_ack_input
                0x000000000000b504       0x14 contiki-srf06-cc26xx.a(rpl-icmp6.o)
 .text.dao_output_target_seq
                0x000000000000b518       0xf8 contiki-srf06-cc26xx.a(rpl-icmp6.o)
 .text.dio_input
                0x000000000000b610      0x270 contiki-srf06-cc26xx.a(rpl-icmp6.o)
 .text.rpl_icmp6_update_nbr_table
                0x000000000000b880       0x38 contiki-srf06-cc26xx.a(rpl-icmp6.o)
                0x000000000000b880                rpl_icmp6_update_nbr_table
 .text.dao_input
                0x000000000000b8b8      0x2e0 contiki-srf06-cc26xx.a(rpl-icmp6.o)
 .text.dis_output
                0x000000000000bb98       0x58 contiki-srf06-cc26xx.a(rpl-icmp6.o)
                0x000000000000bb98                dis_output
 .text.dio_output
                0x000000000000bbf0      0x2e8 contiki-srf06-cc26xx.a(rpl-icmp6.o)
                0x000000000000bbf0                dio_output
 .text.dis_input
                0x000000000000bed8       0x54 contiki-srf06-cc26xx.a(rpl-icmp6.o)
 .text.dao_output
                0x000000000000bf2c       0x90 contiki-srf06-cc26xx.a(rpl-icmp6.o)
                0x000000000000bf2c                dao_output
 .text.dao_output_target
                0x000000000000bfbc        0xc contiki-srf06-cc26xx.a(rpl-icmp6.o)
                0x000000000000bfbc                dao_output_target
 .text.rpl_icmp6_register_handlers
                0x000000000000bfc8       0x30 contiki-srf06-cc26xx.a(rpl-icmp6.o)
                0x000000000000bfc8                rpl_icmp6_register_handlers
 .text.new_dio_interval
                0x000000000000bff8       0x5c contiki-srf06-cc26xx.a(rpl-timers.o)
 .text.handle_periodic_timer
                0x000000000000c054       0x58 contiki-srf06-cc26xx.a(rpl-timers.o)
 .text.set_dao_lifetime_timer
                0x000000000000c0ac       0x48 contiki-srf06-cc26xx.a(rpl-timers.o)
 .text.handle_unicast_dio_timer
                0x000000000000c0f4       0x1c contiki-srf06-cc26xx.a(rpl-timers.o)
 .text.handle_dio_timer
                0x000000000000c110       0x88 contiki-srf06-cc26xx.a(rpl-timers.o)
 .text.schedule_dao
                0x000000000000c198       0x54 contiki-srf06-cc26xx.a(rpl-timers.o)
 .text.handle_dao_timer
                0x000000000000c1ec       0x5c contiki-srf06-cc26xx.a(rpl-timers.o)
 .text.rpl_reset_periodic_timer
                0x000000000000c248       0x3c contiki-srf06-cc26xx.a(rpl-timers.o)
                0x000000000000c248                rpl_reset_periodic_timer
 .text.rpl_reset_dio_timer
                0x000000000000c284       0x1c contiki-srf06-cc26xx.a(rpl-timers.o)
                0x000000000000c284                rpl_reset_dio_timer
 .text.rpl_schedule_dao
                0x000000000000c2a0        0x8 contiki-srf06-cc26xx.a(rpl-timers.o)
                0x000000000000c2a0                rpl_schedule_dao
 .text.rpl_schedule_unicast_dio_immediately
                0x000000000000c2a8       0x10 contiki-srf06-cc26xx.a(rpl-timers.o)
                0x000000000000c2a8                rpl_schedule_unicast_dio_immediately
 .text.get_probing_delay
                0x000000000000c2b8       0x4c contiki-srf06-cc26xx.a(rpl-timers.o)
                0x000000000000c2b8                get_probing_delay
 .text.get_probing_target
                0x000000000000c304       0xdc contiki-srf06-cc26xx.a(rpl-timers.o)
                0x000000000000c304                get_probing_target
 .text.rpl_schedule_probing
                0x000000000000c3e0       0x20 contiki-srf06-cc26xx.a(rpl-timers.o)
                0x000000000000c3e0                rpl_schedule_probing
 .text.handle_probing_timer
                0x000000000000c400       0x34 contiki-srf06-cc26xx.a(rpl-timers.o)
 .text.update_nbr
                0x000000000000c434      0x11c contiki-srf06-cc26xx.a(rpl-nbr-policy.)
 .text.handle_periodic_timer
                0x000000000000c550       0x14 contiki-srf06-cc26xx.a(rpl-nbr-policy.)
 .text.find_removable_dio
                0x000000000000c564       0x40 contiki-srf06-cc26xx.a(rpl-nbr-policy.)
                0x000000000000c564                find_removable_dio
 .text.find_removable_dao
                0x000000000000c5a4       0x38 contiki-srf06-cc26xx.a(rpl-nbr-policy.)
                0x000000000000c5a4                find_removable_dao
 .text.rpl_nbr_policy_find_removable
                0x000000000000c5dc       0x40 contiki-srf06-cc26xx.a(rpl-nbr-policy.)
                0x000000000000c5dc                rpl_nbr_policy_find_removable
 .text.reset    0x000000000000c61c        0x4 contiki-srf06-cc26xx.a(rpl-mrhof.o)
 .text.update_metric_container
                0x000000000000c620        0x8 contiki-srf06-cc26xx.a(rpl-mrhof.o)
 .text.parent_link_metric
                0x000000000000c628       0x14 contiki-srf06-cc26xx.a(rpl-mrhof.o)
 .text.parent_has_usable_link
                0x000000000000c63c       0x18 contiki-srf06-cc26xx.a(rpl-mrhof.o)
 .text.best_dag
                0x000000000000c654       0x2c contiki-srf06-cc26xx.a(rpl-mrhof.o)
 .text.parent_path_cost
                0x000000000000c680       0x4c contiki-srf06-cc26xx.a(rpl-mrhof.o)
 .text.parent_is_acceptable
                0x000000000000c6cc       0x34 contiki-srf06-cc26xx.a(rpl-mrhof.o)
 .text.rank_via_parent
                0x000000000000c700       0x3c contiki-srf06-cc26xx.a(rpl-mrhof.o)
 .text.best_parent
                0x000000000000c73c       0x70 contiki-srf06-cc26xx.a(rpl-mrhof.o)
 .text.NOROM_SetupGetTrimForXoscHfCtl.part.3
                0x000000000000c7ac       0x20 contiki-srf06-cc26xx.a(setup_rom.o)
 .text.NOROM_SetupGetTrimForRadcExtCfg.part.4
                0x000000000000c7cc       0x20 contiki-srf06-cc26xx.a(setup_rom.o)
 .text.NOROM_SetupAfterColdResetWakeupFromShutDownCfg1
                0x000000000000c7ec       0x7c contiki-srf06-cc26xx.a(setup_rom.o)
                0x000000000000c7ec                NOROM_SetupAfterColdResetWakeupFromShutDownCfg1
 .text.NOROM_SetupAfterColdResetWakeupFromShutDownCfg3
                0x000000000000c868      0x194 contiki-srf06-cc26xx.a(setup_rom.o)
                0x000000000000c868                NOROM_SetupAfterColdResetWakeupFromShutDownCfg3
 .text.NOROM_SetupGetTrimForAnabypassValue1
                0x000000000000c9fc       0x64 contiki-srf06-cc26xx.a(setup_rom.o)
                0x000000000000c9fc                NOROM_SetupGetTrimForAnabypassValue1
 .text.NOROM_SetupGetTrimForAmpcompCtrl
                0x000000000000ca60       0x74 contiki-srf06-cc26xx.a(setup_rom.o)
                0x000000000000ca60                NOROM_SetupGetTrimForAmpcompCtrl
 .text.NOROM_SetupAfterColdResetWakeupFromShutDownCfg2
                0x000000000000cad4      0x194 contiki-srf06-cc26xx.a(setup_rom.o)
                0x000000000000cad4                NOROM_SetupAfterColdResetWakeupFromShutDownCfg2
 .text.NOROM_SetupSetCacheModeAccordingToCcfgSetting
                0x000000000000cc68       0x6c contiki-srf06-cc26xx.a(setup_rom.o)
                0x000000000000cc68                NOROM_SetupSetCacheModeAccordingToCcfgSetting
 .text.mac_sequence_is_duplicate
                0x000000000000ccd4       0x4c contiki-srf06-cc26xx.a(mac-sequence.o)
                0x000000000000ccd4                mac_sequence_is_duplicate
 .text.mac_sequence_register_seqno
                0x000000000000cd20       0x64 contiki-srf06-cc26xx.a(mac-sequence.o)
                0x000000000000cd20                mac_sequence_register_seqno
 .text.mac_call_sent_callback
                0x000000000000cd84       0x10 contiki-srf06-cc26xx.a(mac.o)
                0x000000000000cd84                mac_call_sent_callback
 .text.log      0x000000000000cd94       0xe4 /usr/lib/gcc/arm-none-eabi/4.9/../../../arm-none-eabi/lib/armv7-m/libm.a(lib_a-w_log.o)
                0x000000000000cd94                log
 .text.__fpclassifyd
                0x000000000000ce78       0x50 /usr/lib/gcc/arm-none-eabi/4.9/../../../arm-none-eabi/lib/armv7-m/libm.a(lib_a-s_fpclassify.o)
                0x000000000000ce78                __fpclassifyd
 .text.matherr  0x000000000000cec8        0x4 /usr/lib/gcc/arm-none-eabi/4.9/../../../arm-none-eabi/lib/armv7-m/libm.a(lib_a-s_matherr.o)
                0x000000000000cec8                matherr
 .text.nan      0x000000000000cecc        0xc /usr/lib/gcc/arm-none-eabi/4.9/../../../arm-none-eabi/lib/armv7-m/libm.a(lib_a-s_nan.o)
                0x000000000000cecc                nan
 .text          0x000000000000ced8      0x370 /usr/lib/gcc/arm-none-eabi/4.9/armv7-m/libgcc.a(_arm_addsubdf3.o)
                0x000000000000ced8                __aeabi_drsub
                0x000000000000cee0                __aeabi_dsub
                0x000000000000cee0                __subdf3
                0x000000000000cee4                __adddf3
                0x000000000000cee4                __aeabi_dadd
                0x000000000000d15c                __aeabi_ui2d
                0x000000000000d15c                __floatunsidf
                0x000000000000d17c                __floatsidf
                0x000000000000d17c                __aeabi_i2d
                0x000000000000d1a0                __extendsfdf2
                0x000000000000d1a0                __aeabi_f2d
                0x000000000000d1dc                __aeabi_ul2d
                0x000000000000d1dc                __floatundidf
                0x000000000000d1ec                __floatdidf
                0x000000000000d1ec                __aeabi_l2d
 .text          0x000000000000d248      0x424 /usr/lib/gcc/arm-none-eabi/4.9/armv7-m/libgcc.a(_arm_muldivdf3.o)
                0x000000000000d248                __aeabi_dmul
                0x000000000000d248                __muldf3
                0x000000000000d49c                __aeabi_ddiv
                0x000000000000d49c                __divdf3
 .text          0x000000000000d66c      0x110 /usr/lib/gcc/arm-none-eabi/4.9/armv7-m/libgcc.a(_arm_cmpdf2.o)
                0x000000000000d66c                __gtdf2
                0x000000000000d66c                __gedf2
                0x000000000000d674                __ltdf2
                0x000000000000d674                __ledf2
                0x000000000000d67c                __cmpdf2
                0x000000000000d67c                __eqdf2
                0x000000000000d67c                __nedf2
                0x000000000000d6f8                __aeabi_cdrcmple
                0x000000000000d708                __aeabi_cdcmple
                0x000000000000d708                __aeabi_cdcmpeq
                0x000000000000d718                __aeabi_dcmpeq
                0x000000000000d72c                __aeabi_dcmplt
                0x000000000000d740                __aeabi_dcmple
                0x000000000000d754                __aeabi_dcmpge
                0x000000000000d768                __aeabi_dcmpgt
 .text          0x000000000000d77c       0x40 /usr/lib/gcc/arm-none-eabi/4.9/armv7-m/libgcc.a(_arm_fixunsdfsi.o)
                0x000000000000d77c                __fixunsdfsi
                0x000000000000d77c                __aeabi_d2uiz
 .text          0x000000000000d7bc       0xa0 /usr/lib/gcc/arm-none-eabi/4.9/armv7-m/libgcc.a(_arm_truncdfsf2.o)
                0x000000000000d7bc                __aeabi_d2f
                0x000000000000d7bc                __truncdfsf2
 .text          0x000000000000d85c      0x21c /usr/lib/gcc/arm-none-eabi/4.9/armv7-m/libgcc.a(_arm_addsubsf3.o)
                0x000000000000d85c                __aeabi_frsub
                0x000000000000d864                __subsf3
                0x000000000000d864                __aeabi_fsub
                0x000000000000d868                __aeabi_fadd
                0x000000000000d868                __addsf3
                0x000000000000d9c8                __aeabi_ui2f
                0x000000000000d9c8                __floatunsisf
                0x000000000000d9d0                __aeabi_i2f
                0x000000000000d9d0                __floatsisf
                0x000000000000d9ec                __floatundisf
                0x000000000000d9ec                __aeabi_ul2f
                0x000000000000d9fc                __floatdisf
                0x000000000000d9fc                __aeabi_l2f
 .text          0x000000000000da78      0x2a0 /usr/lib/gcc/arm-none-eabi/4.9/armv7-m/libgcc.a(_arm_muldivsf3.o)
                0x000000000000da78                __mulsf3
                0x000000000000da78                __aeabi_fmul
                0x000000000000dbe0                __divsf3
                0x000000000000dbe0                __aeabi_fdiv
 .text          0x000000000000dd18       0x40 /usr/lib/gcc/arm-none-eabi/4.9/armv7-m/libgcc.a(_arm_fixunssfsi.o)
                0x000000000000dd18                __aeabi_f2uiz
                0x000000000000dd18                __fixunssfsi
 .text          0x000000000000dd58       0x30 /usr/lib/gcc/arm-none-eabi/4.9/armv7-m/libgcc.a(_aeabi_uldivmod.o)
                0x000000000000dd58                __aeabi_uldivmod
 .text          0x000000000000dd88       0x60 /usr/lib/gcc/arm-none-eabi/4.9/armv7-m/libgcc.a(bpabi.o)
                0x000000000000dd88                __gnu_ldivmod_helper
                0x000000000000ddb8                __gnu_uldivmod_helper
 .text          0x000000000000dde8        0x4 /usr/lib/gcc/arm-none-eabi/4.9/armv7-m/libgcc.a(_dvmd_tls.o)
                0x000000000000dde8                __aeabi_ldiv0
                0x000000000000dde8                __aeabi_idiv0
 .text          0x000000000000ddec      0x2ac /usr/lib/gcc/arm-none-eabi/4.9/armv7-m/libgcc.a(_divdi3.o)
                0x000000000000ddec                __divdi3
 .text          0x000000000000e098      0x270 /usr/lib/gcc/arm-none-eabi/4.9/armv7-m/libgcc.a(_udivdi3.o)
                0x000000000000e098                __udivdi3
 .text.__errno  0x000000000000e308        0xc /usr/lib/gcc/arm-none-eabi/4.9/../../../arm-none-eabi/lib/armv7-m/libc.a(lib_a-errno.o)
                0x000000000000e308                __errno
 .text.memcmp   0x000000000000e314       0x68 /usr/lib/gcc/arm-none-eabi/4.9/../../../arm-none-eabi/lib/armv7-m/libc.a(lib_a-memcmp.o)
                0x000000000000e314                memcmp
 .text          0x000000000000e37c       0xec /usr/lib/gcc/arm-none-eabi/4.9/../../../arm-none-eabi/lib/armv7-m/libc.a(lib_a-memcpy.o)
                0x000000000000e37c                memcpy
 .text.memmove  0x000000000000e468       0xcc /usr/lib/gcc/arm-none-eabi/4.9/../../../arm-none-eabi/lib/armv7-m/libc.a(lib_a-memmove.o)
                0x000000000000e468                memmove
 .text.memset   0x000000000000e534       0x94 /usr/lib/gcc/arm-none-eabi/4.9/../../../arm-none-eabi/lib/armv7-m/libc.a(lib_a-memset.o)
                0x000000000000e534                memset
 .text.strlen   0x000000000000e5c8       0x5c /usr/lib/gcc/arm-none-eabi/4.9/../../../arm-none-eabi/lib/armv7-m/libc.a(lib_a-strlen.o)
                0x000000000000e5c8                strlen
 *(SORT(.rodata*))
 .rodata.autostart_processes
                0x000000000000e624        0x8 main_leaf.co
                0x000000000000e624                autostart_processes
 .rodata.str1.4
                0x000000000000e62c      0x194 main_leaf.co
 .rodata.str1.4
                0x000000000000e7c0       0xf2 contiki-srf06-cc26xx.a(contiki-main.o)
                                         0xf8 (size before relaxing)
 *fill*         0x000000000000e8b2        0x2 00000000
 .rodata.str1.4
                0x000000000000e8b4        0x8 contiki-srf06-cc26xx.a(sensors.o)
 .rodata.button_left_sensor
                0x000000000000e8bc       0x10 contiki-srf06-cc26xx.a(button-sensor.o)
                0x000000000000e8bc                button_left_sensor
 .rodata.button_up_sensor
                0x000000000000e8cc       0x10 contiki-srf06-cc26xx.a(button-sensor.o)
                0x000000000000e8cc                button_up_sensor
 .rodata.button_select_sensor
                0x000000000000e8dc       0x10 contiki-srf06-cc26xx.a(button-sensor.o)
                0x000000000000e8dc                button_select_sensor
 .rodata.button_right_sensor
                0x000000000000e8ec       0x10 contiki-srf06-cc26xx.a(button-sensor.o)
                0x000000000000e8ec                button_right_sensor
 .rodata.button_down_sensor
                0x000000000000e8fc       0x10 contiki-srf06-cc26xx.a(button-sensor.o)
                0x000000000000e8fc                button_down_sensor
 .rodata.str1.4
                0x000000000000e90c        0x7 contiki-srf06-cc26xx.a(button-sensor.o)
                                          0x8 (size before relaxing)
 *fill*         0x000000000000e913        0x1 00000000
 .rodata.als_sensor
                0x000000000000e914       0x10 contiki-srf06-cc26xx.a(als-sensor.o)
                0x000000000000e914                als_sensor
 .rodata.str1.4
                0x000000000000e924        0x4 contiki-srf06-cc26xx.a(als-sensor.o)
 .rodata.str1.4
                0x000000000000e928       0x10 contiki-srf06-cc26xx.a(batmon-sensor.o)
 .rodata.batmon_sensor
                0x000000000000e938       0x10 contiki-srf06-cc26xx.a(batmon-sensor.o)
                0x000000000000e938                batmon_sensor
 .rodata.output_power
                0x000000000000e948       0x68 contiki-srf06-cc26xx.a(ieee-mode.o)
 .rodata.mode_ieee
                0x000000000000e9b0        0x8 contiki-srf06-cc26xx.a(ieee-mode.o)
 .rodata.ieee_mode_driver
                0x000000000000e9b8       0x38 contiki-srf06-cc26xx.a(ieee-mode.o)
                0x000000000000e9b8                ieee_mode_driver
 .rodata.str1.4
                0x000000000000e9f0       0x1b contiki-srf06-cc26xx.a(soc-trng.o)
                                         0x1c (size before relaxing)
 *fill*         0x000000000000ea0b        0x1 00000000
 .rodata.str1.4
                0x000000000000ea0c       0x46 contiki-srf06-cc26xx.a(strformat.o)
                                         0x48 (size before relaxing)
 *fill*         0x000000000000ea52        0x2 00000000
 .rodata.buffer.4019
                0x000000000000ea54       0x10 contiki-srf06-cc26xx.a(strformat.o)
 .rodata.buffer.4028
                0x000000000000ea64       0x10 contiki-srf06-cc26xx.a(strformat.o)
 .rodata.str1.4
                0x000000000000ea74        0xf contiki-srf06-cc26xx.a(ctimer.o)
                                         0x10 (size before relaxing)
 *fill*         0x000000000000ea83        0x1 00000000
 .rodata.str1.4
                0x000000000000ea84        0xc contiki-srf06-cc26xx.a(etimer.o)
 .rodata.str1.4
                0x000000000000ea90        0xe contiki-srf06-cc26xx.a(serial-line.o)
                                         0x10 (size before relaxing)
 *fill*         0x000000000000ea9e        0x2 00000000
 .rodata        0x000000000000eaa0        0x4 contiki-srf06-cc26xx.a(sicslowpan.o)
 .rodata.ttl_values
                0x000000000000eaa4        0x4 contiki-srf06-cc26xx.a(sicslowpan.o)
 .rodata.unc_llconf
                0x000000000000eaa8        0x4 contiki-srf06-cc26xx.a(sicslowpan.o)
                0x000000000000eaa8                unc_llconf
 .rodata.llprefix
                0x000000000000eaac        0x4 contiki-srf06-cc26xx.a(sicslowpan.o)
                0x000000000000eaac                llprefix
 .rodata.sicslowpan_driver
                0x000000000000eab0        0xc contiki-srf06-cc26xx.a(sicslowpan.o)
                0x000000000000eab0                sicslowpan_driver
 .rodata.unc_mxconf
                0x000000000000eabc        0x4 contiki-srf06-cc26xx.a(sicslowpan.o)
                0x000000000000eabc                unc_mxconf
 .rodata.unc_ctxconf
                0x000000000000eac0        0x4 contiki-srf06-cc26xx.a(sicslowpan.o)
                0x000000000000eac0                unc_ctxconf
 .rodata.str1.4
                0x000000000000eac4        0xb contiki-srf06-cc26xx.a(sicslowpan.o)
                                          0xc (size before relaxing)
 *fill*         0x000000000000eacf        0x1 00000000
 .rodata.str1.4
                0x000000000000ead0       0x23 contiki-srf06-cc26xx.a(uip-debug.o)
                                         0x2c (size before relaxing)
 *fill*         0x000000000000eaf3        0x1 00000000
 .rodata.str1.4
                0x000000000000eaf4        0xd contiki-srf06-cc26xx.a(tcpip.o)
                                         0x10 (size before relaxing)
 *fill*         0x000000000000eb01        0x3 00000000
 .rodata.str1.4
                0x000000000000eb04       0x13 contiki-srf06-cc26xx.a(simple-udp.o)
                                         0x14 (size before relaxing)
 *fill*         0x000000000000eb17        0x1 00000000
 .rodata.linkaddr_null
                0x000000000000eb18        0x8 contiki-srf06-cc26xx.a(linkaddr.o)
                0x000000000000eb18                linkaddr_null
 .rodata.framer_802154
                0x000000000000eb20        0xc contiki-srf06-cc26xx.a(framer-802154.o)
                0x000000000000eb20                framer_802154
 .rodata.str1.4
                0x000000000000eb2c        0x5 contiki-srf06-cc26xx.a(csma.o)
                                          0x8 (size before relaxing)
 *fill*         0x000000000000eb31        0x3 00000000
 .rodata.csma_driver
                0x000000000000eb34       0x1c contiki-srf06-cc26xx.a(csma.o)
                0x000000000000eb34                csma_driver
 .rodata.str1.4
                0x000000000000eb50        0xb contiki-srf06-cc26xx.a(contikimac.o)
                                          0xc (size before relaxing)